11-30 20:57:00.448  1794  1997 E installd: Failed to unlink /data//dalvik-cache/x86/.booting: No such file or directory
11-30 20:57:00.448  2419  2419 E ActivityThread: Failed to find provider info for com.google.android.gsf.gservices
11-30 20:57:00.448  1951  1975 W ActivityManager: Unable to mark boot complete for abi: x86 (android.os.ServiceSpecificException: Failed to unlink /data//dalvik-cache/x86/.booting (code 2))
11-30 20:57:00.448  1794  1997 E installd: Failed to unlink /data//dalvik-cache/arm/.booting: No such file or directory
11-30 20:57:00.448  1951  1975 W ActivityManager: Unable to mark boot complete for abi: armeabi-v7a (android.os.ServiceSpecificException: Failed to unlink /data//dalvik-cache/arm/.booting (code 2))
11-30 20:57:00.448  2419  2419 E ActivityThread: Failed to find provider info for com.google.android.gsf.gservices
11-30 20:57:00.449  1951  1975 I SystemServiceManager: Starting phase 1000
11-30 20:57:00.451  2090  2090 E ActivityThread: Failed to find provider info for com.google.android.gsf.gservices
11-30 20:57:00.454  1951  1951 V SettingsProvider: Notifying for 0: content://settings/global/low_power
11-30 20:57:00.454  2090  2090 E ActivityThread: Failed to find provider info for com.google.android.gsf.gservices
11-30 20:57:00.455  1951  1951 V SettingsProvider: Notifying for 0: content://settings/global/adb_enabled
11-30 20:57:00.455  2419  2419 E ActivityThread: Failed to find provider info for com.google.android.gsf.gservices
11-30 20:57:00.457  2090  2090 E ActivityThread: Failed to find provider info for com.google.android.gsf.gservices
11-30 20:57:00.457  2419  2419 E ActivityThread: Failed to find provider info for com.google.android.gsf.gservices
11-30 20:57:00.458  2090  2090 E ActivityThread: Failed to find provider info for com.google.android.gsf.gservices
11-30 20:57:00.460  1951  1951 V SettingsProvider: Notifying for 0: content://settings/secure/trust_agents_initialized
11-30 20:57:00.461  2090  2090 E ActivityThread: Failed to find provider info for com.google.android.gsf.gservices
11-30 20:57:00.462  2090  2090 E ActivityThread: Failed to find provider info for com.google.android.gsf.gservices
11-30 20:57:00.470  1951  1975 D ActivityManager: Finishing user boot 0
11-30 20:57:00.470  1951  1975 I ActivityManager: User 0 state changed from BOOTING to RUNNING_LOCKED
11-30 20:57:00.473  1951  1975 D ActivityManager: Started unlocking user 0
11-30 20:57:00.473  1951  1975 D ActivityManager: Unlocking user 0 progress 0
11-30 20:57:00.473  1951  1975 D ActivityManager: Unlocking user 0 progress 5
11-30 20:57:00.479  1591  1591 D vold    : e4crypt_prepare_user_storage for volume null, user 0, serial 0, flags 2
11-30 20:57:00.479  1591  1591 D vold    : Preparing: /data/system_ce/0
11-30 20:57:00.479  1591  1591 D vold    : Preparing: /data/misc_ce/0
11-30 20:57:00.479  1591  1591 D vold    : Preparing: /data/vendor_ce/0
11-30 20:57:00.479  1591  1591 D vold    : Preparing: /data/media/0
11-30 20:57:00.479  1591  1591 D vold    : Preparing: /data/data
11-30 20:57:00.479  1591  1591 V vold    : Starting restorecon of /data/system_ce/0
11-30 20:57:00.487  2090  2090 I DynamiteModule: Considering local module com.google.android.gms.googlecertificates:4 and remote module com.google.android.gms.googlecertificates:4
11-30 20:57:00.487  2090  2090 I DynamiteModule: Selected local version of com.google.android.gms.googlecertificates
11-30 20:57:00.495  1951  1969 I ActivityManager: Start proc 2474:com.google.android.ext.services/u0a19 for on-hold
11-30 20:57:00.501  2090  2090 E ActivityThread: Failed to find provider info for com.google.android.gsf.gservices
11-30 20:57:00.505  2419  2419 E ActivityThread: Failed to find provider info for com.google.android.gsf.gservices
11-30 20:57:00.507  2090  2090 E ActivityThread: Failed to find provider info for com.google.android.gsf.gservices
11-30 20:57:00.512  2186  2186 I ImsExternalCallTracker: handleVideoCapabilitiesChanged : isVideoCapable = false
11-30 20:57:00.512  2186  2186 D ImsExternalCallTracker: refreshCallPullState
11-30 20:57:00.512  2186  2186 I TelecomFramework: PstnPhoneCapabilitiesNotifier: handleVideoCapabilitesChanged. Video capability - false
11-30 20:57:00.516  2419  2419 E ActivityThread: Failed to find provider info for com.google.android.gsf.gservices
11-30 20:57:00.520  2471  2471 I bootstat: Service started: /system/bin/bootstat --set_system_boot_reason --record_boot_complete --record_boot_reason --record_time_since_factory_reset -l 
11-30 20:57:00.519  2419  2419 I chatty  : uid=10014(com.google.android.gms) identical 2 lines
11-30 20:57:00.525  2419  2419 E ActivityThread: Failed to find provider info for com.google.android.gsf.gservices
11-30 20:57:00.525  1951  2280 I Telecom : PhoneAccountRegistrar: Modify account: [ComponentInfo{com.android.phone/com.android.services.telephony.TelephonyConnectionService}, ***, UserHandle{0}]: TSI.rPA@ABk
11-30 20:57:00.526  2419  2419 E ActivityThread: Failed to find provider info for com.google.android.gsf.gservices
11-30 20:57:00.529  2100  2100 I ImageWallpaper: Redrawing in rect: RectF(0.0, 0.0, 2621.9531, 2160.0) with surface size: 1243x2160
11-30 20:57:00.530  2474  2474 W id.ext.service: Unexpected CPU variant for X86 using defaults: x86
11-30 20:57:00.530  2100  2370 D EGL_emulation: eglMakeCurrent: 0xccdb8600: ver 3 1 (tinfo 0xdf9a2d70)
11-30 20:57:00.533  1647  1701 D gralloc_ranchu: gralloc_alloc: Creating ashmem region of size 10739712
11-30 20:57:00.534  2100  2100 I ImageWallpaper: Redrawing in rect: RectF(0.0, 0.0, 2621.9531, 2160.0) with surface size: 1243x2160
11-30 20:57:00.530  2419  2419 E ActivityThread: Failed to find provider info for com.google.android.gsf.gservices
11-30 20:57:00.534  2090  2090 E ActivityThread: Failed to find provider info for com.google.android.gsf.gservices
11-30 20:57:00.536  2090  2090 I chatty  : uid=10014 com.google.android.gms.persistent identical 2 lines
11-30 20:57:00.538  2090  2090 E ActivityThread: Failed to find provider info for com.google.android.gsf.gservices
11-30 20:57:00.539  2419  2419 E ActivityThread: Failed to find provider info for com.google.android.gsf.gservices
11-30 20:57:00.547  2186  2186 D TelephonyProvider: subIdString = 1 subId = 1
11-30 20:57:00.547  2186  2186 D TelephonyProvider: getPreferredApnIdFromApn: for subId 1
11-30 20:57:00.587  1647  1701 D gralloc_ranchu: gralloc_alloc: Creating ashmem region of size 10739712
11-30 20:57:00.601  2419  2419 W PrimesInit: Primes instant initialization
11-30 20:57:00.625  2090  2450 I NativeLibraryUtils: Extraction to /data/user_de/0/com.google.android.gms/app_extracted_libs/x86/libjingle_peerconnection_so.so true
11-30 20:57:00.626  2419  2419 I chatty  : uid=10014(com.google.android.gms) identical 17 lines
11-30 20:57:00.627  2419  2419 E ActivityThread: Failed to find provider info for com.google.android.gsf.gservices
11-30 20:57:00.628  1591  1591 V vold    : Finished restorecon of /data/system_ce/0
11-30 20:57:00.628  1591  1591 V vold    : Starting restorecon of /data/misc_ce/0
11-30 20:57:00.638  2419  2419 E ActivityThread: Failed to find provider info for com.google.android.gsf.gservices
11-30 20:57:00.639  2419  2490 W Primes  : background initialization
11-30 20:57:00.640  2419  2419 E ActivityThread: Failed to find provider info for com.google.android.gsf.gservices
11-30 20:57:00.641  2419  2490 E ActivityThread: Failed to find provider info for com.google.android.gsf.gservices
11-30 20:57:00.641  2419  2419 E ActivityThread: Failed to find provider info for com.google.android.gsf.gservices
11-30 20:57:00.648  2474  2474 I id.ext.service: The ClassLoaderContext is a special shared library.
11-30 20:57:00.680  2090  2450 I NativeLibraryUtils: Extraction to /data/user_de/0/com.google.android.gms/app_extracted_libs/x86/libleveldbjni.so true
11-30 20:57:00.645  2419  2419 I chatty  : uid=10014(com.google.android.gms) identical 1 line
11-30 20:57:00.675  2419  2419 E ActivityThread: Failed to find provider info for com.google.android.gsf.gservices
11-30 20:57:00.682  1591  1591 V vold    : Finished restorecon of /data/misc_ce/0
11-30 20:57:00.682  1591  1591 V vold    : /system/bin/vold_prepare_subdirs
11-30 20:57:00.682  1591  1591 V vold    :     prepare
11-30 20:57:00.682  1591  1591 V vold    :     
11-30 20:57:00.682  1591  1591 V vold    :     0
11-30 20:57:00.682  1591  1591 V vold    :     2
11-30 20:57:00.695  2419  2419 E ActivityThread: Failed to find provider info for com.google.android.gsf.gservices
11-30 20:57:00.701  2090  2450 I NativeLibraryUtils: Extraction to /data/user_de/0/com.google.android.gms/app_extracted_libs/x86/libsslwrapper_jni.so true
11-30 20:57:00.711  2090  2090 E ActivityThread: Failed to find provider info for com.google.android.gsf.gservices
11-30 20:57:00.714  1591  1591 I vold_prepare_subdirs: SELinux: Loaded file_contexts
11-30 20:57:00.715  2499  2499 D vold_prepare_subdirs: Setting up mode 700 uid 0 gid 0 context u:object_r:vold_data_file:s0 on path: /data/misc_ce/0/vold
11-30 20:57:00.715  2499  2499 D vold_prepare_subdirs: Setting up mode 700 uid 0 gid 0 context u:object_r:storaged_data_file:s0 on path: /data/misc_ce/0/storaged
11-30 20:57:00.712  2090  2090 E ActivityThread: Failed to find provider info for com.google.android.gsf.gservices
11-30 20:57:00.718  1951  1973 V UserDataPreparer: Found /data/user/0 with serial number 0
11-30 20:57:00.718  1951  1973 V UserDataPreparer: Found /data/system_ce/0 with serial number -1
11-30 20:57:00.719  1951  1973 D UserDataPreparer: Serial number missing on /data/system_ce/0; assuming current is valid
11-30 20:57:00.719  1951  1973 D UserDataPreparer: Setting property: sys.user.0.ce_available=true
11-30 20:57:00.723  2090  2090 E ActivityThread: Failed to find provider info for com.google.android.gsf.gservices
11-30 20:57:00.737  2100  2100 I ImageWallpaper: Redrawing in rect: RectF(0.0, 0.0, 2621.9531, 2160.0) with surface size: 1243x2160
11-30 20:57:00.727  2090  2090 I chatty  : uid=10014 com.google.android.gms.persistent identical 1 line
11-30 20:57:00.730  2090  2090 E ActivityThread: Failed to find provider info for com.google.android.gsf.gservices
11-30 20:57:00.741  1951  1973 V PackageManager: reconcileAppsData for null u0 0x2 migrateAppData=true
11-30 20:57:00.743  2474  2502 D ExtAssistant: File doesn't exist or isn't readable yet
11-30 20:57:00.746  1951  1951 V SettingsProvider: Notifying for 0: content://settings/global/preferred_network_mode1
11-30 20:57:00.757  2090  2090 E ActivityThread: Failed to find provider info for com.google.android.gsf.gservices
11-30 20:57:00.762  2419  2419 E ActivityThread: Failed to find provider info for com.google.android.gsf.gservices
11-30 20:57:00.765  2186  2186 I TelecomFramework: PstnIncomingCallNotifier: Unregistering: Handler (com.android.internal.telephony.GsmCdmaPhone) {4e4350d}
11-30 20:57:00.765  1647  1701 D gralloc_ranchu: gralloc_alloc: Creating ashmem region of size 10739712
11-30 20:57:00.767  2100  2100 I ImageWallpaper: Redrawing in rect: RectF(0.0, 0.0, 2621.9531, 2160.0) with surface size: 1243x2160
11-30 20:57:00.779  2090  2450 I NativeLibraryUtils: Extraction to /data/user_de/0/com.google.android.gms/app_extracted_libs/x86/libvcdiffjni.so true
11-30 20:57:00.790  2090  2450 I NativeLibraryUtils: Extraction to /data/user_de/0/com.google.android.gms/app_extracted_libs/x86/libwearable-selector.so true
11-30 20:57:00.796  1951  2039 I Telecom : PhoneAccountRegistrar: Modify account: [ComponentInfo{com.android.phone/com.android.services.telephony.TelephonyConnectionService}, ***, UserHandle{0}]: TSI.rPA@ABo
11-30 20:57:00.801  2186  2186 I TelecomFramework: AccountEntry: Registered phoneAccount: [[ ] PhoneAccount: ComponentInfo{com.android.phone/com.android.services.telephony.TelephonyConnectionService}, ***, UserHandle{0} Capabilities: CallProvider MultiUser PlaceEmerg SimSub  Audio Routes: BESW Schemes: tel voicemail  Extras: Bundle[{android.telecom.extra.SUPPORTS_VIDEO_CALLING_FALLBACK=true}] GroupId: ***] with handle: ComponentInfo{com.android.phone/com.android.services.telephony.TelephonyConnectionService}, ***, UserHandle{0}
11-30 20:57:00.802  2186  2186 I TelecomFramework: PstnIncomingCallNotifier: Registering: Handler (com.android.internal.telephony.GsmCdmaPhone) {4e4350d}
11-30 20:57:00.802  2471  2471 I bootstat: Battery level at startup 100%
11-30 20:57:00.802  2471  2471 I bootstat: Canonical boot reason: reboot
11-30 20:57:00.805  2471  2471 E bootstat: Failed to read /data/misc/bootstat/last_boot_time_utc: No such file or directory
11-30 20:57:00.805  2471  2471 E bootstat: Failed to parse boot time record: /data/misc/bootstat/last_boot_time_utc
11-30 20:57:00.805  2471  2471 E bootstat: Failed to read /data/misc/bootstat/build_date: No such file or directory
11-30 20:57:00.805  2471  2471 E bootstat: Failed to parse boot time record: /data/misc/bootstat/build_date
11-30 20:57:00.805  2471  2471 I bootstat: Canonical boot reason: reboot,factory_reset
11-30 20:57:00.812  2471  2471 E bootstat: Failed to read /data/misc/bootstat/factory_reset: No such file or directory
11-30 20:57:00.812  2471  2471 E bootstat: Failed to parse boot time record: /data/misc/bootstat/factory_reset
11-30 20:57:00.819  2186  2404 D IntentBroadcaster: Broadcasting and adding intent for rebroadcast: android.intent.action.SIM_STATE_CHANGED LOADED for slotId 0
11-30 20:57:00.819  1951  2288 W ContextImpl: Calling a method in the system process without a qualified user: android.app.ContextImpl.sendBroadcastAsUserMultiplePermissions:1053 com.android.server.TelephonyRegistry.broadcastCallStateChanged:1602 com.android.server.TelephonyRegistry.notifyCallStateForPhoneId:793 com.android.internal.telephony.ITelephonyRegistry$Stub.onTransact:122 android.os.Binder.execTransact:731 
11-30 20:57:00.827  2419  2419 E ActivityThread: Failed to find provider info for com.google.android.gsf.gservices
11-30 20:57:00.830  2419  2506 E ActivityThread: Failed to find provider info for com.google.android.gsf.gservices
11-30 20:57:00.837  1951  1962 W BroadcastQueue: Background execution not allowed: receiving Intent { act=android.location.PROVIDERS_CHANGED flg=0x10 } to com.google.android.gms/.chimera.GmsIntentOperationService$PersistentTrustedReceiver
11-30 20:57:00.838  1951  1967 W BroadcastQueue: Background execution not allowed: receiving Intent { act=android.location.MODE_CHANGED flg=0x10 } to com.google.android.gms/.chimera.GmsIntentOperationService$PersistentTrustedReceiver
11-30 20:57:00.840  1951  1951 W BroadcastQueue: Background execution not allowed: receiving Intent { act=android.intent.action.ACTION_POWER_DISCONNECTED flg=0x4000010 (has extras) } to com.google.android.gms/.chimera.GmsIntentOperationService$PersistentTrustedReceiver
11-30 20:57:00.841  2419  2508 E ActivityThread: Failed to find provider info for com.google.android.gsf.gservices
11-30 20:57:00.843  1951  1967 W BroadcastQueue: Permission Denial: broadcasting Intent { act=com.google.android.gsf.settings.GoogleLocationSettings.UPDATE_LOCATION_SETTINGS flg=0x10 } from com.google.android.setupwizard (pid=2256, uid=10027) is not exported from uid 10014 due to receiver com.google.android.gms/.chimera.GmsIntentOperationService$PersistentInternalReceiver
11-30 20:57:00.857  1654  1654 I qemu-props: tell the host boot completed
11-30 20:57:00.872  2186  2404 D CarrierConfigLoader: update config for phoneId: 0 simState: LOADED
11-30 20:57:00.873  2186  2404 D CarrierSvcBindHelper: update binding for phoneId: 0 simState: LOADED
11-30 20:57:00.904  2419  2508 E ActivityThread: Failed to find provider info for com.google.android.gsf.gservices
11-30 20:57:00.919  2100  2100 I ImageWallpaper: Redrawing in rect: RectF(0.0, 0.0, 2621.9531, 2160.0) with surface size: 1243x2160
11-30 20:57:00.923  2100  2100 I ImageWallpaper: Redrawing in rect: RectF(0.0, 0.0, 2621.9531, 2160.0) with surface size: 1243x2160
11-30 20:57:00.923  2100  2100 I Choreographer: Skipped 43 frames!  The application may be doing too much work on its main thread.
11-30 20:57:00.933  2186  2186 D CallNotifier: updatePhoneStateListeners: update CF notifications.
11-30 20:57:00.929  2419  2508 I chatty  : uid=10014(com.google.android.gms) identical 2 lines
11-30 20:57:00.930  2419  2508 E ActivityThread: Failed to find provider info for com.google.android.gsf.gservices
11-30 20:57:00.933  2186  2186 I TelecomFramework: PstnIncomingCallNotifier: Unregistering: Handler (com.android.internal.telephony.GsmCdmaPhone) {4e4350d}
11-30 20:57:00.939  2100  2370 D EGL_emulation: eglMakeCurrent: 0xccdb8600: ver 3 1 (tinfo 0xdf9a2d70)
11-30 20:57:00.951  2100  2370 I OpenGLRenderer: Davey! duration=757ms; Flags=0, IntendedVsync=27249472282, Vsync=27966138920, OldestInputEvent=9223372036854775807, NewestInputEvent=0, HandleInputStart=27980974600, AnimationStart=27981028700, PerformTraversalsStart=27994842300, DrawStart=27995915700, SyncQueued=27996270300, SyncStart=27997526400, IssueDrawCommandsStart=27997617200, SwapBuffers=28003468600, FrameCompleted=28008128300, DequeueBufferDuration=381000, QueueBufferDuration=438000, 
11-30 20:57:00.961  1951  2039 I Telecom : PhoneAccountRegistrar: Modify account: [ComponentInfo{com.android.phone/com.android.services.telephony.TelephonyConnectionService}, ***, UserHandle{0}]: TSI.rPA@AB0
11-30 20:57:00.964  2186  2186 I TelecomFramework: AccountEntry: Registered phoneAccount: [[ ] PhoneAccount: ComponentInfo{com.android.phone/com.android.services.telephony.TelephonyConnectionService}, ***, UserHandle{0} Capabilities: CallProvider MultiUser PlaceEmerg SimSub  Audio Routes: BESW Schemes: tel voicemail  Extras: Bundle[{android.telecom.extra.SUPPORTS_VIDEO_CALLING_FALLBACK=true}] GroupId: ***] with handle: ComponentInfo{com.android.phone/com.android.services.telephony.TelephonyConnectionService}, ***, UserHandle{0}
11-30 20:57:00.964  2186  2186 I TelecomFramework: PstnIncomingCallNotifier: Registering: Handler (com.android.internal.telephony.GsmCdmaPhone) {4e4350d}
11-30 20:57:00.971  2186  2186 D CallNotifier: updatePhoneStateListeners: update CF notifications.
11-30 20:57:00.971  2186  2186 I NotificationMgr: updateMwi(): subId 1 update to false
11-30 20:57:00.975  2100  2370 D EGL_emulation: eglMakeCurrent: 0xccdb8600: ver 3 1 (tinfo 0xdf9a2d70)
11-30 20:57:00.975  1951  1969 I ActivityManager: Start proc 2514:com.google.android.deskclock/u0a67 for broadcast com.google.android.deskclock/com.android.deskclock.AlarmInitReceiver
11-30 20:57:00.978  2100  2370 I OpenGLRenderer: Davey! duration=785ms; Flags=0, IntendedVsync=27249472282, Vsync=27966138920, OldestInputEvent=9223372036854775807, NewestInputEvent=0, HandleInputStart=27980974600, AnimationStart=27981028700, PerformTraversalsStart=27994842300, DrawStart=28028857500, SyncQueued=28031521500, SyncStart=28032736900, IssueDrawCommandsStart=28032847600, SwapBuffers=28034076400, FrameCompleted=28035935700, DequeueBufferDuration=687000, QueueBufferDuration=666000, 
11-30 20:57:00.979  2514  2514 W droid.deskcloc: Unexpected CPU variant for X86 using defaults: x86
11-30 20:57:00.992  2186  2186 I CallNotifier: onCallForwardingIndicatorChanged(): subId=1, visible=N
11-30 20:57:00.995  2186  2186 D CallNotifier: updatePhoneStateListeners: update CF notifications.
11-30 20:57:00.995  2186  2186 I NotificationMgr: updateCfi: subId= 1, visible=N
11-30 20:57:00.997  2186  2186 I NotificationMgr: updateMwi(): subId 1 update to false
11-30 20:57:01.005  2100  2100 W KeyguardUpdateMonitor: invalid subId in handleServiceStateChange()
11-30 20:57:01.009  1951  1951 V SettingsProvider: Notifying for 0: content://settings/system/screen_off_timeout
11-30 20:57:01.017  2514  2514 I droid.deskcloc: The ClassLoaderContext is a special shared library.
11-30 20:57:01.019  2514  2514 I droid.deskcloc: The ClassLoaderContext is a special shared library.
11-30 20:57:01.024  2186  2186 D CallNotifier: updatePhoneStateListeners: update CF notifications.
11-30 20:57:01.025  2186  2186 I NotificationMgr: updateCfi: subId= 1, visible=N
11-30 20:57:01.028  2186  2186 I NotificationMgr: updateMwi(): subId 1 update to false
11-30 20:57:01.043  2100  2100 E StatusBarSignalPolicy: Unexpected subscription 1
11-30 20:57:01.043  2100  2100 W KeyguardUpdateMonitor: invalid subId in handleServiceStateChange()
11-30 20:57:01.043  2100  2100 W KeyguardUpdateMonitor: invalid subId in handleSimStateChange()
11-30 20:57:01.048  2100  2100 W System  : ClassLoader referenced unknown path: 
11-30 20:57:01.057  2186  2186 I TelecomFramework: PstnIncomingCallNotifier: Unregistering: Handler (com.android.internal.telephony.GsmCdmaPhone) {4e4350d}
11-30 20:57:01.077  1951  1962 I Telecom : PhoneAccountRegistrar: Modify account: [ComponentInfo{com.android.phone/com.android.services.telephony.TelephonyConnectionService}, ***, UserHandle{0}]: TSI.rPA@ACY
11-30 20:57:01.079  2186  2186 I TelecomFramework: AccountEntry: Registered phoneAccount: [[ ] PhoneAccount: ComponentInfo{com.android.phone/com.android.services.telephony.TelephonyConnectionService}, ***, UserHandle{0} Capabilities: CallProvider MultiUser PlaceEmerg SimSub  Audio Routes: BESW Schemes: tel voicemail  Extras: Bundle[{android.telecom.extra.SUPPORTS_VIDEO_CALLING_FALLBACK=true}] GroupId: ***] with handle: ComponentInfo{com.android.phone/com.android.services.telephony.TelephonyConnectionService}, ***, UserHandle{0}
11-30 20:57:01.079  2186  2186 I TelecomFramework: PstnIncomingCallNotifier: Registering: Handler (com.android.internal.telephony.GsmCdmaPhone) {4e4350d}
11-30 20:57:01.083  2186  2186 I ImsExternalCallTracker: handleVideoCapabilitiesChanged : isVideoCapable = false
11-30 20:57:01.083  2186  2186 D ImsExternalCallTracker: refreshCallPullState
11-30 20:57:01.083  2186  2186 I TelecomFramework: PstnPhoneCapabilitiesNotifier: handleVideoCapabilitesChanged. Video capability - false
11-30 20:57:01.084  2186  2186 D TelephonyProvider: subIdString = 1 subId = 1
11-30 20:57:01.084  2186  2186 D TelephonyProvider: getPreferredApnIdFromApn: for subId 1
11-30 20:57:01.086  2514  2514 I GAv4    : Google Analytics 11.0.58 is starting up. To enable debug logging on a device run:
11-30 20:57:01.086  2514  2514 I GAv4    :   adb shell setprop log.tag.GAv4 DEBUG
11-30 20:57:01.086  2514  2514 I GAv4    :   adb logcat -s GAv4
11-30 20:57:01.087  2186  2186 D CarrierIdProvider: updateCarrierIdForSubId: 1
11-30 20:57:01.092  2186  2186 I CallNotifier: onCallForwardingIndicatorChanged(): subId=1, visible=N
11-30 20:57:01.094  2186  2186 D CallNotifier: updatePhoneStateListeners: update CF notifications.
11-30 20:57:01.094  2186  2186 I NotificationMgr: updateCfi: subId= 1, visible=N
11-30 20:57:01.095  2186  2186 I NotificationMgr: updateMwi(): subId 1 update to false
11-30 20:57:01.104  1789  2362 W SurfaceFlinger: Attempting to destroy on removed layer: 51a1f70 DockedStackDivider#0
11-30 20:57:01.111  2514  2514 I AlarmClock: AlarmInitReceiver android.intent.action.TIMEZONE_CHANGED
11-30 20:57:01.111  2186  2186 D CallNotifier: updatePhoneStateListeners: update CF notifications.
11-30 20:57:01.111  2186  2186 I NotificationMgr: updateCfi: subId= 1, visible=N
11-30 20:57:01.113  2186  2186 I NotificationMgr: updateMwi(): subId 1 update to false
11-30 20:57:01.124  2186  2186 I TelecomFramework: PstnIncomingCallNotifier: Unregistering: Handler (com.android.internal.telephony.GsmCdmaPhone) {4e4350d}
11-30 20:57:01.136  1951  1962 I Telecom : PhoneAccountRegistrar: Modify account: [ComponentInfo{com.android.phone/com.android.services.telephony.TelephonyConnectionService}, ***, UserHandle{0}]: TSI.rPA@AC0
11-30 20:57:01.139  2186  2186 I TelecomFramework: AccountEntry: Registered phoneAccount: [[ ] PhoneAccount: ComponentInfo{com.android.phone/com.android.services.telephony.TelephonyConnectionService}, ***, UserHandle{0} Capabilities: CallProvider MultiUser PlaceEmerg SimSub  Audio Routes: BESW Schemes: tel voicemail  Extras: Bundle[{android.telecom.extra.SUPPORTS_VIDEO_CALLING_FALLBACK=true}] GroupId: ***] with handle: ComponentInfo{com.android.phone/com.android.services.telephony.TelephonyConnectionService}, ***, UserHandle{0}
11-30 20:57:01.140  2186  2186 I TelecomFramework: PstnIncomingCallNotifier: Registering: Handler (com.android.internal.telephony.GsmCdmaPhone) {4e4350d}
11-30 20:57:01.142  2186  2186 D CarrierConfigLoader: mHandler: 7 phoneId: 0
11-30 20:57:01.144  2186  2186 E CarrierConfigLoader: java.io.FileNotFoundException: /data/user_de/0/com.android.phone/files/carrierconfig-com.android.carrierconfig-89014103211118510720.xml (No such file or directory)
11-30 20:57:01.144  2186  2186 D CarrierConfigLoader: Binding to com.android.carrierconfig for phone 0
11-30 20:57:01.147  2186  2186 D CarrierSvcBindHelper: mHandler: 0
11-30 20:57:01.147  2186  2186 D CarrierSvcBindHelper: Rebinding if necessary for phoneId: 0
11-30 20:57:01.148  1951  1969 I ActivityManager: Start proc 2535:com.google.android.dialer/u0a20 for broadcast com.google.android.dialer/com.android.dialer.app.voicemail.LegacyVoicemailNotificationReceiver
11-30 20:57:01.150  2186  2186 D CarrierSvcBindHelper: No carrier app for: 0
11-30 20:57:01.152  2186  2186 D CallNotifier: updatePhoneStateListeners: update CF notifications.
11-30 20:57:01.152  2186  2186 I NotificationMgr: updateCfi: subId= 1, visible=N
11-30 20:57:01.153  2186  2186 I NotificationMgr: updateMwi(): subId 1 update to false
11-30 20:57:01.155  2514  2534 I AlarmClock: Alarms table created
11-30 20:57:01.156  2514  2534 I AlarmClock: Alarm instance table created
11-30 20:57:01.158  2186  2186 I TelecomFramework: PstnIncomingCallNotifier: Unregistering: Handler (com.android.internal.telephony.GsmCdmaPhone) {4e4350d}
11-30 20:57:01.160  1647  1701 D gralloc_ranchu: gralloc_alloc: Creating ashmem region of size 24576
11-30 20:57:01.169  2535  2535 W .android.diale: Unexpected CPU variant for X86 using defaults: x86
11-30 20:57:01.169  1647  1701 D gralloc_ranchu: gralloc_alloc: Creating ashmem region of size 24576
11-30 20:57:01.172  1951  1962 I Telecom : PhoneAccountRegistrar: Modify account: [ComponentInfo{com.android.phone/com.android.services.telephony.TelephonyConnectionService}, ***, UserHandle{0}]: TSI.rPA@ADI
11-30 20:57:01.175  2186  2186 I TelecomFramework: AccountEntry: Registered phoneAccount: [[ ] PhoneAccount: ComponentInfo{com.android.phone/com.android.services.telephony.TelephonyConnectionService}, ***, UserHandle{0} Capabilities: CallProvider MultiUser PlaceEmerg SimSub  Audio Routes: BESW Schemes: tel voicemail  Extras: Bundle[{android.telecom.extra.SUPPORTS_VIDEO_CALLING_FALLBACK=true}] GroupId: ***] with handle: ComponentInfo{com.android.phone/com.android.services.telephony.TelephonyConnectionService}, ***, UserHandle{0}
11-30 20:57:01.175  2186  2186 I TelecomFramework: PstnIncomingCallNotifier: Registering: Handler (com.android.internal.telephony.GsmCdmaPhone) {4e4350d}
11-30 20:57:01.172  1647  1701 I chatty  : uid=1000(system) HwBinder:1647_2 identical 1 line
11-30 20:57:01.175  1647  1701 D gralloc_ranchu: gralloc_alloc: Creating ashmem region of size 24576
11-30 20:57:01.181  2514  2534 I AlarmClock: Inserted sample alarms
11-30 20:57:01.184  2186  2186 D CallNotifier: updatePhoneStateListeners: update CF notifications.
11-30 20:57:01.184  2186  2186 I NotificationMgr: updateCfi: subId= 1, visible=N
11-30 20:57:01.184  2100  2370 D EGL_emulation: eglMakeCurrent: 0xccdb8600: ver 3 1 (tinfo 0xdf9a2d70)
11-30 20:57:01.184  2186  2186 I NotificationMgr: updateMwi(): subId 1 update to false
11-30 20:57:01.186  1951  1969 I ActivityManager: Start proc 2541:com.android.carrierconfig/u0a34 for service com.android.carrierconfig/.DefaultCarrierConfigService
11-30 20:57:01.192  2541  2541 W d.carrierconfi: Unexpected CPU variant for X86 using defaults: x86
11-30 20:57:01.205  2186  2186 I ImsExternalCallTracker: handleVideoCapabilitiesChanged : isVideoCapable = false
11-30 20:57:01.205  2186  2186 D ImsExternalCallTracker: refreshCallPullState
11-30 20:57:01.205  2186  2186 I TelecomFramework: PstnPhoneCapabilitiesNotifier: handleVideoCapabilitesChanged. Video capability - false
11-30 20:57:01.210  2514  2534 I AlarmClock: Removing AlarmClockInfo
11-30 20:57:01.211  2186  2186 D TelephonyProvider: subIdString = 1 subId = 1
11-30 20:57:01.211  2186  2186 D TelephonyProvider: getPreferredApnIdFromApn: for subId 1
11-30 20:57:01.223  1951  2043 I chatty  : uid=1000(system) NetworkStats expire 3 lines
11-30 20:57:01.230  2186  2200 W System  : A resource failed to call close. 
11-30 20:57:01.231  1951  1973 V PackageManager: reconcileAppsData finished 108 packages
11-30 20:57:01.231  1951  1973 I ActivityManager: User 0 state changed from RUNNING_LOCKED to RUNNING_UNLOCKING
11-30 20:57:01.231  1951  1973 D ActivityManager: Unlocking user 0 progress 20
11-30 20:57:01.232  1951  1973 W Looper  : Slow dispatch took 755ms android.fg h=android.os.Handler c=com.android.server.am.-$$Lambda$UserController$o6oQFjGYYIfx-I94cSakTLPLt6s@f6fcc49 m=0
11-30 20:57:01.232  1951  1967 I SystemServiceManager: Calling onUnlockUser u0
11-30 20:57:01.233  1951  1967 D StorageManagerService: onUnlockUser 0
11-30 20:57:01.234  1591  1591 D vold    : Linking /storage/emulated/0 to /mnt/user/0/primary
11-30 20:57:01.235  1951  1973 W Looper  : Slow delivery took 723ms android.fg h=com.android.server.DropBoxManagerService$3 c=null m=1
11-30 20:57:01.236  2535  2535 I .android.diale: The ClassLoaderContext is a special shared library.
11-30 20:57:01.239  1951  2024 D StorageManagerService: Volume public:253,80 broadcasting mounted to UserHandle{0}
11-30 20:57:01.240  1951  2024 D StorageManagerService: Volume emulated broadcasting mounted to UserHandle{0}
11-30 20:57:01.240  1951  1973 W Looper  : Drained
11-30 20:57:01.261  2514  2514 I AlarmClock: AlarmInitReceiver android.intent.action.TIME_SET
11-30 20:57:01.276  1951  1969 I ActivityManager: Start proc 2574:com.google.process.gservices/u0a14 for content provider com.google.android.gsf/.gservices.GservicesProvider
11-30 20:57:01.277  1951  1962 D ConnectivityService: registerNetworkAgent NetworkAgentInfo{ ni{[type: MOBILE[LTE], state: CONNECTED/CONNECTED, reason: connected, extra: epc.tmobile.com, failover: false, available: true, roaming: false]}  network{100}  nethandle{432902426637}  lp{{InterfaceName: radio0 LinkAddresses: [192.168.200.2/24,fe80::f088:45ff:fee3:affa/64,fec0::f088:45ff:fee3:affa/64,fec0::5d47:aeae:184b:6dda/64,]  Routes: [0.0.0.0/0 -> 192.168.200.1 radio0,192.168.200.0/24 -> 0.0.0.0 radio0,fe80::/64 -> :: radio0,fec0::/64 -> :: radio0,] DnsAddresses: [10.0.2.3,] UsePrivateDns: false PrivateDnsServerName: null Domains: null MTU: 1500 TcpBufferSizes: 524288,1048576,2097152,262144,524288,1048576}}  nc{[ Transports: CELLULAR Capabilities: MMS&SUPL&DUN&FOTA&IMS&CBS&IA&INTERNET&NOT_RESTRICTED&TRUSTED&NOT_VPN&NOT_ROAMING&FOREGROUND&NOT_CONGESTED&NOT_SUSPENDED Unwanted:  LinkUpBandwidth>=51200Kbps LinkDnBandwidth>=102400Kbps Specifier: <1>]}  Score{10}  everValidated{false}  lastValidated{false}  created{false} lingering{false} explicitlySelected{false} acceptUnvalidated{false} everCaptivePortalDetected{false} lastCaptivePortalDetected{false} clat{null} }
11-30 20:57:01.277  1951  2051 D ConnectivityService: NetworkAgentInfo [MOBILE (LTE) - 100] EVENT_NETWORK_INFO_CHANGED, going from null to CONNECTED
11-30 20:57:01.277  1951  2572 V BackupManagerService: Starting with transport com.google.android.gms/.backup.BackupTransportService
11-30 20:57:01.277  2541  2541 I d.carrierconfi: The ClassLoaderContext is a special shared library.
11-30 20:57:01.278  1800  1881 D TcpSocketMonitor: resuming tcpinfo polling (interval=30000ms)
11-30 20:57:01.279  1951  2051 W DnsManager: updatePrivateDns(100, PrivateDnsConfig{true:/[]})
11-30 20:57:01.279  1951  2051 D ConnectivityService: Setting DNS servers for network 100 to [/10.0.2.3]
11-30 20:57:01.279  1951  2051 D DnsManager: setDnsConfigurationForNetwork(100, [10.0.2.3], [], [1800, 25, 8, 64], , [10.0.2.3])
11-30 20:57:01.280  1951  2051 D ConnectivityService: Adding iface radio0 to network 100
11-30 20:57:01.283  2186  2186 I ImsExternalCallTracker: handleVideoCapabilitiesChanged : isVideoCapable = false
11-30 20:57:01.283  2186  2186 D ImsExternalCallTracker: refreshCallPullState
11-30 20:57:01.283  2186  2186 I TelecomFramework: PstnPhoneCapabilitiesNotifier: handleVideoCapabilitesChanged. Video capability - false
11-30 20:57:01.289  2186  2186 I ImsExternalCallTracker: handleVideoCapabilitiesChanged : isVideoCapable = false
11-30 20:57:01.289  2186  2186 D ImsExternalCallTracker: refreshCallPullState
11-30 20:57:01.289  2186  2186 I ImsExternalCallTracker: handleVideoCapabilitiesChanged : isVideoCapable = false
11-30 20:57:01.289  2186  2186 D ImsExternalCallTracker: refreshCallPullState
11-30 20:57:01.289  2186  2186 I chatty  : uid=1001(radio) com.android.phone identical 1 line
11-30 20:57:01.289  2186  2186 I TelecomFramework: PstnPhoneCapabilitiesNotifier: handleVideoCapabilitesChanged. Video capability - false
11-30 20:57:01.290  1951  2051 E ConnectivityService: exception in setMtu()java.lang.IllegalStateException: command '34 interface setmtu radio0 1500' failed with '400 34 Failed to set MTU (Permission denied)'
11-30 20:57:01.295  1951  2572 I chatty  : uid=1000(system) backup expire 3 lines
11-30 20:57:01.296  2574  2574 W ocess.gservice: Unexpected CPU variant for X86 using defaults: x86
11-30 20:57:01.296  1951  2572 E BackupPasswordManager: Unable to read backup pw version
11-30 20:57:01.297  1951  2572 E BackupPasswordManager: Unable to read saved backup pw hash
11-30 20:57:01.297  2541  2541 D DefaultCarrierConfigService: Service created
11-30 20:57:01.298  1951  2051 D ConnectivityService: Setting DNS servers for network 100 to [/10.0.2.3]
11-30 20:57:01.298  1951  2051 D DnsManager: setDnsConfigurationForNetwork(100, [10.0.2.3], [], [1800, 25, 8, 64], , [10.0.2.3])
11-30 20:57:01.305  1951  1951 W InputMethodManagerService: Illegal subtype state: old subtype = null, new subtype = android.view.inputmethod.InputMethodSubtype@70bfcd7e
11-30 20:57:01.307  1951  2051 I chatty  : uid=1000(system) ConnectivitySer expire 7 lines
11-30 20:57:01.313  2100  2370 D EGL_emulation: eglMakeCurrent: 0xccdb8600: ver 3 1 (tinfo 0xdf9a2d70)
11-30 20:57:01.318  2535  2535 I Dialer  : GoogleDialerApplication.onCreate - enter
11-30 20:57:01.322  2100  2370 D EGL_emulation: eglMakeCurrent: 0xccdb8600: ver 3 1 (tinfo 0xdf9a2d70)
11-30 20:57:01.322  1951  2572 V BackupManagerService: No ancestral data
11-30 20:57:01.322  1951  1951 V SettingsProvider: Notifying for 0: content://settings/secure/selected_spell_checker
11-30 20:57:01.322  1951  1951 V SettingsProvider: Notifying for 0: content://settings/secure/selected_spell_checker_subtype
11-30 20:57:01.323  1951  1967 E AutofillManagerServiceImpl: Bad AutofillService name: com.google.android.gms/.autofill.service.AutofillService
11-30 20:57:01.324  1951  1967 D AutofillManagerServiceImpl: Reset component for user 0 (com.google.android.gms/.autofill.service.AutofillService)
11-30 20:57:01.325  1951  1967 E AutofillManagerServiceImpl: Bad AutofillService name: com.google.android.gms/.autofill.service.AutofillService
11-30 20:57:01.325  1951  1968 D AutofillUI: destroySaveUiUiThread(): already destroyed
11-30 20:57:01.325  1951  1967 D AutofillManagerServiceImpl: Reset component for user 0 (com.google.android.gms/.autofill.service.AutofillService)
11-30 20:57:01.276  1800  1800 W Binder:1800_2: type=1400 audit(0.0:7): avc: denied { write } for name="mtu" dev="sysfs" ino=14786 scontext=u:r:netd:s0 tcontext=u:object_r:sysfs:s0 tclass=file permissive=0
11-30 20:57:01.326  1951  1967 D FieldClassificationStrategy: reset(): service is not bound. Do nothing.
11-30 20:57:01.326  1951  1967 I ActivityManager: User 0 state changed from RUNNING_UNLOCKING to RUNNING_UNLOCKED
11-30 20:57:01.326  1951  1967 D SystemServerTiming: SystemUserUnlock took to complete: 853ms
11-30 20:57:01.327  1951  1951 V SettingsProvider: Notifying for 0: content://settings/secure/input_methods_subtype_history
11-30 20:57:01.330  2535  2535 I Dialer  : DialerExecutorModule.newThread - creating low priority thread
11-30 20:57:01.331  1951  1962 I Telecom : PhoneAccountRegistrar: Modify account: [ComponentInfo{com.android.phone/com.android.services.telephony.TelephonyConnectionService}, ***, UserHandle{0}]: TSI.rPA@ADc
11-30 20:57:01.333  1951  1967 I chatty  : uid=1000(system) ActivityManager expire 79 lines
11-30 20:57:01.341  2186  2186 D TelephonyProvider: subIdString = 1 subId = 1
11-30 20:57:01.341  2186  2186 D TelephonyProvider: getPreferredApnIdFromApn: for subId 1
11-30 20:57:01.349  2100  2121 I ndroid.systemu: NativeAlloc concurrent copying GC freed 19358(1096KB) AllocSpace objects, 0(0B) LOS objects, 49% free, 4MB/9MB, paused 2.616ms total 163.698ms
11-30 20:57:01.350  2100  2370 D EGL_emulation: eglMakeCurrent: 0xccdb8600: ver 3 1 (tinfo 0xdf9a2d70)
11-30 20:57:01.351  2514  2600 I AlarmClock: Started indexing all application data.
11-30 20:57:01.354  2592  2592 W hbox:interacto: Unexpected CPU variant for X86 using defaults: x86
11-30 20:57:01.354  2574  2574 I ocess.gservice: The ClassLoaderContext is a special shared library.
11-30 20:57:01.355  2574  2574 I ocess.gservice: The ClassLoaderContext is a special shared library.
11-30 20:57:01.364  1951  1973 W AppWidgetServiceImpl: Failed to read state: java.io.FileNotFoundException: /data/system/users/0/appwidgets.xml (No such file or directory)
11-30 20:57:01.365  1951  1973 V AppWidgetServiceImpl: Upgrading widget database from 0 to 1
11-30 20:57:01.366  1951  1973 I AppWidgetServiceImpl: Async processing of onUserUnlocked u0 took 90 ms
11-30 20:57:01.390  1951  2591 I chatty  : uid=1000 system_server expire 72 lines
11-30 20:57:01.395  2574  2574 I GservicesProvider: Gservices pushing to system: true; secure/global: true
11-30 20:57:01.402  2075  2075 I InputContentProvider: Created InputContentProvider: exported=[false]
11-30 20:57:01.404  1951  1951 V SettingsProvider: Notifying for 0: content://settings/secure/selected_input_method_subtype
11-30 20:57:01.405  1951  1973 I ActivityManager: Loading recents for user 0 into memory.
11-30 20:57:01.407  1951  1967 I PreBootBroadcaster: Pre-boot of {com.android.managedprovisioning/com.android.managedprovisioning.ota.PreBootListener} for user 0
11-30 20:57:01.407  1951  2280 W ActivityManager: Slow operation: 90ms so far, now at startProcess: done updating battery stats
11-30 20:57:01.408  1951  2280 W ActivityManager: Slow operation: 91ms so far, now at startProcess: building log message
11-30 20:57:01.408  1951  2280 I ActivityManager: Start proc 2592:com.google.android.googlequicksearchbox:interactor/u0a40 for service com.google.android.googlequicksearchbox/com.google.android.voiceinteraction.GsaVoiceInteractionService
11-30 20:57:01.408  1951  2280 W ActivityManager: Slow operation: 91ms so far, now at startProcess: starting to update pids map
11-30 20:57:01.408  1951  2280 W ActivityManager: Slow operation: 91ms so far, now at startProcess: done updating pids map
11-30 20:57:01.417  1951  1969 W ActivityManager: Slow operation: 84ms so far, now at startProcess: asking zygote to start proc
11-30 20:57:01.419  2186  2186 D TelephonyProvider: subIdString = 1 subId = 1
11-30 20:57:01.419  2186  2186 D TelephonyProvider: getPreferredApnIdFromApn: for subId 1
11-30 20:57:01.423  2186  2186 D TelephonyProvider: subIdString = 1 subId = 1
11-30 20:57:01.423  2186  2186 D TelephonyProvider: getPreferredApnIdFromApn: for subId 1
11-30 20:57:01.427  2592  2592 I hbox:interacto: The ClassLoaderContext is a special shared library.
11-30 20:57:01.428  1951  1969 W ActivityManager: Slow operation: 95ms so far, now at startProcess: returned from zygote!
11-30 20:57:01.428  1951  1969 W ActivityManager: Slow operation: 95ms so far, now at startProcess: done updating battery stats
11-30 20:57:01.428  1951  1969 W ActivityManager: Slow operation: 95ms so far, now at startProcess: building log message
11-30 20:57:01.428  1951  1969 I ActivityManager: Start proc 2620:com.android.se/1068 for added application com.android.se
11-30 20:57:01.428  1951  1969 W ActivityManager: Slow operation: 95ms so far, now at startProcess: starting to update pids map
11-30 20:57:01.428  1951  1969 W ActivityManager: Slow operation: 95ms so far, now at startProcess: done updating pids map
11-30 20:57:01.430  2592  2592 I hbox:interacto: The ClassLoaderContext is a special shared library.
11-30 20:57:01.435  2620  2620 W com.android.se: Unexpected CPU variant for X86 using defaults: x86
11-30 20:57:01.440  2186  2186 D TelephonyProvider: subIdString = 1 subId = 1
11-30 20:57:01.441  2186  2186 D TelephonyProvider: getPreferredApnIdFromApn: for subId 1
11-30 20:57:01.451  1951  2051 D ConnectivityService: Switching to new default network: NetworkAgentInfo{ ni{[type: MOBILE[LTE], state: CONNECTED/CONNECTED, reason: connected, extra: epc.tmobile.com, failover: false, available: true, roaming: false]}  network{100}  nethandle{432902426637}  lp{{InterfaceName: radio0 LinkAddresses: [192.168.200.2/24,fe80::f088:45ff:fee3:affa/64,fec0::f088:45ff:fee3:affa/64,fec0::5d47:aeae:184b:6dda/64,]  Routes: [0.0.0.0/0 -> 192.168.200.1 radio0,192.168.200.0/24 -> 0.0.0.0 radio0,fe80::/64 -> :: radio0,fec0::/64 -> :: radio0,] DnsAddresses: [10.0.2.3,] UsePrivateDns: false PrivateDnsServerName: null Domains: null MTU: 1500 TcpBufferSizes: 524288,1048576,2097152,262144,524288,1048576}}  nc{[ Transports: CELLULAR Capabilities: MMS&SUPL&DUN&FOTA&IMS&CBS&IA&INTERNET&NOT_RESTRICTED&TRUSTED&NOT_VPN&NOT_ROAMING&FOREGROUND&NOT_CONGESTED&NOT_SUSPENDED Unwanted:  LinkUpBandwidth>=51200Kbps LinkDnBandwidth>=102400Kbps Specifier: <1>]}  Score{10}  everValidated{false}  lastValidated{false}  created{true} lingering{false} explicitlySelected{false} acceptUnvalidated{false} everCaptivePortalDetected{false} lastCaptivePortalDetected{false} clat{null} }
11-30 20:57:01.456  2632  2632 W d.process.acor: Unexpected CPU variant for X86 using defaults: x86
11-30 20:57:01.465  2317  2317 D FallbackHome: User unlocked and real home found; let's go!
11-30 20:57:01.467  1951  2572 I BackupManagerService: Unlocking system user; mService=com.android.server.backup.BackupManagerService@a9c3bc3
11-30 20:57:01.467  1951  2572 I BackupManagerService: Backup enable apparently not migrated
11-30 20:57:01.467  1951  2572 I BackupManagerService: Migrating enable state false
11-30 20:57:01.468  1951  2572 I BackupManagerService: Backup enabled => false
11-30 20:57:01.470  1951  1951 V SettingsProvider: Notifying for 0: content://settings/secure/default_input_method
11-30 20:57:01.471  1951  1951 W Looper  : Slow delivery took 205ms main h=com.android.providers.settings.SettingsProvider$SettingsRegistry$MyHandler c=null m=2
11-30 20:57:01.471  1951  1969 W ActivityManager: Slow operation: 56ms so far, now at startProcess: done updating battery stats
11-30 20:57:01.471  1951  1969 W ActivityManager: Slow operation: 56ms so far, now at startProcess: building log message
11-30 20:57:01.471  1951  1969 I ActivityManager: Start proc 2632:android.process.acore/u0a8 for content provider com.android.providers.blockednumber/.BlockedNumberProvider
11-30 20:57:01.471  1951  1969 W ActivityManager: Slow operation: 57ms so far, now at startProcess: starting to update pids map
11-30 20:57:01.472  1951  1969 W ActivityManager: Slow operation: 57ms so far, now at startProcess: done updating pids map
11-30 20:57:01.472  1951  1969 W ActivityManager: Slow operation: 54ms so far, now at startProcess: asking zygote to start proc
11-30 20:57:01.474  2186  2186 D TelephonyProvider: subIdString = 1 subId = 1
11-30 20:57:01.475  2186  2186 D TelephonyProvider: getPreferredApnIdFromApn: for subId 1
11-30 20:57:01.484  1951  1951 V SettingsProvider: Notifying for 0: content://settings/secure/enabled_input_methods
11-30 20:57:01.487  2592  2592 I InteractorInitializer: Initialized process com.google.android.googlequicksearchbox:interactor
11-30 20:57:01.490  2186  2186 D TelephonyProvider: subIdString = 1 subId = 1
11-30 20:57:01.490  2186  2186 D TelephonyProvider: getPreferredApnIdFromApn: for subId 1
11-30 20:57:01.495  1951  1962 I ActivityManager: START u0 {act=android.intent.action.MAIN cat=[android.intent.category.HOME] flg=0x10000100 cmp=com.google.android.sdksetup/.DefaultActivity} from uid 0
11-30 20:57:01.495  2186  2186 D TelephonyProvider: subIdString = 1 subId = 1
11-30 20:57:01.496  2186  2186 D TelephonyProvider: getPreferredApnIdFromApn: for subId 1
11-30 20:57:01.506  1951  2627 I chatty  : uid=1000 system_server expire 2 lines
11-30 20:57:01.511  1951  2626 I chatty  : uid=1000 system_server expire 2 lines
11-30 20:57:01.514  1951  1969 W ActivityManager: Slow operation: 96ms so far, now at startProcess: returned from zygote!
11-30 20:57:01.524  1951  2002 I chatty  : uid=1000(system) android.anim expire 5 lines
11-30 20:57:01.534  2075  2075 I TransientFileCleaner: Deleting 0 files
11-30 20:57:01.535  1951  2572 V BackupManagerConstants: getKeyValueBackupIntervalMilliseconds(...) returns 14400000
11-30 20:57:01.536  2653  2653 W earchbox:searc: Unexpected CPU variant for X86 using defaults: x86
11-30 20:57:01.536  1951  2572 V BackupManagerConstants: getKeyValueBackupFuzzMilliseconds(...) returns 600000
11-30 20:57:01.536  1951  2572 V BackupManagerConstants: getKeyValueBackupRequiredNetworkType(...) returns 1
11-30 20:57:01.536  1951  2572 V BackupManagerConstants: getKeyValueBackupRequireCharging(...) returns true
11-30 20:57:01.537  1951  2572 V KeyValueBackupJob: Scheduling k/v pass in 243 minutes
11-30 20:57:01.542  2075  2075 I FeaturePermissions: onSharedPreferenceChanged() : Key = pref_key_should_reset_suggestions_pref : Feature = null
11-30 20:57:01.549  2186  2186 D TelephonyProvider: subIdString = 1 subId = 1
11-30 20:57:01.549  2186  2186 D TelephonyProvider: getPreferredApnIdFromApn: for subId 1
11-30 20:57:01.570  1951  1969 W ActivityManager: Slow operation: 151ms so far, now at startProcess: done updating battery stats
11-30 20:57:01.570  1951  1969 W ActivityManager: Slow operation: 152ms so far, now at startProcess: building log message
11-30 20:57:01.570  1951  1969 I ActivityManager: Start proc 2653:com.google.android.googlequicksearchbox:search/u0a40 for content provider com.google.android.googlequicksearchbox/com.google.android.apps.gsa.staticplugins.publiccontent.GsaPublicContentProvider
11-30 20:57:01.570  1951  1969 W ActivityManager: Slow operation: 152ms so far, now at startProcess: starting to update pids map
11-30 20:57:01.570  1951  1969 W ActivityManager: Slow operation: 152ms so far, now at startProcess: done updating pids map
11-30 20:57:01.571  1951  1951 V SettingsProvider: Notifying for 0: content://settings/secure/enabled_input_methods
11-30 20:57:01.571  2075  2075 I FeaturePermissions: onSharedPreferenceChanged() : Key = show_launcher_icon : Feature = null
11-30 20:57:01.571  2075  2075 I LauncherIconVisibility: doUpdate() : Visible = false
11-30 20:57:01.574  1951  2638 D PackageManager: Instant App installer not found with android.intent.action.INSTALL_INSTANT_APP_PACKAGE
11-30 20:57:01.574  1951  2638 D PackageManager: Clear ephemeral installer activity
11-30 20:57:01.581  1951  2160 I chatty  : uid=1000(system) NetworkTimeUpda expire 3 lines
11-30 20:57:01.582  1951  2051 D ConnectivityService: Sending CONNECTED broadcast for type 0 NetworkAgentInfo [MOBILE (LTE) - 100] isDefaultNetwork=true
11-30 20:57:01.591  2075  2075 I CrashDetection: App upgrade detected, clearing counters
11-30 20:57:01.596  2592  2592 W AppFlowTracker: Dropping AppFlow event "93" logged from process "com.google.android.googlequicksearchbox:interactor"
11-30 20:57:01.596  2592  2592 W AppFlowTracker: Dropping AppFlow event "24" logged from process "com.google.android.googlequicksearchbox:interactor"
11-30 20:57:01.602  1951  1969 W ActivityManager: Slow operation: 79ms so far, now at startProcess: returned from zygote!
11-30 20:57:01.607  2679  2679 W ndroid.sdksetu: Unexpected CPU variant for X86 using defaults: x86
11-30 20:57:01.633  1951  2639 W ActivityManager: Slow operation: 52ms so far, now at attachApplicationLocked: immediately after bindApplication
11-30 20:57:01.633  1951  2639 W ActivityManager: Slow operation: 52ms so far, now at attachApplicationLocked: after updateLruProcessLocked
11-30 20:57:01.636  1951  2639 W ActivityManager: Slow operation: 55ms so far, now at attachApplicationLocked: after mServices.attachApplicationLocked
11-30 20:57:01.641  1951  2639 W ActivityManager: Slow operation: 60ms so far, now at attachApplicationLocked: after updateOomAdjLocked
11-30 20:57:01.646  2186  2186 D TelephonyProvider: subIdString = 1 subId = 1
11-30 20:57:01.646  2186  2186 D TelephonyProvider: getPreferredApnIdFromApn: for subId 1
11-30 20:57:01.651  1951  1951 V SettingsProvider: Notifying for 0: content://settings/secure/default_input_method
11-30 20:57:01.654  1647  1701 D gralloc_ranchu: gralloc_alloc: Creating ashmem region of size 9334784
11-30 20:57:01.684  2186  2186 D TelephonyProvider: subIdString = 1 subId = 1
11-30 20:57:01.684  2186  2186 D TelephonyProvider: deletePreferredApn: for subId 1
11-30 20:57:01.685  2186  2186 D TelephonyProvider: subIdString = 1 subId = 1
11-30 20:57:01.685  2186  2186 D TelephonyProvider: setPreferredApn: _id 1 subId 1
11-30 20:57:01.690  2632  2632 I d.process.acor: The ClassLoaderContext is a special shared library.
11-30 20:57:01.699  2620  2620 I com.android.se: The ClassLoaderContext is a special shared library.
11-30 20:57:01.725  1951  2615 W ActivityManager: Slow operation: 74ms so far, now at attachApplicationLocked: after updateOomAdjLocked
11-30 20:57:01.728  1951  1969 I chatty  : uid=1000(system) ActivityManager expire 2 lines
