11-30 20:56:57.769  2100  2370 D OpenGLRenderer: profile bars disabled
11-30 20:56:57.770  2100  2370 D OpenGLRenderer: ambientRatio = 1.50
11-30 20:56:57.788  2100  2100 D StatusBar: disable<e i a s b h r c s > disable2<q i n >
11-30 20:56:57.807  2100  2100 V WifiManager: registerSoftApCallback: callback=com.android.systemui.statusbar.policy.HotspotControllerImpl@c593fc6, handler=Handler (android.os.Handler) {c92ab87}
11-30 20:56:57.808  2100  2123 V WifiManager: SoftApCallbackProxy: onStateChanged: state=11, failureReason=0
11-30 20:56:57.808  2100  2123 V WifiManager: SoftApCallbackProxy: onNumClientsChanged: numClients=0
11-30 20:56:57.820  2100  2390 I SecurityController: could not bind to KeyChainService
11-30 20:56:57.754  2090  2090 I chatty  : uid=10014 com.google.android.gms.persistent identical 26 lines
11-30 20:56:57.756  2090  2090 E ActivityThread: Failed to find provider info for com.google.android.gsf.gservices
11-30 20:56:57.834  2100  2100 D SystemUIBootTiming: StartServicescom.android.systemui.SystemBars took to complete: 477ms
11-30 20:56:57.838  2100  2381 E ActivityThread: Failed to find provider info for com.android.contacts
11-30 20:56:57.841  2100  2100 D StorageNotification: Notifying about private volume: VolumeInfo{private}:
11-30 20:56:57.841  2100  2100 D StorageNotification:     type=PRIVATE diskId=null partGuid=null mountFlags=0 mountUserId=-1 
11-30 20:56:57.841  2100  2100 D StorageNotification:     state=MOUNTED 
11-30 20:56:57.841  2100  2100 D StorageNotification:     fsType=null fsUuid=null fsLabel=null 
11-30 20:56:57.841  2100  2100 D StorageNotification:     path=/data internalPath=null 
11-30 20:56:57.842  2100  2100 D StorageNotification: Notifying about public volume: VolumeInfo{public:253,80}:
11-30 20:56:57.842  2100  2100 D StorageNotification:     type=PUBLIC diskId=disk:253,80 partGuid= mountFlags=VISIBLE mountUserId=0 
11-30 20:56:57.842  2100  2100 D StorageNotification:     state=MOUNTED 
11-30 20:56:57.842  2100  2100 D StorageNotification:     fsType=vfat fsUuid=17FE-3C1B fsLabel=SDCARD 
11-30 20:56:57.842  2100  2100 D StorageNotification:     path=/storage/17FE-3C1B internalPath=/mnt/media_rw/17FE-3C1B 
11-30 20:56:57.851  2100  2100 D SystemUIBootTiming: StartServicescom.android.systemui.usb.StorageNotification took to complete: 17ms
11-30 20:56:57.855  2100  2100 D SystemUIBootTiming: StartServicescom.android.systemui.power.PowerUI took to complete: 4ms
11-30 20:56:57.855  2100  2100 D SystemUIBootTiming: StartServicescom.android.systemui.media.RingtonePlayer took to complete: 0ms
11-30 20:56:57.856  2100  2100 D SystemUIBootTiming: StartServicescom.android.systemui.keyboard.KeyboardUI took to complete: 1ms
11-30 20:56:57.864  2100  2100 D SystemUIBootTiming: StartServicescom.android.systemui.pip.PipUI took to complete: 8ms
11-30 20:56:57.869  2100  2100 D SystemUIBootTiming: StartServicescom.android.systemui.shortcut.ShortcutKeyDispatcher took to complete: 3ms
11-30 20:56:57.879  2100  2100 D SystemUIBootTiming: StartServicescom.google.android.systemui.GoogleServices took to complete: 10ms
11-30 20:56:57.880  2100  2100 V GarbageMonitor: Now tracking processes: 2100 
11-30 20:56:57.881  2100  2100 D SystemUIBootTiming: StartServicescom.android.systemui.util.leak.GarbageMonitor$Service took to complete: 2ms
11-30 20:56:57.882  2100  2100 D SystemUIBootTiming: StartServicescom.android.systemui.LatencyTester took to complete: 1ms
11-30 20:56:57.892  1951  2055 I chatty  : uid=1000(system) notification-sq expire 1 line
11-30 20:56:57.903  2100  2100 D SystemUIBootTiming: StartServicescom.android.systemui.globalactions.GlobalActionsComponent took to complete: 21ms
11-30 20:56:57.907  2100  2100 D SystemUIBootTiming: StartServicescom.android.systemui.ScreenDecorations took to complete: 4ms
11-30 20:56:57.920  2100  2100 D SystemUIBootTiming: StartServicescom.android.systemui.fingerprint.FingerprintDialogImpl took to complete: 13ms
11-30 20:56:57.923  2100  2100 D SystemUIBootTiming: StartServicescom.android.systemui.SliceBroadcastRelayHandler took to complete: 3ms
11-30 20:56:57.923  2100  2100 D SystemUIBootTiming: StartServices took to complete: 1522ms
11-30 20:56:57.934  2186  2186 D CarrierIdProvider: update database from pb. inserted rows = 1671
11-30 20:56:57.941  2186  2186 D CarrierProvider: onCreate
11-30 20:56:57.952  1951  1962 W ActivityManager: Unable to start service Intent { act=android.intent.action.QUICKSTEP_SERVICE pkg=com.google.android.apps.nexuslauncher } U=0: not found
11-30 20:56:57.953  2100  2100 W OverviewProxyService: Failed to connect on attempt 1 will try again in 5000ms
11-30 20:56:57.971  2090  2090 E ActivityThread: Failed to find provider info for com.google.android.gsf.gservices
11-30 20:56:57.971  2100  2100 I Choreographer: Skipped 37 frames!  The application may be doing too much work on its main thread.
11-30 20:56:57.972  2090  2090 I chatty  : uid=10014 com.google.android.gms.persistent identical 2 lines
11-30 20:56:57.973  2090  2090 E ActivityThread: Failed to find provider info for com.google.android.gsf.gservices
11-30 20:56:57.981  1951  1962 W LocalDisplayAdapter: Unable to find color mode 0, ignoring request.
11-30 20:56:57.985  2186  2186 I ImsResolver: Initializing cache and binding.
11-30 20:56:57.990  2186  2186 I android_os_HwBinder: HwBinder: Starting thread pool for slot1::android.hardware.radio@1.0::IRadio
11-30 20:56:57.992  2100  2370 D HostConnection: HostConnection::get() New Host Connection established 0xe0028a70, tid 2370
11-30 20:56:57.994  1647  1701 D gralloc_ranchu: gralloc_alloc: Creating ashmem region of size 573440
11-30 20:56:58.003  1951  2002 W LocalDisplayAdapter: Unable to find color mode 0, ignoring request.
11-30 20:56:57.999  1647  1701 D gralloc_ranchu: gralloc_alloc: Creating ashmem region of size 573440
11-30 20:56:58.017  1583  1583 W hwservicemanager: getTransport: Cannot find entry android.hardware.radio.deprecated@1.0::IOemHook/slot1 in either framework or device manifest.
11-30 20:56:58.020  1647  1647 D gralloc_ranchu: gralloc_alloc: Creating ashmem region of size 573440
11-30 20:56:58.025  2100  2100 D ViewRootImpl[StatusBar]: changeCanvasOpacity: opaque=true
11-30 20:56:58.028  2100  2370 D HostConnection: HostComposition ext ANDROID_EMU_CHECKSUM_HELPER_v1 ANDROID_EMU_native_sync_v2 ANDROID_EMU_native_sync_v3 ANDROID_EMU_native_sync_v4 ANDROID_EMU_dma_v1 ANDROID_EMU_YUV420_888_to_NV21 ANDROID_EMU_YUV_Cache ANDROID_EMU_async_unmap_buffer GL_OES_EGL_image_external_essl3 GL_OES_vertex_array_object GL_KHR_texture_compression_astc_ldr ANDROID_EMU_gles_max_version_3_1 
11-30 20:56:58.033  2100  2370 I ConfigStore: android::hardware::configstore::V1_0::ISurfaceFlingerConfigs::hasWideColorDisplay retrieved: 0
11-30 20:56:58.034  2100  2370 I ConfigStore: android::hardware::configstore::V1_0::ISurfaceFlingerConfigs::hasHDRDisplay retrieved: 0
11-30 20:56:58.034  2100  2370 I OpenGLRenderer: Initialized EGL, version 1.4
11-30 20:56:58.034  2100  2370 D OpenGLRenderer: Swap behavior 1
11-30 20:56:58.034  2100  2370 W OpenGLRenderer: Failed to choose config with EGL_SWAP_BEHAVIOR_PRESERVED, retrying without...
11-30 20:56:58.034  2100  2370 D OpenGLRenderer: Swap behavior 0
11-30 20:56:58.045  2100  2370 D eglCodecCommon: setVertexArrayObject: set vao to 0 (0) 0 0
11-30 20:56:58.045  2100  2370 D EGL_emulation: eglCreateContext: 0xccdb8600: maj 3 min 1 rcv 4
11-30 20:56:58.072  2100  2370 D EGL_emulation: eglMakeCurrent: 0xccdb8600: ver 3 1 (tinfo 0xdf9a2d70)
11-30 20:56:58.076  2100  2370 E eglCodecCommon: glUtilsParamSize: unknow param 0x000082da
11-30 20:56:58.076  2100  2390 E ActivityThread: Failed to find provider info for com.android.contacts
11-30 20:56:58.076  2100  2370 E eglCodecCommon: glUtilsParamSize: unknow param 0x000082da
11-30 20:56:58.078  1789  2362 E SurfaceFlinger: ro.sf.lcd_density must be defined as a build property
11-30 20:56:58.092  2100  2381 E ActivityThread: Failed to find provider info for com.android.contacts
11-30 20:56:58.098  2100  2370 D HostConnection: createUnique: call
11-30 20:56:58.099  2100  2370 D HostConnection: HostConnection::get() New Host Connection established 0xcc4246c0, tid 2370
11-30 20:56:58.137  2100  2370 D HostConnection: HostComposition ext ANDROID_EMU_CHECKSUM_HELPER_v1 ANDROID_EMU_native_sync_v2 ANDROID_EMU_native_sync_v3 ANDROID_EMU_native_sync_v4 ANDROID_EMU_dma_v1 ANDROID_EMU_YUV420_888_to_NV21 ANDROID_EMU_YUV_Cache ANDROID_EMU_async_unmap_buffer GL_OES_EGL_image_external_essl3 GL_OES_vertex_array_object GL_KHR_texture_compression_astc_ldr ANDROID_EMU_gles_max_version_3_1 
11-30 20:56:58.138  2100  2370 E eglCodecCommon: GoldfishAddressSpaceHostMemoryAllocator: ioctl_ping failed for device_type=5, ret=-1
11-30 20:56:58.166  1647  1701 D gralloc_ranchu: gralloc_alloc: Creating ashmem region of size 286720
11-30 20:56:58.170  1647  1701 D gralloc_ranchu: gralloc_alloc: Creating ashmem region of size 286720
11-30 20:56:58.173  1647  1647 D gralloc_ranchu: gralloc_alloc: Creating ashmem region of size 286720
11-30 20:56:58.187  2100  2100 D StatusBar: disable<e i a s b h r c s > disable2<q i n >
11-30 20:56:58.191  1951  2046 D WifiService: New client listening to asynchronous messages
11-30 20:56:58.237  2186  2186 D ImsExternalCallTracker: Registering: Handler (com.android.internal.telephony.imsphone.ImsPhone) {7074a6a}
11-30 20:56:58.253  2186  2186 D PhoneSwitcherNetworkRequstListener: Registering NetworkFactory
11-30 20:56:58.253  1951  2051 D ConnectivityService: Got NetworkFactory Messenger for PhoneSwitcherNetworkRequstListener
11-30 20:56:58.265  1951  2051 D ConnectivityService: Got NetworkFactory Messenger for TelephonyNetworkFactory[0]
11-30 20:56:58.276  2186  2186 D CarrierConfigLoader: CarrierConfigLoader has started
11-30 20:56:58.276  2186  2186 E BluetoothAdapter: Bluetooth binder is null
11-30 20:56:58.280  2186  2407 E ActivityThread: Failed to find provider info for com.android.contacts
11-30 20:56:58.280  2186  2407 W CallerInfoCache: cursor is null
11-30 20:56:58.285  1951  2347 I chatty  : uid=1000(system) HwBinder:1951_4 expire 13 lines
11-30 20:56:58.314  2186  2186 W ImsPhoneCallTracker: ImsManager is null when setting TTY mode
11-30 20:56:58.315  2186  2186 I TelecomFramework: TtyManager: updateUiTtyMode -1 -> 0
11-30 20:56:58.325  2186  2186 D ImsResolver: maybeAddedImsService, packageName: null
11-30 20:56:58.327  1583  1583 W hwservicemanager: getTransport: Cannot find entry android.hardware.radio.config@1.0::IRadioConfig/default in either framework or device manifest.
11-30 20:56:58.352  1951  1951 D ConditionProviders.SCP: onReceive android.intent.action.TIMEZONE_CHANGED
11-30 20:56:58.353  1951  1951 D ConditionProviders.SCP: evaluateSubscriptionLocked cal=ScheduleCalendar[mDays={1, 2, 3, 4, 5, 6, 7}, mSchedule=ScheduleInfo{days=[1, 2, 3, 4, 5, 6, 7], startHour=22, startMinute=0, endHour=7, endMinute=0, exitAtAlarm=true, nextAlarm=Thu Jan 01 02:00:00 GMT+02:00 1970 (0)}], now=Tue Nov 30 20:56:58 GMT+02:00 2021 (1638298618352), nextUserAlarmTime=Thu Jan 01 02:00:00 GMT+02:00 1970 (0)
11-30 20:56:58.353  1951  1951 D ConditionProviders.SCP: notifyCondition condition://android/schedule?days=1.2.3.4.5.6.7&start=22.0&end=7.0&exitAtAlarm=true STATE_FALSE reason=!meetsSchedule
11-30 20:56:58.355  1951  1951 D ConditionProviders.SCP: Scheduling evaluate for Tue Nov 30 22:00:00 GMT+02:00 2021 (1638302400000), in +1h3m1s648ms, now=Tue Nov 30 20:56:58 GMT+02:00 2021 (1638298618352)
11-30 20:56:58.361  1951  2057 E ActivityThread: Failed to find provider info for com.android.calendar
11-30 20:56:58.362  1951  2057 E ActivityThread: Failed to find provider info for com.android.calendar
11-30 20:56:59.312  1951  1951 D DevicePolicyManager: updateSystemUpdateFreezePeriodsRecord
11-30 20:56:59.312  1951  1951 W SyncManager: Clock is valid now.
11-30 20:56:59.312  1951  1951 D ConditionProviders.SCP: onReceive android.intent.action.TIME_SET
11-30 20:56:59.312  1951  1951 D ConditionProviders.SCP: evaluateSubscriptionLocked cal=ScheduleCalendar[mDays={1, 2, 3, 4, 5, 6, 7}, mSchedule=ScheduleInfo{days=[1, 2, 3, 4, 5, 6, 7], startHour=22, startMinute=0, endHour=7, endMinute=0, exitAtAlarm=true, nextAlarm=Thu Jan 01 02:00:00 GMT+02:00 1970 (0)}], now=Tue Nov 30 20:56:59 GMT+02:00 2021 (1638298619312), nextUserAlarmTime=Thu Jan 01 02:00:00 GMT+02:00 1970 (0)
11-30 20:56:59.312  1951  1951 D ConditionProviders.SCP: notifyCondition condition://android/schedule?days=1.2.3.4.5.6.7&start=22.0&end=7.0&exitAtAlarm=true STATE_FALSE reason=!meetsSchedule
11-30 20:56:59.313  1951  1951 D ConditionProviders.SCP: Scheduling evaluate for Tue Nov 30 22:00:00 GMT+02:00 2021 (1638302400000), in +1h3m0s688ms, now=Tue Nov 30 20:56:59 GMT+02:00 2021 (1638298619312)
11-30 20:56:59.314  1951  2057 E ActivityThread: Failed to find provider info for com.android.calendar
11-30 20:56:59.392  2186  2186 I ImsExternalCallTracker: handleVideoCapabilitiesChanged : isVideoCapable = false
11-30 20:56:59.392  2186  2186 D ImsExternalCallTracker: refreshCallPullState
11-30 20:56:59.400  2186  2186 D PhoneSwitcherNetworkRequstListener: got request NetworkRequest [ REQUEST id=1, [ Capabilities: INTERNET&NOT_RESTRICTED&TRUSTED&NOT_VPN Unwanted: ] ] with score 0
11-30 20:56:59.400  2186  2186 D PhoneSwitcherNetworkRequstListener: got request NetworkRequest [ TRACK_DEFAULT id=9, [ Capabilities: INTERNET&NOT_RESTRICTED&TRUSTED Unwanted:  Uid: 10038] ] with score 0
11-30 20:56:59.400  2186  2186 D PhoneSwitcherNetworkRequstListener: got request NetworkRequest [ TRACK_DEFAULT id=6, [ Capabilities: INTERNET&NOT_RESTRICTED&TRUSTED Unwanted:  Uid: 1000] ] with score 0
11-30 20:56:59.400  2186  2186 D PhoneSwitcherNetworkRequstListener: got request NetworkRequest [ BACKGROUND_REQUEST id=2, [ Transports: CELLULAR Capabilities: INTERNET&NOT_RESTRICTED&TRUSTED&NOT_VPN Unwanted: ] ] with score 0
11-30 20:56:59.401  2186  2186 D TelephonyDebugService: TelephonyDebugService()
11-30 20:56:59.402  2186  2186 D CarrierConfigLoader: mHandler: 12 phoneId: 0
11-30 20:56:59.403  2186  2186 D CarrierConfigLoader: Build fingerprint changed. old: null new: google/sdk_gphone_x86_arm/generic_x86_arm:9/PSR1.180720.120/6446634:userdebug/dev-keys
11-30 20:56:59.314  1951  2057 E ActivityThread: Failed to find provider info for com.android.calendar
11-30 20:56:59.446  1951  2288 I WifiService: WifiService trying to set country code to us
11-30 20:56:59.446  1951  2288 I chatty  : uid=1000(system) Binder:1951_8 expire 2 lines
11-30 20:56:59.450  2100  2121 I ndroid.systemu: Background concurrent copying GC freed 42291(3MB) AllocSpace objects, 49(1620KB) LOS objects, 50% free, 3MB/7MB, paused 7.816ms total 117.891ms
11-30 20:56:59.477  1951  1951 V SettingsProvider: Notifying for 0: content://settings/system/hide_rotation_lock_toggle_for_accessibility
11-30 20:56:59.481  1951  1951 V SettingsProvider: Notifying for 0: content://settings/system/user_rotation
11-30 20:56:59.484  1951  1968 W LocalDisplayAdapter: Unable to find color mode 0, ignoring request.
11-30 20:56:59.501  2186  2186 D ServiceStateProvider: subId=-2
11-30 20:56:59.514  1951  2002 W LocalDisplayAdapter: Unable to find color mode 0, ignoring request.
11-30 20:56:59.516  2090  2090 I ChimeraCfgMgr: Updating module config: <no config> -> container:200414040700
11-30 20:56:59.517  2090  2090 E ActivityThread: Failed to find provider info for com.google.android.gsf.gservices
11-30 20:56:59.518  2090  2090 E ConfigFileUtils: Failed to read config file: /data/user_de/0/com.google.android.gms/app_chimera/current_modules_init.pb (No such file or directory)
11-30 20:56:59.530  2186  2404 D IntentBroadcaster: Broadcasting and adding intent for rebroadcast: android.intent.action.SIM_STATE_CHANGED READY for slotId 0
11-30 20:56:59.536  2090  2090 I ChmraDebugLogger: [46] 
11-30 20:56:59.560  2419  2419 W gle.android.gm: Unexpected CPU variant for X86 using defaults: x86
11-30 20:56:59.551  2090  2090 I chatty  : uid=10014 com.google.android.gms.persistent identical 2 lines
11-30 20:56:59.552  2090  2090 E ActivityThread: Failed to find provider info for com.google.android.gsf.gservices
11-30 20:56:59.561  1951  1969 I ActivityManager: Start proc 2419:com.google.android.gms/u0a14 for service com.google.android.gms/.chimera.GmsIntentOperationService
11-30 20:56:59.564  2090  2090 E ActivityThread: Failed to find provider info for com.google.android.gsf.gservices
11-30 20:56:59.567  2186  2186 E PhoneInterfaceManager: [PhoneIntfMgr] getIccId: No UICC
11-30 20:56:59.570  2090  2090 I GmsApplication: Updating config completed
11-30 20:56:59.574  2186  2186 D OpenGLRenderer: Skia GL Pipeline
11-30 20:56:59.571  2090  2090 I chatty  : uid=10014 com.google.android.gms.persistent identical 2 lines
11-30 20:56:59.583  2090  2090 E ActivityThread: Failed to find provider info for com.google.android.gsf.gservices
11-30 20:56:59.587  1951  1963 I Telecom : PhoneAccountRegistrar: New phone account registered: [[ ] PhoneAccount: ComponentInfo{com.android.phone/com.android.services.telephony.TelephonyConnectionService}, ***, UserHandle{0} Capabilities: CallProvider MultiUser PlaceEmerg SimSub  Audio Routes: BESW Schemes: tel voicemail  Extras: Bundle[mParcelledData.dataSize=124] GroupId: ***]: TSI.rPA@AAo
11-30 20:56:59.591  1951  1963 I Telecom : CallsManager: Sending phone-account ComponentInfo{com.android.phone/com.android.services.telephony.TelephonyConnectionService}, ***, UserHandle{0} registered intent as user: TSI.rPA@AAo
11-30 20:56:59.591  1951  1963 I Telecom : CallsManager: Sending phone-account registered intent to default dialer: TSI.rPA@AAo
11-30 20:56:59.592  2186  2186 I TelecomFramework: AccountEntry: Registered phoneAccount: [[ ] PhoneAccount: ComponentInfo{com.android.phone/com.android.services.telephony.TelephonyConnectionService}, ***, UserHandle{0} Capabilities: CallProvider MultiUser PlaceEmerg SimSub  Audio Routes: BESW Schemes: tel voicemail  Extras: Bundle[{android.telecom.extra.SUPPORTS_VIDEO_CALLING_FALLBACK=true}] GroupId: ***] with handle: ComponentInfo{com.android.phone/com.android.services.telephony.TelephonyConnectionService}, ***, UserHandle{0}
11-30 20:56:59.596  2186  2186 I TelecomFramework: PstnIncomingCallNotifier: Registering: Handler (com.android.internal.telephony.GsmCdmaPhone) {4e4350d}
11-30 20:56:59.601  2090  2090 E ActivityThread: Failed to find provider info for com.google.android.gsf.gservices
11-30 20:56:59.603  2090  2090 E ActivityThread: Failed to find provider info for com.google.android.gsf.gservices
11-30 20:56:59.604  2186  2186 I TelecomFramework: PstnIncomingCallNotifier: Unregistering: Handler (com.android.internal.telephony.GsmCdmaPhone) {4e4350d}
11-30 20:56:59.609  2186  2186 E PhoneInterfaceManager: [PhoneIntfMgr] getIccId: No UICC
11-30 20:56:59.616  2419  2419 I gle.android.gm: The ClassLoaderContext is a special shared library.
11-30 20:56:59.617  1951  1963 I Telecom : PhoneAccountRegistrar: Modify account: [ComponentInfo{com.android.phone/com.android.services.telephony.TelephonyConnectionService}, ***, UserHandle{0}]: TSI.rPA@AA0
11-30 20:56:59.621  2186  2186 I TelecomFramework: AccountEntry: Registered phoneAccount: [[ ] PhoneAccount: ComponentInfo{com.android.phone/com.android.services.telephony.TelephonyConnectionService}, ***, UserHandle{0} Capabilities: CallProvider MultiUser PlaceEmerg SimSub  Audio Routes: BESW Schemes: tel voicemail  Extras: Bundle[{android.telecom.extra.SUPPORTS_VIDEO_CALLING_FALLBACK=true}] GroupId: ***] with handle: ComponentInfo{com.android.phone/com.android.services.telephony.TelephonyConnectionService}, ***, UserHandle{0}
11-30 20:56:59.621  2186  2186 I TelecomFramework: PstnIncomingCallNotifier: Registering: Handler (com.android.internal.telephony.GsmCdmaPhone) {4e4350d}
11-30 20:56:59.618  2419  2419 I chatty  : uid=10014(com.google.android.gms) identical 2 lines
11-30 20:56:59.633  2419  2419 I gle.android.gm: The ClassLoaderContext is a special shared library.
11-30 20:56:59.633  2090  2090 W DynamiteModule: Local module descriptor class for providerinstaller not found.
11-30 20:56:59.639  2090  2090 W ProviderHelper: Unknown dynamite feature providerinstaller
11-30 20:56:59.640  2090  2090 E ActivityThread: Failed to find provider info for com.google.android.gsf.gservices
11-30 20:56:59.655  2090  2090 I DynamiteModule: Considering local module providerinstaller:0 and remote module providerinstaller:0
11-30 20:56:59.654  2090  2090 E ActivityThread: Failed to find provider info for com.google.android.gsf.gservices
11-30 20:56:59.668  2419  2419 E ActivityThread: Failed to find provider info for com.google.android.gsf.gservices
11-30 20:56:59.675  2090  2090 W ProviderInstaller: Failed to load providerinstaller module: No acceptable module found. Local version is 0 and remote version is 0.
11-30 20:56:59.714  2419  2419 W DirectBootExitBR: User is in direct boot mode.
11-30 20:56:59.727  2090  2090 V NativeCrypto: Registering com/google/android/gms/org/conscrypt/NativeCrypto's 286 native methods...
11-30 20:56:59.734  2419  2419 I GmsApplication: Staging modules and/or updating config
11-30 20:56:59.740  2419  2419 I GmsApplication: Staging modules
11-30 20:56:59.743  2419  2419 I FileApkMgr: Extracting modules...
11-30 20:56:59.770  2186  2186 I ImsExternalCallTracker: handleVideoCapabilitiesChanged : isVideoCapable = false
11-30 20:56:59.770  2186  2186 D ImsExternalCallTracker: refreshCallPullState
11-30 20:56:59.727  2419  2419 I chatty  : uid=10014(com.google.android.gms) identical 12 lines
11-30 20:56:59.730  2419  2419 E ActivityThread: Failed to find provider info for com.google.android.gsf.gservices
11-30 20:56:59.770  2186  2186 I TelecomFramework: PstnPhoneCapabilitiesNotifier: handleVideoCapabilitesChanged. Video capability - false
11-30 20:56:59.771  2186  2186 I ImsExternalCallTracker: handleVideoCapabilitiesChanged : isVideoCapable = false
11-30 20:56:59.771  2186  2186 D ImsExternalCallTracker: refreshCallPullState
11-30 20:56:59.774  2186  2186 E PhoneInterfaceManager: [PhoneIntfMgr] getIccId: No UICC
11-30 20:56:59.771  2186  2186 I TelecomFramework: PstnPhoneCapabilitiesNotifier: handleVideoCapabilitesChanged. Video capability - false
11-30 20:56:59.775  2419  2419 E ActivityThread: Failed to find provider info for com.google.android.gsf.gservices
11-30 20:56:59.779  2419  2419 I FileApkMgr: Extracting modules completed
11-30 20:56:59.779  2419  2419 I GmsApplication: Staging modules completed
11-30 20:56:59.779  2419  2419 I GmsApplication: Updating config
11-30 20:56:59.780  2419  2419 I chatty  : uid=10014(com.google.android.gms) identical 2 lines
11-30 20:56:59.781  2419  2419 E ActivityThread: Failed to find provider info for com.google.android.gsf.gservices
11-30 20:56:59.785  1951  2288 I Telecom : PhoneAccountRegistrar: Modify account: [ComponentInfo{com.android.phone/com.android.services.telephony.TelephonyConnectionService}, ***, UserHandle{0}]: TSI.rPA@ABA
11-30 20:56:59.789  2090  2090 D NetworkSecurityConfig: Using Network Security Config from resource network_security_config debugBuild: false
11-30 20:56:59.798  2419  2419 E ActivityThread: Failed to find provider info for com.google.android.gsf.gservices
11-30 20:56:59.799  2090  2090 I ProviderInstaller: Installed default security provider GmsCore_OpenSSL
11-30 20:56:59.799  2419  2419 E ActivityThread: Failed to find provider info for com.google.android.gsf.gservices
11-30 20:56:59.799  2090  2090 E ActivityThread: Failed to find provider info for com.google.android.gsf.gservices
11-30 20:56:59.808  2090  2090 I Safeboot: Checking safeboot...
11-30 20:56:59.821  2090  2090 I chatty  : uid=10014 com.google.android.gms.persistent identical 15 lines
11-30 20:56:59.822  2090  2090 E ActivityThread: Failed to find provider info for com.google.android.gsf.gservices
11-30 20:56:59.829  2419  2419 E ActivityThread: Failed to find provider info for com.google.android.gsf.gservices
11-30 20:56:59.831  2419  2419 E ActivityThread: Failed to find provider info for com.google.android.gsf.gservices
11-30 20:56:59.833  2090  2090 E ActivityThread: Failed to find provider info for com.google.android.gsf.gservices
11-30 20:56:59.834  2419  2419 E GservicesValue: Gservices key not whitelisted for directboot access: gms:chimera:dev_module_blacklist
11-30 20:56:59.835  2090  2090 I chatty  : uid=10014 com.google.android.gms.persistent identical 2 lines
11-30 20:56:59.836  2090  2090 E ActivityThread: Failed to find provider info for com.google.android.gsf.gservices
11-30 20:56:59.836  2419  2419 E ActivityThread: Failed to find provider info for com.google.android.gsf.gservices
11-30 20:56:59.836  2090  2090 I Safeboot Condition: No need to enter Safeboot.
11-30 20:56:59.837  2419  2419 I chatty  : uid=10014(com.google.android.gms) identical 1 line
11-30 20:56:59.838  2419  2419 E ActivityThread: Failed to find provider info for com.google.android.gsf.gservices
11-30 20:56:59.838  2090  2090 E ActivityThread: Failed to find provider info for com.google.android.gsf.gservices
11-30 20:56:59.838  2419  2419 E ActivityThread: Failed to find provider info for com.google.android.gsf.gservices
11-30 20:56:59.838  2090  2090 E ActivityThread: Failed to find provider info for com.google.android.gsf.gservices
11-30 20:56:59.839  2419  2419 I GmsModuleFndr: Beginning GMS chimera module scan
11-30 20:56:59.846  2186  2186 D MccTable: updateMccMncConfiguration mccmnc='310260' fromServiceState=false
11-30 20:56:59.851  2186  2186 D MccTable: updateMccMncConfiguration defaultMccMnc=
11-30 20:56:59.851  2186  2186 D MccTable: updateMccMncConfiguration: mcc=310, mnc=260
11-30 20:56:59.851  2186  2186 D MccTable: updateMccMncConfiguration updateConfig config={0.0 310mcc260mnc ?localeList ?layoutDir ?swdp ?wdp ?hdp ?density ?lsize ?long ?ldr ?wideColorGamut ?orien ?uimode ?night ?touch ?keyb/?/? ?nav/? winConfig={ mBounds=Rect(0, 0 - 0, 0) mAppBounds=null mWindowingMode=undefined mActivityType=undefined}}
11-30 20:56:59.852  1951  2288 I ActivityManager: Config changes=3 {1.0 310mcc260mnc [en_US] ldltr sw392dp w392dp h713dp 440dpi nrml long port finger qwerty/v/v -nav/h winConfig={ mBounds=Rect(0, 0 - 0, 0) mAppBounds=Rect(0, 0 - 1080, 2028) mWindowingMode=fullscreen mActivityType=undefined} s.5}
11-30 20:56:59.869  1951  2288 I ActivityManager: Override config changes=3 {1.0 310mcc260mnc [en_US] ldltr sw392dp w392dp h713dp 440dpi nrml long port finger qwerty/v/v -nav/h winConfig={ mBounds=Rect(0, 0 - 1080, 2028) mAppBounds=Rect(0, 0 - 1080, 2028) mWindowingMode=fullscreen mActivityType=undefined} s.5} for displayId=0
11-30 20:56:59.880  2075  2075 I GoogleInputMethod: onStartInput() : Dummy InputConnection bound
11-30 20:56:59.884  2090  2090 E ActivityThread: Failed to find provider info for com.google.android.gsf.gservices
11-30 20:56:59.884  1951  1962 W LocalDisplayAdapter: Unable to find color mode 0, ignoring request.
11-30 20:56:59.886  1951  1951 V SettingsProvider: Notifying for 0: content://settings/global/audio_safe_volume_state
11-30 20:56:59.887  2090  2090 E ActivityThread: Failed to find provider info for com.google.android.gsf.gservices
11-30 20:56:59.889  2317  2358 D EGL_emulation: eglMakeCurrent: 0xe0095440: ver 3 1 (tinfo 0xe002f9d0)
11-30 20:56:59.889  2075  2075 I ShortcutsDataManager: startImportContentTask()
11-30 20:56:59.889  2075  2075 I ShortcutsDataManager: onImportAborted()
11-30 20:56:59.892  1647  1701 D gralloc_ranchu: gralloc_alloc: Creating ashmem region of size 9334784
11-30 20:56:59.914  2317  2358 D EGL_emulation: eglMakeCurrent: 0xe0095440: ver 3 1 (tinfo 0xe002f9d0)
11-30 20:56:59.916  2090  2444 I DeviceDrDatabaseHelper: Creating databases!
11-30 20:56:59.934  1647  1701 D gralloc_ranchu: gralloc_alloc: Creating ashmem region of size 9334784
11-30 20:56:59.917  2090  2090 I chatty  : uid=10014 com.google.android.gms.persistent identical 8 lines
11-30 20:56:59.919  2090  2090 E ActivityThread: Failed to find provider info for com.google.android.gsf.gservices
11-30 20:56:59.941  1951  1975 W WindowManager: App freeze timeout expired.
11-30 20:56:59.942  2419  2419 I ModuleSetMgr: Computing pending module set with APKs: [[AdsFdrDynamite.integ:21001000000], [Cronetdynamite:200414040700], [Dynamiteloader:200414040000], [Dynamitemodulesa:200414040000], [Dynamitemodulesc:200414040000], [Googlecertificates:200414040000], [Mapsdynamite:200414040000], [Measurementdynamite:200414040000]]
11-30 20:56:59.950  1647  1701 D gralloc_ranchu: gralloc_alloc: Creating ashmem region of size 9334784
11-30 20:56:59.950  2419  2419 E ActivityThread: Failed to find provider info for com.google.android.gsf.gservices
11-30 20:56:59.952  1951  2002 W LocalDisplayAdapter: Unable to find color mode 0, ignoring request.
11-30 20:56:59.957  2419  2419 E ActivityThread: Failed to find provider info for com.google.android.gsf.gservices
11-30 20:56:59.970  2186  2186 D TelephonyProvider: subIdString = -2 subId = -2
11-30 20:56:59.967  2419  2419 I chatty  : uid=10014(com.google.android.gms) identical 2 lines
11-30 20:56:59.970  2419  2419 E ActivityThread: Failed to find provider info for com.google.android.gsf.gservices
11-30 20:56:59.971  2090  2090 E ActivityThread: Failed to find provider info for com.google.android.gsf.gservices
11-30 20:56:59.971  2186  2186 D TelephonyProvider: getPreferredApnIdFromApn: for subId -2
11-30 20:56:59.971  2419  2419 E ActivityThread: Failed to find provider info for com.google.android.gsf.gservices
11-30 20:56:59.973  2419  2419 E ActivityThread: Failed to find provider info for com.google.android.gsf.gservices
11-30 20:56:59.974  2090  2090 E ActivityThread: Failed to find provider info for com.google.android.gsf.gservices
11-30 20:56:59.976  2419  2419 E ActivityThread: Failed to find provider info for com.google.android.gsf.gservices
11-30 20:56:59.977  2419  2419 I chatty  : uid=10014(com.google.android.gms) identical 1 line
11-30 20:56:59.978  2419  2419 E ActivityThread: Failed to find provider info for com.google.android.gsf.gservices
11-30 20:56:59.982  2186  2186 I TelecomFramework: PstnIncomingCallNotifier: Unregistering: Handler (com.android.internal.telephony.GsmCdmaPhone) {4e4350d}
11-30 20:56:59.983  2090  2090 E ActivityThread: Failed to find provider info for com.google.android.gsf.gservices
11-30 20:56:59.984  2090  2090 I GmsApplication: Registering the BackgroundBroadcastReceiverSupport receiver.
11-30 20:56:59.989  2186  2186 E PhoneInterfaceManager: [PhoneIntfMgr] getIccId: No UICC
11-30 20:56:59.992  1647  1701 D gralloc_ranchu: gralloc_alloc: Creating ashmem region of size 9334784
11-30 20:56:59.994  1951  1962 I Telecom : PhoneAccountRegistrar: Modify account: [ComponentInfo{com.android.phone/com.android.services.telephony.TelephonyConnectionService}, ***, UserHandle{0}(addr: tel:************ -> tel:)(subAddr: tel:************ -> tel:)]: TSI.rPA@ABE
11-30 20:56:59.995  2090  2090 E ActivityThread: Failed to find provider info for com.google.android.gsf.gservices
11-30 20:56:59.996  2090  2090 E ActivityThread: Failed to find provider info for com.google.android.gsf.gservices
11-30 20:56:59.998  2186  2186 I TelecomFramework: AccountEntry: Registered phoneAccount: [[ ] PhoneAccount: ComponentInfo{com.android.phone/com.android.services.telephony.TelephonyConnectionService}, ***, UserHandle{0} Capabilities: CallProvider MultiUser PlaceEmerg SimSub  Audio Routes: BESW Schemes: tel voicemail  Extras: Bundle[{android.telecom.extra.SUPPORTS_VIDEO_CALLING_FALLBACK=true}] GroupId: ***] with handle: ComponentInfo{com.android.phone/com.android.services.telephony.TelephonyConnectionService}, ***, UserHandle{0}
11-30 20:56:59.998  2186  2186 I TelecomFramework: PstnIncomingCallNotifier: Registering: Handler (com.android.internal.telephony.GsmCdmaPhone) {4e4350d}
11-30 20:57:00.000  2100  2100 I ImageWallpaper: Redrawing in rect: RectF(0.0, 0.0, 2621.9531, 2160.0) with surface size: 1243x2160
11-30 20:57:00.002  2100  2370 D EGL_emulation: eglMakeCurrent: 0xccdb8600: ver 3 1 (tinfo 0xdf9a2d70)
11-30 20:57:00.018  2090  2090 I GmsReceiverSupport: Registered Receiver for 18+1 IntentFilters
11-30 20:57:00.020  2090  2090 E ActivityThread: Failed to find provider info for com.google.android.gsf.gservices
11-30 20:57:00.025  2419  2419 I ModuleSetMgr: Pending container module APKs: []
11-30 20:57:00.025  2419  2419 I ModuleSetMgr: Pending non-container module APKs: []
11-30 20:57:00.026  2186  2186 I ImsExternalCallTracker: handleVideoCapabilitiesChanged : isVideoCapable = false
11-30 20:57:00.026  2186  2186 D ImsExternalCallTracker: refreshCallPullState
11-30 20:57:00.026  2186  2186 I TelecomFramework: PstnPhoneCapabilitiesNotifier: handleVideoCapabilitesChanged. Video capability - false
11-30 20:57:00.027  2419  2419 E ActivityThread: Failed to find provider info for com.google.android.gsf.gservices
11-30 20:57:00.028  2186  2186 E PhoneInterfaceManager: [PhoneIntfMgr] getIccId: No UICC
11-30 20:57:00.031  2090  2090 E ActivityThread: Failed to find provider info for com.google.android.gsf.gservices
11-30 20:57:00.033  2419  2419 E ActivityThread: Failed to find provider info for com.google.android.gsf.gservices
11-30 20:57:00.034  2090  2090 E ActivityThread: Failed to find provider info for com.google.android.gsf.gservices
11-30 20:57:00.035  2090  2090 I chatty  : uid=10014 com.google.android.gms.persistent identical 1 line
11-30 20:57:00.036  2090  2090 E ActivityThread: Failed to find provider info for com.google.android.gsf.gservices
11-30 20:57:00.045  2419  2419 E ActivityThread: Failed to find provider info for com.google.android.gsf.gservices
11-30 20:57:00.054  2419  2419 I chatty  : uid=10014(com.google.android.gms) identical 2 lines
11-30 20:57:00.055  2419  2419 E ActivityThread: Failed to find provider info for com.google.android.gsf.gservices
11-30 20:57:00.057  1951  2039 I Telecom : PhoneAccountRegistrar: Modify account: [ComponentInfo{com.android.phone/com.android.services.telephony.TelephonyConnectionService}, ***, UserHandle{0}]: TSI.rPA@ABQ
11-30 20:57:00.075  2090  2090 E ActivityThread: Failed to find provider info for com.google.android.gsf.gservices
11-30 20:57:00.076  2090  2090 I chatty  : uid=10014 com.google.android.gms.persistent identical 1 line
11-30 20:57:00.077  2090  2090 E ActivityThread: Failed to find provider info for com.google.android.gsf.gservices
11-30 20:57:00.078  2186  2404 D MccTable: updateMccMncConfiguration mccmnc='310260' fromServiceState=false
11-30 20:57:00.080  2090  2090 E ActivityThread: Failed to find provider info for com.google.android.gsf.gservices
11-30 20:57:00.083  2186  2404 D MccTable: updateMccMncConfiguration defaultMccMnc=310260
11-30 20:57:00.083  2186  2404 D MccTable: updateMccMncConfiguration: mcc=310, mnc=260
11-30 20:57:00.083  2186  2404 D MccTable: updateMccMncConfiguration updateConfig config={0.0 310mcc260mnc ?localeList ?layoutDir ?swdp ?wdp ?hdp ?density ?lsize ?long ?ldr ?wideColorGamut ?orien ?uimode ?night ?touch ?keyb/?/? ?nav/? winConfig={ mBounds=Rect(0, 0 - 0, 0) mAppBounds=null mWindowingMode=undefined mActivityType=undefined}}
11-30 20:57:00.094  2100  2370 D eglCodecCommon: setVertexArrayObject: set vao to 0 (0) 3 2
11-30 20:57:00.098  2090  2090 E ActivityThread: Failed to find provider info for com.google.android.gsf.gservices
11-30 20:57:00.108  2317  2358 D eglCodecCommon: setVertexArrayObject: set vao to 0 (0) 1 2
11-30 20:57:00.106  2090  2090 E ActivityThread: Failed to find provider info for com.google.android.gsf.gservices
11-30 20:57:00.124  2186  2186 I TelecomFramework: PstnIncomingCallNotifier: Unregistering: Handler (com.android.internal.telephony.GsmCdmaPhone) {4e4350d}
11-30 20:57:00.140  1647  1701 D gralloc_ranchu: gralloc_alloc: Creating ashmem region of size 9334784
11-30 20:57:00.162  1951  1962 W ActivityManager: Slow operation: 52ms so far, now at getContentProviderImpl: after resolveContentProvider
11-30 20:57:00.164  2090  2090 E ActivityThread: Failed to find provider info for com.google.android.gsf.gservices
11-30 20:57:00.166  2090  2090 I chatty  : uid=10014 com.google.android.gms.persistent identical 2 lines
11-30 20:57:00.174  2090  2090 E ActivityThread: Failed to find provider info for com.google.android.gsf.gservices
11-30 20:57:00.180  2419  2419 E ActivityThread: Failed to find provider info for com.google.android.gsf.gservices
11-30 20:57:00.182  2100  2100 I Choreographer: Skipped 74 frames!  The application may be doing too much work on its main thread.
11-30 20:57:00.182  2419  2419 E ActivityThread: Failed to find provider info for com.google.android.gsf.gservices
11-30 20:57:00.187  1951  1951 V SettingsProvider: Notifying for 0: content://settings/global/multi_sim_data_call
11-30 20:57:00.192  2419  2419 I GmsApplication: Updating config completed
11-30 20:57:00.195  1951  1951 V SettingsProvider: Notifying for 0: content://settings/global/multi_sim_sms
11-30 20:57:00.201  2090  2450 I NativeLibraryUtils: Extraction to /data/user_de/0/com.google.android.gms/app_extracted_libs/x86/libAppDataSearch.so true
11-30 20:57:00.201  2090  2090 E ActivityThread: Failed to find provider info for com.google.android.gsf.gservices
11-30 20:57:00.202  2090  2090 E ActivityThread: Failed to find provider info for com.google.android.gsf.gservices
11-30 20:57:00.205  1951  1951 V SettingsProvider: Notifying for 0: content://settings/global/multi_sim_voice_call
11-30 20:57:00.210  2090  2090 E ActivityThread: Failed to find provider info for com.google.android.gsf.gservices
11-30 20:57:00.235  2090  2090 W PrimesInit: Primes instant initialization
11-30 20:57:00.239  2090  2457 W Primes  : background initialization
11-30 20:57:00.242  1647  1701 D gralloc_ranchu: gralloc_alloc: Creating ashmem region of size 24576
11-30 20:57:00.246  2419  2419 W DynamiteModule: Local module descriptor class for providerinstaller not found.
11-30 20:57:00.247  1647  1701 D gralloc_ranchu: gralloc_alloc: Creating ashmem region of size 24576
11-30 20:57:00.248  2419  2419 W ProviderHelper: Unknown dynamite feature providerinstaller
11-30 20:57:00.239  2090  2090 I chatty  : uid=10014 com.google.android.gms.persistent identical 4 lines
11-30 20:57:00.242  2090  2090 E ActivityThread: Failed to find provider info for com.google.android.gsf.gservices
11-30 20:57:00.249  2419  2419 E ActivityThread: Failed to find provider info for com.google.android.gsf.gservices
11-30 20:57:00.249  2419  2419 I DynamiteModule: Considering local module providerinstaller:0 and remote module providerinstaller:0
11-30 20:57:00.250  2419  2419 W ProviderInstaller: Failed to load providerinstaller module: No acceptable module found. Local version is 0 and remote version is 0.
11-30 20:57:00.249  2419  2419 E ActivityThread: Failed to find provider info for com.google.android.gsf.gservices
11-30 20:57:00.251  2090  2090 E ActivityThread: Failed to find provider info for com.google.android.gsf.gservices
11-30 20:57:00.256  1647  1701 D gralloc_ranchu: gralloc_alloc: Creating ashmem region of size 24576
11-30 20:57:00.255  2090  2090 E ActivityThread: Failed to find provider info for com.google.android.gsf.gservices
11-30 20:57:00.256  2090  2457 E ActivityThread: Failed to find provider info for com.google.android.gsf.gservices
11-30 20:57:00.257  2090  2450 I NativeLibraryUtils: Extraction to /data/user_de/0/com.google.android.gms/app_extracted_libs/x86/libWhisper.so false
11-30 20:57:00.257  2419  2419 V NativeCrypto: Registering com/google/android/gms/org/conscrypt/NativeCrypto's 286 native methods...
11-30 20:57:00.260  1951  2288 I Telecom : PhoneAccountRegistrar: New phone account registered: [[ ] PhoneAccount: ComponentInfo{com.android.phone/com.android.services.telephony.TelephonyConnectionService}, ***, UserHandle{0} Capabilities: CallProvider MultiUser PlaceEmerg SimSub  Audio Routes: BESW Schemes: tel voicemail  Extras: Bundle[mParcelledData.dataSize=124] GroupId: ***]: TSI.rPA@ABU
11-30 20:57:00.261  1647  1701 D gralloc_ranchu: gralloc_alloc: Creating ashmem region of size 24576
11-30 20:57:00.262  1951  2288 I Telecom : CallsManager: Sending phone-account ComponentInfo{com.android.phone/com.android.services.telephony.TelephonyConnectionService}, ***, UserHandle{0} registered intent as user: TSI.rPA@ABU
11-30 20:57:00.265  2419  2419 D NetworkSecurityConfig: Using Network Security Config from resource network_security_config debugBuild: false
11-30 20:57:00.265  1951  2288 I Telecom : CallsManager: Sending phone-account registered intent to default dialer: TSI.rPA@ABU
11-30 20:57:00.266  2419  2419 I ProviderInstaller: Installed default security provider GmsCore_OpenSSL
11-30 20:57:00.267  2419  2419 E ActivityThread: Failed to find provider info for com.google.android.gsf.gservices
11-30 20:57:00.267  2100  2370 D EGL_emulation: eglMakeCurrent: 0xccdb8600: ver 3 1 (tinfo 0xdf9a2d70)
11-30 20:57:00.269  2419  2419 I chatty  : uid=10014(com.google.android.gms) identical 2 lines
11-30 20:57:00.270  2419  2419 E ActivityThread: Failed to find provider info for com.google.android.gsf.gservices
11-30 20:57:00.270  2186  2186 I TelecomFramework: AccountEntry: Registered phoneAccount: [[ ] PhoneAccount: ComponentInfo{com.android.phone/com.android.services.telephony.TelephonyConnectionService}, ***, UserHandle{0} Capabilities: CallProvider MultiUser PlaceEmerg SimSub  Audio Routes: BESW Schemes: tel voicemail  Extras: Bundle[{android.telecom.extra.SUPPORTS_VIDEO_CALLING_FALLBACK=true}] GroupId: ***] with handle: ComponentInfo{com.android.phone/com.android.services.telephony.TelephonyConnectionService}, ***, UserHandle{0}
11-30 20:57:00.270  2186  2186 I TelecomFramework: PstnIncomingCallNotifier: Registering: Handler (com.android.internal.telephony.GsmCdmaPhone) {4e4350d}
11-30 20:57:00.272  2419  2419 E ActivityThread: Failed to find provider info for com.google.android.gsf.gservices
11-30 20:57:00.276  2186  2186 I TelecomFramework: TelecomAccountRegistry: Unregistering phone account ComponentInfo{com.android.phone/com.android.services.telephony.TelephonyConnectionService}, ***, UserHandle{0}.
11-30 20:57:00.278  1951  1963 I Telecom : CallsManager: Sending phone-account ComponentInfo{com.android.phone/com.android.services.telephony.TelephonyConnectionService}, ***, UserHandle{0} unregistered intent as user: TSI.uPA@ABc
11-30 20:57:00.278  1951  1963 I Telecom : CallsManager: Sending phone-account unregistered intent to default dialer: TSI.uPA@ABc
11-30 20:57:00.281  2419  2419 E ActivityThread: Failed to find provider info for com.google.android.gsf.gservices
11-30 20:57:00.287  2090  2450 I NativeLibraryUtils: Extraction to /data/user_de/0/com.google.android.gms/app_extracted_libs/x86/libconscrypt_gmscore_jni.so true
11-30 20:57:00.295  2100  2370 I OpenGLRenderer: Davey! duration=1360ms; Flags=1, IntendedVsync=25990663098, Vsync=27223996382, OldestInputEvent=9223372036854775807, NewestInputEvent=0, HandleInputStart=27240140200, AnimationStart=27240191100, PerformTraversalsStart=27240995000, DrawStart=27290029900, SyncQueued=27324306800, SyncStart=27325187000, IssueDrawCommandsStart=27327431900, SwapBuffers=27345979900, FrameCompleted=27352326300, DequeueBufferDuration=3837000, QueueBufferDuration=600000, 
11-30 20:57:00.298  2419  2419 E ActivityThread: Failed to find provider info for com.google.android.gsf.gservices
11-30 20:57:00.300  2090  2090 E ActivityThread: Failed to find provider info for com.google.android.gsf.gservices
11-30 20:57:00.304  2090  2450 I NativeLibraryUtils: Extraction to /data/user_de/0/com.google.android.gms/app_extracted_libs/x86/libgcastv2_base.so true
11-30 20:57:00.306  2419  2419 E ActivityThread: Failed to find provider info for com.google.android.gsf.gservices
11-30 20:57:00.306  2090  2090 E ActivityThread: Failed to find provider info for com.google.android.gsf.gservices
11-30 20:57:00.308  2419  2419 E ActivityThread: Failed to find provider info for com.google.android.gsf.gservices
11-30 20:57:00.309  2186  2186 D TelephonyProvider: subIdString = 1 subId = 1
11-30 20:57:00.309  2186  2186 D TelephonyProvider: getPreferredApnIdFromApn: for subId 1
11-30 20:57:00.308  2419  2419 I Safeboot: Checking safeboot...
11-30 20:57:00.311  2419  2419 I Safeboot: Not entering safeboot; wrong process.
11-30 20:57:00.316  2090  2450 I NativeLibraryUtils: Extraction to /data/user_de/0/com.google.android.gms/app_extracted_libs/x86/libgcastv2_support.so true
11-30 20:57:00.315  2419  2419 I chatty  : uid=10014(com.google.android.gms) identical 2 lines
11-30 20:57:00.316  2419  2419 E ActivityThread: Failed to find provider info for com.google.android.gsf.gservices
11-30 20:57:00.316  2090  2090 E ActivityThread: Failed to find provider info for com.google.android.gsf.gservices
11-30 20:57:00.317  2090  2090 E ActivityThread: Failed to find provider info for com.google.android.gsf.gservices
11-30 20:57:00.317  2419  2419 E ActivityThread: Failed to find provider info for com.google.android.gsf.gservices
11-30 20:57:00.322  2090  2090 E ActivityThread: Failed to find provider info for com.google.android.gsf.gservices
11-30 20:57:00.324  2090  2090 E ActivityThread: Failed to find provider info for com.google.android.gsf.gservices
11-30 20:57:00.331  2419  2459 E ActivityThread: Failed to find provider info for com.google.android.gsf.gservices
11-30 20:57:00.333  2090  2450 I NativeLibraryUtils: Extraction to /data/user_de/0/com.google.android.gms/app_extracted_libs/x86/libgmscore.so true
11-30 20:57:00.332  2419  2459 E ActivityThread: Failed to find provider info for com.google.android.gsf.gservices
11-30 20:57:00.334  2090  2090 E ActivityThread: Failed to find provider info for com.google.android.gsf.gservices
11-30 20:57:00.335  2419  2459 E ActivityThread: Failed to find provider info for com.google.android.gsf.gservices
11-30 20:57:00.339  2100  2370 D EGL_emulation: eglMakeCurrent: 0xccdb8600: ver 3 1 (tinfo 0xdf9a2d70)
11-30 20:57:00.338  2419  2459 I chatty  : uid=10014(com.google.android.gms) identical 2 lines
11-30 20:57:00.339  2419  2459 E ActivityThread: Failed to find provider info for com.google.android.gsf.gservices
11-30 20:57:00.348  2419  2419 E ActivityThread: Failed to find provider info for com.google.android.gsf.gservices
11-30 20:57:00.350  2090  2450 I NativeLibraryUtils: Extraction to /data/user_de/0/com.google.android.gms/app_extracted_libs/x86/libgoogle-ocrclient-v3.so true
11-30 20:57:00.350  2419  2419 E ActivityThread: Failed to find provider info for com.google.android.gsf.gservices
11-30 20:57:00.352  2419  2459 E ActivityThread: Failed to find provider info for com.google.android.gsf.gservices
11-30 20:57:00.353  2419  2459 E ActivityThread: Failed to find provider info for com.google.android.gsf.gservices
11-30 20:57:00.355  2419  2419 E ActivityThread: Failed to find provider info for com.google.android.gsf.gservices
11-30 20:57:00.359  2100  2370 I OpenGLRenderer: Davey! duration=1423ms; Flags=1, IntendedVsync=25990663098, Vsync=27223996382, OldestInputEvent=9223372036854775807, NewestInputEvent=0, HandleInputStart=27240140200, AnimationStart=27240191100, PerformTraversalsStart=27240995000, DrawStart=27389967200, SyncQueued=27395455900, SyncStart=27397631600, IssueDrawCommandsStart=27397930900, SwapBuffers=27416118300, FrameCompleted=27416651800, DequeueBufferDuration=44000, QueueBufferDuration=127000, 
11-30 20:57:00.382  2090  2450 I NativeLibraryUtils: Extraction to /data/user_de/0/com.google.android.gms/app_extracted_libs/x86/libinertial-anchor-jni.so true
11-30 20:57:00.393  2090  2450 I NativeLibraryUtils: Extraction to /data/user_de/0/com.google.android.gms/app_extracted_libs/x86/libjgcastservice.so true
11-30 20:57:00.391  2419  2419 I chatty  : uid=10014(com.google.android.gms) identical 2 lines
11-30 20:57:00.394  2419  2419 E ActivityThread: Failed to find provider info for com.google.android.gsf.gservices
11-30 20:57:00.399  1951  2044 I NetworkPolicy: No policy for subscriber 310260...; generating default policy
11-30 20:57:00.402  2419  2419 E ActivityThread: Failed to find provider info for com.google.android.gsf.gservices
11-30 20:57:00.409  2090  2090 E ActivityThread: Failed to find provider info for com.google.android.gsf.gservices
11-30 20:57:00.411  2419  2419 E ActivityThread: Failed to find provider info for com.google.android.gsf.gservices
11-30 20:57:00.413  2186  2404 D MccTable: updateMccMncConfiguration mccmnc='310260' fromServiceState=false
11-30 20:57:00.413  2186  2404 D MccTable: updateMccMncConfiguration defaultMccMnc=310260
11-30 20:57:00.413  2186  2404 D MccTable: updateMccMncConfiguration: mcc=310, mnc=260
11-30 20:57:00.413  2186  2404 D MccTable: updateMccMncConfiguration updateConfig config={0.0 310mcc260mnc ?localeList ?layoutDir ?swdp ?wdp ?hdp ?density ?lsize ?long ?ldr ?wideColorGamut ?orien ?uimode ?night ?touch ?keyb/?/? ?nav/? winConfig={ mBounds=Rect(0, 0 - 0, 0) mAppBounds=null mWindowingMode=undefined mActivityType=undefined}}
11-30 20:57:00.433  2419  2419 E ActivityThread: Failed to find provider info for com.google.android.gsf.gservices
11-30 20:57:00.442  2419  2459 E ActivityThread: Failed to find provider info for com.google.android.gsf.gservices
11-30 20:57:00.443  1951  1975 I WindowManager: ******* TELLING SURFACE FLINGER WE ARE BOOTED!
11-30 20:57:00.443  1789  1920 I SurfaceFlinger: Boot is finished (15102 ms)
11-30 20:57:00.443  2419  2419 E ActivityThread: Failed to find provider info for com.google.android.gsf.gservices
11-30 20:57:00.443  2090  2090 E ActivityThread: Failed to find provider info for com.google.android.gsf.gservices
11-30 20:57:00.445  2419  2459 E ActivityThread: Failed to find provider info for com.google.android.gsf.gservices
11-30 20:57:00.445  2419  2419 E ActivityThread: Failed to find provider info for com.google.android.gsf.gservices
