11-30 20:56:56.482  1951  1963 D PackageManager: Instant App installer not found with android.intent.action.INSTALL_INSTANT_APP_PACKAGE
11-30 20:56:56.482  1951  1963 D PackageManager: Clear ephemeral installer activity
11-30 20:56:56.489  1799  1869 I OMXClient: IOmx service obtained
11-30 20:56:56.489  1804  1804 I OMXMaster: makeComponentInstance(OMX.google.h264.encoder) in omx@1.0-service process
11-30 20:56:56.492  2090  2090 E ActivityThread: Failed to find provider info for com.google.android.gsf.gservices
11-30 20:56:56.507  2100  2100 V MediaRouter: Adding route: RouteInfo{ name=Phone, description=null, status=null, category=RouteCategory{ name=System types=ROUTE_TYPE_LIVE_AUDIO ROUTE_TYPE_LIVE_VIDEO  groupable=false }, supportedTypes=ROUTE_TYPE_LIVE_AUDIO ROUTE_TYPE_LIVE_VIDEO , presentationDisplay=null }
11-30 20:56:56.508  2100  2100 V MediaRouter: Selecting route: RouteInfo{ name=Phone, description=null, status=null, category=RouteCategory{ name=System types=ROUTE_TYPE_LIVE_AUDIO ROUTE_TYPE_LIVE_VIDEO  groupable=false }, supportedTypes=ROUTE_TYPE_LIVE_AUDIO ROUTE_TYPE_LIVE_VIDEO , presentationDisplay=null }
11-30 20:56:56.512  2090  2090 E ActivityThread: Failed to find provider info for com.google.android.gsf.gservices
11-30 20:56:56.513  1951  2076 I ActivityManager: START u0 {act=android.intent.action.MAIN cat=[android.intent.category.HOME] flg=0x10000100 cmp=com.google.android.setupwizard/.SetupWizardActivity} from uid 0
11-30 20:56:56.518  1799  1869 W OMXUtils: do not know color format 0x7f000789 = 2130708361
11-30 20:56:56.523  1799  1869 I OMXClient: IOmx service obtained
11-30 20:56:56.523  1804  1804 I OMXMaster: makeComponentInstance(OMX.google.h263.encoder) in omx@1.0-service process
11-30 20:56:56.533  1804  1804 I SoftMPEG4Encoder: Construct SoftMPEG4Encoder
11-30 20:56:56.534  1799  1869 W OMXUtils: do not know color format 0x7f000789 = 2130708361
11-30 20:56:56.534  1804  1804 E OMXNodeInstance: getConfig(0xec826de0:google.h263.encoder, ConfigAndroidIntraRefresh(0x6f60000a)) ERROR: Undefined(0x80001001)
11-30 20:56:56.539  2075  2075 I FeaturePermissions: onSharedPreferenceChanged() : Key = current_input_method_entry : Feature = null
11-30 20:56:56.542  2090  2090 E ActivityThread: Failed to find provider info for com.google.android.gsf.gservices
11-30 20:56:56.547  1799  1869 I OMXClient: IOmx service obtained
11-30 20:56:56.547  1804  1804 I OMXMaster: makeComponentInstance(OMX.google.mpeg4.encoder) in omx@1.0-service process
11-30 20:56:56.549  1804  1804 I SoftMPEG4Encoder: Construct SoftMPEG4Encoder
11-30 20:56:56.551  1799  1869 W OMXUtils: do not know color format 0x7f000789 = 2130708361
11-30 20:56:56.551  1804  1804 E OMXNodeInstance: getConfig(0xec826de0:google.mpeg4.encoder, ConfigAndroidIntraRefresh(0x6f60000a)) ERROR: Undefined(0x80001001)
11-30 20:56:56.546  2090  2090 E ActivityThread: Failed to find provider info for com.google.android.gsf.gservices
11-30 20:56:56.562  1951  1969 I ActivityManager: Start proc 2256:com.google.android.setupwizard/u0a27 for activity com.google.android.setupwizard/.SetupWizardActivity
11-30 20:56:56.565  2256  2256 W oid.setupwizar: Unexpected CPU variant for X86 using defaults: x86
11-30 20:56:56.566  1799  1869 I OMXClient: IOmx service obtained
11-30 20:56:56.566  1804  1900 I OMXMaster: makeComponentInstance(OMX.google.vp8.encoder) in omx@1.0-service process
11-30 20:56:56.589  1951  1963 D PackageManager: Instant App installer not found with android.intent.action.INSTALL_INSTANT_APP_PACKAGE
11-30 20:56:56.597  1799  1869 W OMXUtils: do not know color format 0x7f000789 = 2130708361
11-30 20:56:56.597  1804  1900 E OMXNodeInstance: getConfig(0xec826de0:google.vp8.encoder, ConfigAndroidIntraRefresh(0x6f60000a)) ERROR: Undefined(0x80001001)
11-30 20:56:56.597  1951  1963 D PackageManager: Clear ephemeral installer activity
11-30 20:56:56.598  2090  2090 E ActivityThread: Failed to find provider info for com.google.android.gsf.gservices
11-30 20:56:56.599  1799  1869 D MediaCodecList: ignored a null builder
11-30 20:56:56.608  1951  2158 I chatty  : uid=1000 system_server expire 1 line
11-30 20:56:56.599  2090  2090 E ActivityThread: Failed to find provider info for com.google.android.gsf.gservices
11-30 20:56:56.608  1951  2275 I Telecom : BluetoothRouteManager: getBluetoothAudioConnectedDevice: no headset service available.
11-30 20:56:56.608  1804  1900 I OMXMaster: makeComponentInstance(OMX.google.vorbis.decoder) in omx@1.0-service process
11-30 20:56:56.612  1804  1900 E OMXNodeInstance: getConfig(0xec826de0:google.vorbis.decoder, ConfigAndroidVendorExtension(0x6f100004)) ERROR: Undefined(0x80001001)
11-30 20:56:56.614  2090  2090 W DirectBootExitBR: User is in direct boot mode.
11-30 20:56:56.615  1634  1634 W AshmemAllocator: ashmem_create_region(32768) returning hidl_memory(0xefd1c180, 32768)
11-30 20:56:56.629  2090  2090 E ActivityThread: Failed to find provider info for com.google.android.gsf.gservices
11-30 20:56:56.633  1634  1634 I chatty  : uid=1000(system) allocator@1.0-s identical 40 lines
11-30 20:56:56.634  1634  1634 W AshmemAllocator: ashmem_create_region(32768) returning hidl_memory(0xefd1c180, 32768)
11-30 20:56:56.634  2256  2256 I oid.setupwizar: The ClassLoaderContext is a special shared library.
11-30 20:56:56.635  1634  1634 W AshmemAllocator: ashmem_create_region(32768) returning hidl_memory(0xefd1c180, 32768)
11-30 20:56:56.635  2256  2256 I oid.setupwizar: The ClassLoaderContext is a special shared library.
11-30 20:56:56.635  1634  1634 W AshmemAllocator: ashmem_create_region(32768) returning hidl_memory(0xefd1c180, 32768)
11-30 20:56:56.636  1634  1634 W AshmemAllocator: ashmem_create_region(32768) returning hidl_memory(0xefd1c180, 32768)
11-30 20:56:56.640  2100  2100 W SoundPool: Use of stream types is deprecated for operations other than volume control
11-30 20:56:56.640  2100  2100 W SoundPool: See the documentation of SoundPool() for what to use instead with android.media.AudioAttributes to qualify your playback use case
11-30 20:56:56.632  2090  2090 E ActivityThread: Failed to find provider info for com.google.android.gsf.gservices
11-30 20:56:56.645  1951  1951 I Telecom : SystemStateProvider: Registering car mode receiver: android.content.IntentFilter@d4a6cd: TS.init@AAA
11-30 20:56:56.652  1634  1634 W AshmemAllocator: ashmem_create_region(32768) returning hidl_memory(0xefd1c180, 32768)
11-30 20:56:56.653  1634  1634 W AshmemAllocator: ashmem_create_region(32768) returning hidl_memory(0xefd1c180, 32768)
11-30 20:56:56.653  2256  2256 I SetupWizard: [FrpHelper] Start loading FRP status
11-30 20:56:56.653  1634  1634 W AshmemAllocator: ashmem_create_region(32768) returning hidl_memory(0xefd1c180, 32768)
11-30 20:56:56.664  2100  2100 D SystemUIBootTiming: StartServicescom.android.systemui.keyguard.KeyguardViewMediator took to complete: 191ms
11-30 20:56:56.654  1634  1634 W AshmemAllocator: ashmem_create_region(32768) returning hidl_memory(0xefd1c180, 32768)
11-30 20:56:56.670  2075  2075 I FeaturePermissions: onSharedPreferenceChanged() : Key = pref_key_access_points_showing_order_migrated : Feature = null
11-30 20:56:56.681  2090  2090 E ActivityThread: Failed to find provider info for com.google.android.gsf.gservices
11-30 20:56:56.687  2090  2090 I chatty  : uid=10014 com.google.android.gms.persistent identical 4 lines
11-30 20:56:56.688  2090  2090 E ActivityThread: Failed to find provider info for com.google.android.gsf.gservices
11-30 20:56:56.699  1951  2290 I Telecom : Logging.Events: Non-call EVENT: AUDIO_ROUTE, Entering state QuiescentSpeakerRoute
11-30 20:56:56.699  1951  2290 I Telecom : BluetoothRouteManager: getBluetoothAudioConnectedDevice: no headset service available.
11-30 20:56:56.701  2100  2289 I OMXClient: IOmx service obtained
11-30 20:56:56.702  1804  1804 I OMXMaster: makeComponentInstance(OMX.google.vorbis.decoder) in omx@1.0-service process
11-30 20:56:56.703  1804  1804 E OMXNodeInstance: getConfig(0xec826ae0:google.vorbis.decoder, ConfigAndroidVendorExtension(0x6f100004)) ERROR: Undefined(0x80001001)
11-30 20:56:56.708  2256  2256 I SetupWizard: [SetupWizardActivity] DEVICE_PROVISIONED=false USER_SETUP_COMPLETE=false
11-30 20:56:56.709  1634  1634 W AshmemAllocator: ashmem_create_region(32768) returning hidl_memory(0xefd1c180, 32768)
11-30 20:56:56.710  2256  2256 I SetupWizard: [SetupWizardActivity] Early exit: provisioningMode=DISABLED
11-30 20:56:56.710  1951  1951 I Telecom : MissedCallNotifierImpl: reloadFromDatabase: Boot not yet complete -- call log db may not be available. Deferring loading until boot complete for user 0: TS.init@AAA
11-30 20:56:56.712  2090  2090 I GmsApplication: Staging modules and/or updating config
11-30 20:56:56.713  2090  2090 I GmsApplication: Staging modules
11-30 20:56:56.714  2090  2090 I FileApkMgr: Extracting modules...
11-30 20:56:56.716  2256  2256 E ActivityThread: Failed to find provider info for com.google.android.gsf.gservices
11-30 20:56:56.717  2256  2256 E ActivityThread: Failed to find provider info for com.google.android.gsf.gservices
11-30 20:56:56.720  2256  2256 E ActivityThread: Failed to find provider info for com.google.settings
11-30 20:56:56.723  2090  2090 E ConfigFileUtils: Failed to read config file: /data/user_de/0/com.google.android.gms/app_chimera/current_fileapks.pb (No such file or directory)
11-30 20:56:56.724  2100  2100 D OpenGLRenderer: Skia GL Pipeline
11-30 20:56:56.726  1951  2292 I Telecom : CallAudioModeStateMachine: Message received: null.: TS.init->CAMSM.pM_1@AAA
11-30 20:56:56.726  2256  2256 E GoogleSettings: Can't set key use_location_for_services in content://com.google.settings/partner
11-30 20:56:56.726  2256  2256 E GoogleSettings: java.lang.IllegalArgumentException: Unknown URL content://com.google.settings/partner
11-30 20:56:56.726  2256  2256 E GoogleSettings: 	at android.content.ContentResolver.insert(ContentResolver.java:1583)
11-30 20:56:56.726  2256  2256 E GoogleSettings: 	at com.google.android.gsf.GoogleSettingsContract$NameValueTable.putString(GoogleSettingsContract.java:160)
11-30 20:56:56.726  2256  2256 E GoogleSettings: 	at com.google.android.gsf.GoogleSettingsContract$Partner.putString(GoogleSettingsContract.java:237)
11-30 20:56:56.726  2256  2256 E GoogleSettings: 	at com.google.android.gsf.GoogleSettingsContract$Partner.putInt(GoogleSettingsContract.java:249)
11-30 20:56:56.726  2256  2256 E GoogleSettings: 	at com.google.android.gsf.UseLocationForServices.forceSetUseLocationForServices(UseLocationForServices.java:153)
11-30 20:56:56.726  2256  2256 E GoogleSettings: 	at com.google.android.setupwizard.lifecycle.InitialSetupLifecycleCallback.onExit(InitialSetupLifecycleCallback.java:70)
11-30 20:56:56.726  2256  2256 E GoogleSettings: 	at com.google.android.setupwizard.common.lifecycle.LifecycleManager$Callback.onExit(LifecycleManager.java:294)
11-30 20:56:56.726  2256  2256 E GoogleSettings: 	at com.google.android.setupwizard.common.lifecycle.LifecycleManager.notifyExit(LifecycleManager.java:132)
11-30 20:56:56.726  2256  2256 E GoogleSettings: 	at com.google.android.setupwizard.util.ExitHelper.finishSetup(ExitHelper.java:76)
11-30 20:56:56.726  2256  2256 E GoogleSettings: 	at com.google.android.setupwizard.SetupWizardActivity.runForSuw(SetupWizardActivity.java:136)
11-30 20:56:56.726  2256  2256 E GoogleSettings: 	at com.google.android.setupwizard.SetupWizardActivity.onCreate(SetupWizardActivity.java:88)
11-30 20:56:56.726  2256  2256 E GoogleSettings: 	at android.app.Activity.performCreate(Activity.java:7136)
11-30 20:56:56.726  2256  2256 E GoogleSettings: 	at android.app.Activity.performCreate(Activity.java:7127)
11-30 20:56:56.726  2256  2256 E GoogleSettings: 	at android.app.Instrumentation.callActivityOnCreate(Instrumentation.java:1271)
11-30 20:56:56.726  2256  2256 E GoogleSettings: 	at android.app.ActivityThread.performLaunchActivity(ActivityThread.java:2893)
11-30 20:56:56.726  2256  2256 E GoogleSettings: 	at android.app.ActivityThread.handleLaunchActivity(ActivityThread.java:3048)
11-30 20:56:56.726  2256  2256 E GoogleSettings: 	at android.app.servertransaction.LaunchActivityItem.execute(LaunchActivityItem.java:78)
11-30 20:56:56.726  2256  2256 E GoogleSettings: 	at android.app.servertransaction.TransactionExecutor.executeCallbacks(TransactionExecutor.java:108)
11-30 20:56:56.726  2256  2256 E GoogleSettings: 	at android.app.servertransaction.TransactionExecutor.execute(TransactionExecutor.java:68)
11-30 20:56:56.726  2256  2256 E GoogleSettings: 	at android.app.ActivityThread$H.handleMessage(ActivityThread.java:1808)
11-30 20:56:56.726  2256  2256 E GoogleSettings: 	at android.os.Handler.dispatchMessage(Handler.java:106)
11-30 20:56:56.726  2256  2256 E GoogleSettings: 	at android.os.Looper.loop(Looper.java:193)
11-30 20:56:56.726  2256  2256 E GoogleSettings: 	at android.app.ActivityThread.main(ActivityThread.java:6669)
11-30 20:56:56.726  2256  2256 E GoogleSettings: 	at java.lang.reflect.Method.invoke(Native Method)
11-30 20:56:56.726  2256  2256 E GoogleSettings: 	at com.android.internal.os.RuntimeInit$MethodAndArgsCaller.run(RuntimeInit.java:493)
11-30 20:56:56.726  2256  2256 E GoogleSettings: 	at com.android.internal.os.ZygoteInit.main(ZygoteInit.java:858)
11-30 20:56:56.727  2256  2256 I SetupWizard: [AddContactsReceiver] Starting intent to add contacts
11-30 20:56:56.729  1634  1634 W AshmemAllocator: ashmem_create_region(32768) returning hidl_memory(0xefd1c180, 32768)
11-30 20:56:56.731  1634  1634 W AshmemAllocator: ashmem_create_region(32768) returning hidl_memory(0xefd1c180, 32768)
11-30 20:56:56.731  1951  2297 I chatty  : uid=1000 system_server expire 1 line
11-30 20:56:56.731  1804  1804 I OMXMaster: makeComponentInstance(OMX.google.vorbis.decoder) in omx@1.0-service process
11-30 20:56:56.731  1634  1634 W AshmemAllocator: ashmem_create_region(32768) returning hidl_memory(0xefd1c180, 32768)
11-30 20:56:56.732  2256  2256 W SetupWizard: [GservicesValue] Bad attempt to access Gservices value before user is unlocked. Returning default value for google_setup:device_origin_wipe_out_delay
11-30 20:56:56.733  1804  1804 E OMXNodeInstance: getConfig(0xec826ba0:google.vorbis.decoder, ConfigAndroidVendorExtension(0x6f100004)) ERROR: Undefined(0x80001001)
11-30 20:56:56.735  1634  1634 W AshmemAllocator: ashmem_create_region(32768) returning hidl_memory(0xefd1c180, 32768)
11-30 20:56:56.740  2256  2256 E ActivityThread: Failed to find provider info for com.google.android.gsf.gservices
11-30 20:56:56.743  1951  1962 W AccountManagerService: Blocking binding to authenticator ComponentInfo{com.google.android.gms/com.google.android.gms.auth.account.authenticator.GoogleAccountAuthenticatorService} which isn't encryption aware
11-30 20:56:56.742  1634  1634 W AshmemAllocator: ashmem_create_region(32768) returning hidl_memory(0xefd1c180, 32768)
11-30 20:56:56.743  1951  1962 I chatty  : uid=1000(system) Binder:1951_1 expire 11 lines
11-30 20:56:56.744  2256  2256 I SetupWizard: [ComponentLifecycleCallback] Resetting enabled state of all components
11-30 20:56:56.744  1951  1951 I Telecom : Class: TelecomSystem.INSTANCE being set
11-30 20:56:56.744  1634  1634 W AshmemAllocator: ashmem_create_region(32768) returning hidl_memory(0xefd1c180, 32768)
11-30 20:56:56.747  1634  1634 W AshmemAllocator: ashmem_create_region(32768) returning hidl_memory(0xefd1c180, 32768)
11-30 20:56:56.747  1634  1634 W AshmemAllocator: ashmem_create_region(32768) returning hidl_memory(0xefd1c180, 32768)
11-30 20:56:56.747  1951  1951 W Looper  : Slow dispatch took 257ms main h=android.app.ActivityThread$H c=null m=121
11-30 20:56:56.763  1634  1634 W AshmemAllocator: ashmem_create_region(32768) returning hidl_memory(0xefd1c180, 32768)
11-30 20:56:56.773  2075  2075 I FeaturePermissions: onSharedPreferenceChanged() : Key = ACTIVE_IME.SOFT.und-Latn-x-password : Feature = null
11-30 20:56:56.810  2090  2090 E ActivityThread: Failed to find provider info for com.google.android.gsf.gservices
11-30 20:56:56.811  2090  2090 E ActivityThread: Failed to find provider info for com.google.android.gsf.gservices
11-30 20:56:56.831  1951  2253 D PackageManager: Instant App installer not found with android.intent.action.INSTALL_INSTANT_APP_PACKAGE
11-30 20:56:56.831  1951  2253 D PackageManager: Clear ephemeral installer activity
11-30 20:56:56.841  1951  1951 V SettingsProvider: Notifying for 0: content://settings/secure/accessibility_enabled
11-30 20:56:56.843  1951  1951 V SettingsProvider: Notifying for 0: content://settings/secure/accessibility_shortcut_target_service
11-30 20:56:56.843  1951  1951 V SettingsProvider: Notifying for 0: content://settings/secure/accessibility_shortcut_enabled
11-30 20:56:56.845  1794  1997 D installd: Found quota mount /dev/block/dm-1 at /data
11-30 20:56:56.845  1794  1997 D installd: Found storage mount /data/media at /mnt/runtime/default/emulated
11-30 20:56:56.851  1951  2309 I chatty  : uid=1000 system_server expire 1 line
11-30 20:56:56.851  1804  1804 I OMXMaster: makeComponentInstance(OMX.google.vorbis.decoder) in omx@1.0-service process
11-30 20:56:56.853  1804  1900 E OMXNodeInstance: getConfig(0xec826cc0:google.vorbis.decoder, ConfigAndroidVendorExtension(0x6f100004)) ERROR: Undefined(0x80001001)
11-30 20:56:56.859  1634  1634 W AshmemAllocator: ashmem_create_region(32768) returning hidl_memory(0xefd1c180, 32768)
11-30 20:56:56.861  1951  1951 V SettingsProvider: Notifying for 0: content://settings/global/webview_provider
11-30 20:56:56.863  1951  2050 E WifiP2pService: Unexpected disable request when WifiChannel is null
11-30 20:56:56.863  1951  2253 W AccountManagerService: Blocking binding to authenticator ComponentInfo{com.google.android.gms/com.google.android.gms.auth.account.authenticator.GoogleAccountAuthenticatorService} which isn't encryption aware
11-30 20:56:56.863  1951  2253 I chatty  : uid=1000(system) Binder:1951_6 expire 2 lines
11-30 20:56:56.864  1951  1951 V SettingsProvider: Notifying for 0: content://settings/global/boot_count
11-30 20:56:56.865  1951  2253 I ActivityManager: START u0 {act=android.intent.action.MAIN cat=[android.intent.category.HOME] flg=0x10000100 cmp=com.android.settings/.FallbackHome} from uid 0
11-30 20:56:56.870  1634  1634 W AshmemAllocator: ashmem_create_region(32768) returning hidl_memory(0xefd1c180, 32768)
11-30 20:56:56.883  2256  2256 E ActivityThread: Failed to find provider info for com.google.android.gsf.gservices
11-30 20:56:56.885  1951  1951 V SettingsProvider: Notifying for 0: content://settings/global/emergency_affordance_needed
11-30 20:56:56.882  1634  1634 W AshmemAllocator: ashmem_create_region(32768) returning hidl_memory(0xefd1c180, 32768)
11-30 20:56:56.909  2317  2317 W ndroid.setting: Unexpected CPU variant for X86 using defaults: x86
11-30 20:56:56.910  1951  1969 I ActivityManager: Start proc 2317:com.android.settings/1000 for activity com.android.settings/.FallbackHome
11-30 20:56:56.911  2256  2256 I SetupWizard: [PreDeferredLifecycleScheduler] Scheduled job#2650 to run at Tue Nov 30 18:56:57 GMT 2021
11-30 20:56:56.924  2100  2323 I OMXClient: IOmx service obtained
11-30 20:56:56.924  1804  2312 I OMXMaster: makeComponentInstance(OMX.google.vorbis.decoder) in omx@1.0-service process
11-30 20:56:56.924  1951  1951 V WiredAccessoryManager: notifyWiredAccessoryChanged: when=0 bits= mask=54
11-30 20:56:56.924  1951  1951 V WiredAccessoryManager: newName=h2w newState=0 headsetState=0 prev headsetState=0
11-30 20:56:56.925  1951  1951 V WiredAccessoryManager: init()
11-30 20:56:56.926  1804  1899 E OMXNodeInstance: getConfig(0xec826ae0:google.vorbis.decoder, ConfigAndroidVendorExtension(0x6f100004)) ERROR: Undefined(0x80001001)
11-30 20:56:56.928  1634  1634 W AshmemAllocator: ashmem_create_region(32768) returning hidl_memory(0xefd1c180, 32768)
11-30 20:56:56.931  1951  1951 V NotificationListeners: enabling notification listener for 0: ComponentInfo{com.google.android.apps.restore/com.google.android.apps.pixelmigrate.component.NotificationConsolidatorService}
11-30 20:56:56.931  1951  1951 V NotificationListeners: binding: Intent { act=android.service.notification.NotificationListenerService cmp=com.google.android.apps.restore/com.google.android.apps.pixelmigrate.component.NotificationConsolidatorService (has extras) }
11-30 20:56:56.932  1951  1951 W ActivityManager: Unable to start service Intent { act=android.service.notification.NotificationListenerService cmp=com.google.android.apps.restore/com.google.android.apps.pixelmigrate.component.NotificationConsolidatorService } U=0: not found
11-30 20:56:56.932  2100  2100 D SystemUIBootTiming: StartServicescom.android.systemui.recents.Recents took to complete: 268ms
11-30 20:56:56.932  1951  1951 W NotificationListeners: Unable to bind notification listener service: Intent { act=android.service.notification.NotificationListenerService cmp=com.google.android.apps.restore/com.google.android.apps.pixelmigrate.component.NotificationConsolidatorService (has extras) }
11-30 20:56:56.932  1951  1951 V NotificationAssistants: enabling notification assistant for 0: ComponentInfo{com.google.android.ext.services/android.ext.services.notification.Assistant}
11-30 20:56:56.932  1951  1951 V NotificationAssistants: binding: Intent { act=android.service.notification.NotificationAssistantService cmp=com.google.android.ext.services/android.ext.services.notification.Assistant (has extras) }
11-30 20:56:56.932  1634  1634 W AshmemAllocator: ashmem_create_region(32768) returning hidl_memory(0xefd1c180, 32768)
11-30 20:56:56.935  1637  1637 W DeviceHAL: Error from HAL Device in function set_mic_mute: Function not implemented
11-30 20:56:56.951  2100  2100 I vol.Events: writeEvent collection_started
11-30 20:56:56.955  1951  1951 V SettingsProvider: Notifying for 0: content://settings/secure/enabled_notification_listeners
11-30 20:56:56.955  1951  1951 V SettingsProvider: Notifying for 0: content://settings/secure/enabled_notification_assistant
11-30 20:56:56.955  1951  1951 V SettingsProvider: Notifying for 0: content://settings/secure/enabled_notification_policy_access_packages
11-30 20:56:56.964  1951  1951 V SettingsProvider: Notifying for 0: content://settings/global/zen_mode_config_etag
11-30 20:56:56.965  1951  1951 D ConditionProviders.SCP: onSubscribe condition://android/schedule?days=1.2.3.4.5.6.7&start=22.0&end=7.0&exitAtAlarm=true
11-30 20:56:56.966  1951  1951 D ConditionProviders.SCP: setRegistered true
11-30 20:56:56.967  1951  2057 E ActivityThread: Failed to find provider info for com.android.calendar
11-30 20:56:56.972  1634  1634 W AshmemAllocator: ashmem_create_region(32768) returning hidl_memory(0xefd1c180, 32768)
11-30 20:56:56.988  1634  1634 W AshmemAllocator: ashmem_create_region(32768) returning hidl_memory(0xefd1c180, 32768)
11-30 20:56:56.967  1951  2057 E ActivityThread: Failed to find provider info for com.android.calendar
11-30 20:56:56.989  1951  1951 D ConditionProviders.SCP: evaluateSubscriptionLocked cal=ScheduleCalendar[mDays={1, 2, 3, 4, 5, 6, 7}, mSchedule=ScheduleInfo{days=[1, 2, 3, 4, 5, 6, 7], startHour=22, startMinute=0, endHour=7, endMinute=0, exitAtAlarm=true, nextAlarm=Thu Jan 01 00:00:00 GMT 1970 (0)}], now=Tue Nov 30 18:56:56 GMT 2021 (1638298616966), nextUserAlarmTime=Thu Jan 01 00:00:00 GMT 1970 (0)
11-30 20:56:56.989  1951  1951 D ConditionProviders.SCP: notifyCondition condition://android/schedule?days=1.2.3.4.5.6.7&start=22.0&end=7.0&exitAtAlarm=true STATE_FALSE reason=!meetsSchedule
11-30 20:56:56.992  1634  1634 W AshmemAllocator: ashmem_create_region(32768) returning hidl_memory(0xefd1c180, 32768)
11-30 20:56:57.005  1951  1951 D ConditionProviders.SCP: Scheduling evaluate for Tue Nov 30 22:00:00 GMT 2021 (1638309600000), in +3h3m3s34ms, now=Tue Nov 30 18:56:56 GMT 2021 (1638298616966)
11-30 20:56:57.007  1951  2338 I chatty  : uid=1000 system_server expire 1 line
11-30 20:56:57.007  1804  2303 I OMXMaster: makeComponentInstance(OMX.google.vorbis.decoder) in omx@1.0-service process
11-30 20:56:57.012  1804  1804 E OMXNodeInstance: getConfig(0xec826cc0:google.vorbis.decoder, ConfigAndroidVendorExtension(0x6f100004)) ERROR: Undefined(0x80001001)
11-30 20:56:57.014  2138  2138 I WebViewZygoteInit: Beginning package preload
11-30 20:56:57.015  1634  1634 W AshmemAllocator: ashmem_create_region(32768) returning hidl_memory(0xefd1c180, 32768)
11-30 20:56:57.017  1634  1634 W AshmemAllocator: ashmem_create_region(32768) returning hidl_memory(0xefd1c180, 32768)
11-30 20:56:57.018  1634  1634 W AshmemAllocator: ashmem_create_region(32768) returning hidl_memory(0xefd1c180, 32768)
11-30 20:56:57.020  1634  1634 W AshmemAllocator: ashmem_create_region(32768) returning hidl_memory(0xefd1c180, 32768)
11-30 20:56:57.023  2138  2138 I webview_zygote: The ClassLoaderContext is a special shared library.
11-30 20:56:57.023  2317  2317 I ndroid.setting: The ClassLoaderContext is a special shared library.
11-30 20:56:57.028  2317  2317 I ndroid.setting: The ClassLoaderContext is a special shared library.
11-30 20:56:57.030  1951  2073 I SyncManager: Got SyncJobService instance.
11-30 20:56:57.032  1951  1951 V SettingsProvider: Notifying for 0: content://settings/secure/sysui_tuner_version
11-30 20:56:57.032  1951  1951 I Telecom : WiredHeadsetManager: ACTION_HEADSET_PLUG event, plugged in: false, : WHC.oADA@AAE
11-30 20:56:57.035  1591  1591 D vold    : Recognized experimental block major ID 253 as virtio-blk (emulator's virtual SD card device)
11-30 20:56:57.035  1591  1591 V vold    : /system/bin/sgdisk
11-30 20:56:57.035  1591  1591 V vold    :     --android-dump
11-30 20:56:57.035  1591  1591 V vold    :     /dev/block/vold/disk:253,80
11-30 20:56:57.037  1951  1951 V SettingsProvider: Notifying for 0: content://settings/secure/allowed_geolocation_origins
11-30 20:56:57.037  1951  1951 V SettingsProvider: Notifying for 0: content://settings/secure/last_setup_shown
11-30 20:56:57.039  2100  2336 I vol.Events: writeEvent external_ringer_mode_changed normal
11-30 20:56:57.039  2100  2336 I vol.Events: writeEvent internal_ringer_mode_changed normal
11-30 20:56:57.055  1793  1793 D incidentd: Start uploading backlogs in /data/misc/incidents/
11-30 20:56:57.055  1793  1793 D incidentd: Successfully uploaded 0 files to Dropbox.
11-30 20:56:57.078  1951  1951 I Telecom : PhoneAccountRegistrar: SimCallManager queried, returning: null: TSI.gSCM@AAM
11-30 20:56:57.088  1951  1951 I LockSettingsService: Reporting device setup complete to IGateKeeperService
11-30 20:56:57.090  1807  1807 D PermissionCache: checking android.permission.ACCESS_KEYGUARD_SECURE_STORAGE for uid=1000 => granted (1314 us)
11-30 20:56:57.090  1807  1807 I gatekeeperd: cold boot: clearing state
11-30 20:56:57.095  1951  1951 V SettingsProvider: Notifying for 0: content://settings/global/device_provisioned
11-30 20:56:57.097  1951  1966 E AutofillManagerServiceImpl: Bad AutofillService name: com.google.android.gms/.autofill.service.AutofillService
11-30 20:56:57.097  1951  1966 D AutofillManagerServiceImpl: Reset component for user 0 (com.google.android.gms/.autofill.service.AutofillService)
11-30 20:56:57.097  1951  1966 E AutofillManagerServiceImpl: Bad AutofillService name: com.google.android.gms/.autofill.service.AutofillService
11-30 20:56:57.097  1951  1968 D AutofillUI: destroySaveUiUiThread(): already destroyed
11-30 20:56:57.097  1951  1966 D AutofillManagerServiceImpl: Reset component for user 0 (com.google.android.gms/.autofill.service.AutofillService)
11-30 20:56:57.097  1951  1966 D FieldClassificationStrategy: reset(): service is not bound. Do nothing.
11-30 20:56:57.097  1951  1951 V SettingsProvider: Notifying for 0: content://settings/secure/user_setup_complete
11-30 20:56:57.116  2100  2349 I OMXClient: IOmx service obtained
11-30 20:56:57.116  1804  1899 I OMXMaster: makeComponentInstance(OMX.google.vorbis.decoder) in omx@1.0-service process
11-30 20:56:57.123  1951  1951 V SettingsProvider: Notifying for 0: content://settings/global/network_recommendations_enabled
11-30 20:56:57.124  1804  1804 E OMXNodeInstance: getConfig(0xec42d000:google.vorbis.decoder, ConfigAndroidVendorExtension(0x6f100004)) ERROR: Undefined(0x80001001)
11-30 20:56:57.124  1951  1951 D AutofillManagerService: Autofill restriction did not change for user 0
11-30 20:56:57.126  1634  1634 W AshmemAllocator: ashmem_create_region(32768) returning hidl_memory(0xefd1c180, 32768)
11-30 20:56:57.127  1951  1951 D ZenLog  : config: conditionChanged,ZenModeConfig[user=0,allowAlarms=true,allowMedia=true,allowSystem=false,allowReminders=false,allowEvents=false,allowCalls=true,allowRepeatCallers=true,allowMessages=false,allowCallsFrom=stars,allowMessagesFrom=contacts,suppressedVisualEffects=511,areChannelsBypassingDnd=false,automaticRules={EVENTS_DEFAULT_RULE=ZenRule[enabled=false,snoozing=false,name=Event,zenMode=ZEN_MODE_IMPORTANT_INTERRUPTIONS,conditionId=condition://android/event?userId=-10000&calendar=&reply=1,condition=Condition[id=condition://android/event?userId=-10000&calendar=&reply=1,summary=...,line1=...,line2=...,icon=0,state=STATE_FALSE,flags=2],component=ComponentInfo{android/com.android.server.notification.EventConditionProvider},id=EVENTS_DEFAULT_RULE,creationTime=1638298615102,enabler=null], EVERY_NIGHT_DEFAULT_RULE=ZenRule[enabled=false,snoozing=false,name=Sleeping,zenMode=ZEN_MODE_IMPORTANT_INTERRUPTIONS,conditionId=condition://android/schedule?days=1.2.3.4.5.6.7&start=22.0&end=7.0&exitAtAlarm=true,condition=null,component=ComponentInfo{android/com.android.server.notification.ScheduleConditionProvider},id=EVERY_NIGHT_DEFAULT_RULE,creationTime=1638298615101,enabler=null]},manualRule=null],Diff[automaticRule[EVENTS_DEFAULT_RULE].condition:null->Condition[id=condition://android/event?userId=-10000&calendar=&reply=1,summary=...,line1=...,line2=...,icon=0,state=STATE_FALSE,flags=2]]
11-30 20:56:57.128  2317  2317 D OpenGLRenderer: Skia GL Pipeline
11-30 20:56:57.128  1951  1951 V SettingsProvider: Notifying for 0: content://settings/secure/snoozed_schedule_condition_provider
11-30 20:56:57.129  1591  1591 V vold    : DISK mbr
11-30 20:56:57.129  1591  1591 V vold    : 
11-30 20:56:57.130  1591  1591 W vold    : disk:253,80 has unknown partition table; trying entire device
11-30 20:56:57.130  1591  1591 V vold    : /system/bin/blkid
11-30 20:56:57.130  1591  1591 V vold    :     -c
11-30 20:56:57.130  1591  1591 V vold    :     /dev/null
11-30 20:56:57.130  1591  1591 V vold    :     -s
11-30 20:56:57.130  1591  1591 V vold    :     TYPE
11-30 20:56:57.130  1591  1591 V vold    :     -s
11-30 20:56:57.130  1591  1591 V vold    :     UUID
11-30 20:56:57.130  1591  1591 V vold    :     -s
11-30 20:56:57.130  1591  1591 V vold    :     LABEL
11-30 20:56:57.130  1591  1591 V vold    :     /dev/block/vold/disk:253,80
11-30 20:56:57.131  1951  1951 D ZenLog  : config: conditionChanged,ZenModeConfig[user=0,allowAlarms=true,allowMedia=true,allowSystem=false,allowReminders=false,allowEvents=false,allowCalls=true,allowRepeatCallers=true,allowMessages=false,allowCallsFrom=stars,allowMessagesFrom=contacts,suppressedVisualEffects=511,areChannelsBypassingDnd=false,automaticRules={EVENTS_DEFAULT_RULE=ZenRule[enabled=false,snoozing=false,name=Event,zenMode=ZEN_MODE_IMPORTANT_INTERRUPTIONS,conditionId=condition://android/event?userId=-10000&calendar=&reply=1,condition=Condition[id=condition://android/event?userId=-10000&calendar=&reply=1,summary=...,line1=...,line2=...,icon=0,state=STATE_FALSE,flags=2],component=ComponentInfo{android/com.android.server.notification.EventConditionProvider},id=EVENTS_DEFAULT_RULE,creationTime=1638298615102,enabler=null], EVERY_NIGHT_DEFAULT_RULE=ZenRule[enabled=false,snoozing=false,name=Sleeping,zenMode=ZEN_MODE_IMPORTANT_INTERRUPTIONS,conditionId=condition://android/schedule?days=1.2.3.4.5.6.7&start=22.0&end=7.0&exitAtAlarm=true,condition=Condition[id=condition://android/schedule?days=1.2.3.4.5.6.7&start=22.0&end=7.0&exitAtAlarm=true,summary=...,line1=...,line2=...,icon=0,state=STATE_FALSE,flags=2],component=ComponentInfo{android/com.android.server.notification.ScheduleConditionProvider},id=EVERY_NIGHT_DEFAULT_RULE,creationTime=1638298615101,enabler=null]},manualRule=null],Diff[automaticRule[EVERY_NIGHT_DEFAULT_RULE].condition:null->Condition[id=condition://android/schedule?days=1.2.3.4.5.6.7&start=22.0&end=7.0&exitAtAlarm=true,summary=...,line1=...,line2=...,icon=0,state=STATE_FALSE,flags=2]]
11-30 20:56:57.132  1634  1634 W AshmemAllocator: ashmem_create_region(32768) returning hidl_memory(0xefd1c180, 32768)
11-30 20:56:57.136  1634  1634 W AshmemAllocator: ashmem_create_region(32768) returning hidl_memory(0xefd1c180, 32768)
11-30 20:56:57.138  1789  1815 E SurfaceFlinger: ro.sf.lcd_density must be defined as a build property
11-30 20:56:57.140  1634  1634 W AshmemAllocator: ashmem_create_region(32768) returning hidl_memory(0xefd1c180, 32768)
11-30 20:56:57.142  1951  1951 I DevicePolicyManager: Set ro.device_owner property to false
11-30 20:56:57.158  1591  1591 V vold    : /dev/block/vold/disk:253,80: LABEL="SDCARD" UUID="17FE-3C1B" TYPE="vfat" 
11-30 20:56:57.158  1591  1591 V vold    : 
11-30 20:56:57.142  1634  1634 W AshmemAllocator: ashmem_create_region(32768) returning hidl_memory(0xefd1c180, 32768)
11-30 20:56:57.159  1951  1951 D ZenLog  : set_zen_mode: off,conditionChanged
11-30 20:56:57.160  1591  1591 V vold    : /system/bin/blkid
11-30 20:56:57.160  1591  1591 V vold    :     -c
11-30 20:56:57.160  1591  1591 V vold    :     /dev/null
11-30 20:56:57.160  1591  1591 V vold    :     -s
11-30 20:56:57.160  1591  1591 V vold    :     TYPE
11-30 20:56:57.160  1591  1591 V vold    :     -s
11-30 20:56:57.160  1591  1591 V vold    :     UUID
11-30 20:56:57.160  1591  1591 V vold    :     -s
11-30 20:56:57.160  1591  1591 V vold    :     LABEL
11-30 20:56:57.160  1591  1591 V vold    :     /dev/block/vold/public:253,80
11-30 20:56:57.165  1634  1634 W AshmemAllocator: ashmem_create_region(32768) returning hidl_memory(0xefd1c180, 32768)
11-30 20:56:57.171  1634  1634 W AshmemAllocator: ashmem_create_region(32768) returning hidl_memory(0xefd1c180, 32768)
11-30 20:56:57.174  2317  2358 D HostConnection: HostConnection::get() New Host Connection established 0xe00280c0, tid 2358
11-30 20:56:57.174  1647  1647 D gralloc_ranchu: gralloc_alloc: Creating ashmem region of size 9334784
11-30 20:56:57.179  1591  1591 V vold    : /dev/block/vold/public:253,80: LABEL="SDCARD" UUID="17FE-3C1B" TYPE="vfat" 
11-30 20:56:57.179  1591  1591 V vold    : 
11-30 20:56:57.179  1591  1591 V vold    : /system/bin/fsck_msdos
11-30 20:56:57.179  1591  1591 V vold    :     -p
11-30 20:56:57.179  1591  1591 V vold    :     -f
11-30 20:56:57.179  1591  1591 V vold    :     /dev/block/vold/public:253,80
11-30 20:56:57.182  1647  1701 D gralloc_ranchu: gralloc_alloc: Creating ashmem region of size 9334784
11-30 20:56:57.184  1591  1591 I fsck_msdos: ** /dev/block/vold/public:253,80
11-30 20:56:57.185  1591  1591 I fsck_msdos: Invalid signature in fsinfo block
11-30 20:56:57.185  1591  1591 I fsck_msdos: FIXED
11-30 20:56:57.185  1591  1591 I fsck_msdos: ** Phase 1 - Read and Compare FATs
11-30 20:56:57.185  1591  1591 I fsck_msdos: Attempting to allocate 1022 KB for FAT
11-30 20:56:57.193  1647  1701 D gralloc_ranchu: gralloc_alloc: Creating ashmem region of size 9334784
11-30 20:56:57.201  1951  1951 D ZenLog  : set_zen_mode: off,conditionChanged
11-30 20:56:57.204  1951  1951 V SettingsProvider: Notifying for 0: content://settings/global/zen_mode_config_etag
11-30 20:56:57.206  1951  1951 V SettingsProvider: Notifying for 0: content://settings/global/zen_mode_config_etag
11-30 20:56:57.206  1951  1951 W Looper  : Drained
11-30 20:56:57.217  1634  1634 W AshmemAllocator: ashmem_create_region(32768) returning hidl_memory(0xefd1c180, 32768)
11-30 20:56:57.218  1634  1634 W AshmemAllocator: ashmem_create_region(32768) returning hidl_memory(0xefd1c180, 32768)
11-30 20:56:57.219  2100  2336 I vol.Events: writeEvent zen_mode_config_changed [disallowAlarms=false disallowMedia=false disallowSystem=true disallowRinger=false]
11-30 20:56:57.232  1951  2359 I chatty  : uid=1000 system_server expire 1 line
11-30 20:56:57.233  1804  2312 I OMXMaster: makeComponentInstance(OMX.google.vorbis.decoder) in omx@1.0-service process
11-30 20:56:57.236  1804  2303 E OMXNodeInstance: getConfig(0xec42d360:google.vorbis.decoder, ConfigAndroidVendorExtension(0x6f100004)) ERROR: Undefined(0x80001001)
11-30 20:56:57.237  2317  2358 D HostConnection: HostComposition ext ANDROID_EMU_CHECKSUM_HELPER_v1 ANDROID_EMU_native_sync_v2 ANDROID_EMU_native_sync_v3 ANDROID_EMU_native_sync_v4 ANDROID_EMU_dma_v1 ANDROID_EMU_YUV420_888_to_NV21 ANDROID_EMU_YUV_Cache ANDROID_EMU_async_unmap_buffer GL_OES_EGL_image_external_essl3 GL_OES_vertex_array_object GL_KHR_texture_compression_astc_ldr ANDROID_EMU_gles_max_version_3_1 
11-30 20:56:57.240  1634  1634 W AshmemAllocator: ashmem_create_region(32768) returning hidl_memory(0xefd1c180, 32768)
11-30 20:56:57.241  1634  1634 W AshmemAllocator: ashmem_create_region(32768) returning hidl_memory(0xefd1c180, 32768)
11-30 20:56:57.241  2317  2358 I ConfigStore: android::hardware::configstore::V1_0::ISurfaceFlingerConfigs::hasWideColorDisplay retrieved: 0
11-30 20:56:57.243  2317  2358 I ConfigStore: android::hardware::configstore::V1_0::ISurfaceFlingerConfigs::hasHDRDisplay retrieved: 0
11-30 20:56:57.243  1634  1634 W AshmemAllocator: ashmem_create_region(32768) returning hidl_memory(0xefd1c180, 32768)
11-30 20:56:57.243  2317  2358 I OpenGLRenderer: Initialized EGL, version 1.4
11-30 20:56:57.243  2317  2358 D OpenGLRenderer: Swap behavior 1
11-30 20:56:57.243  2317  2358 W OpenGLRenderer: Failed to choose config with EGL_SWAP_BEHAVIOR_PRESERVED, retrying without...
11-30 20:56:57.243  2317  2358 D OpenGLRenderer: Swap behavior 0
11-30 20:56:57.252  1634  1634 W AshmemAllocator: ashmem_create_region(32768) returning hidl_memory(0xefd1c180, 32768)
11-30 20:56:57.253  1634  1634 W AshmemAllocator: ashmem_create_region(32768) returning hidl_memory(0xefd1c180, 32768)
11-30 20:56:57.256  2317  2358 D eglCodecCommon: setVertexArrayObject: set vao to 0 (0) 0 0
11-30 20:56:57.256  2317  2358 D EGL_emulation: eglCreateContext: 0xe0095440: maj 3 min 1 rcv 4
11-30 20:56:57.268  2100  2336 I vol.Events: writeEvent level_changed STREAM_VOICE_CALL 4
11-30 20:56:57.273  2100  2336 I vol.Events: writeEvent level_changed STREAM_SYSTEM 5
11-30 20:56:57.282  2100  2336 I vol.Events: writeEvent level_changed STREAM_RING 5
11-30 20:56:57.285  2317  2358 D EGL_emulation: eglMakeCurrent: 0xe0095440: ver 3 1 (tinfo 0xe002f9d0)
11-30 20:56:57.286  1951  2284 I chatty  : uid=1000(system) HwBinder:1951_3 expire 3 lines
11-30 20:56:57.286  2100  2336 I vol.Events: writeEvent level_changed STREAM_MUSIC 5
11-30 20:56:57.295  2317  2358 E eglCodecCommon: glUtilsParamSize: unknow param 0x000082da
11-30 20:56:57.295  2317  2358 E eglCodecCommon: glUtilsParamSize: unknow param 0x000082da
11-30 20:56:57.300  2100  2336 I vol.Events: writeEvent level_changed STREAM_ALARM 6
11-30 20:56:57.301  1789  2362 E SurfaceFlinger: ro.sf.lcd_density must be defined as a build property
11-30 20:56:57.305  1591  1591 I fsck_msdos: Attempting to allocate 1022 KB for FAT
11-30 20:56:57.306  2100  2336 I vol.Events: writeEvent level_changed STREAM_BLUETOOTH_SCO 7
11-30 20:56:57.308  2138  2138 I WebViewZygoteInit: Package preload done
11-30 20:56:57.313  2100  2100 D SystemUIBootTiming: StartServicescom.android.systemui.volume.VolumeUI took to complete: 380ms
11-30 20:56:57.338  2317  2358 D HostConnection: createUnique: call
11-30 20:56:57.339  2317  2358 D HostConnection: HostConnection::get() New Host Connection established 0xe0028520, tid 2358
11-30 20:56:57.344  1789  2362 E SurfaceFlinger: ro.sf.lcd_density must be defined as a build property
11-30 20:56:57.357  2100  2100 D SystemUIBootTiming: StartServicescom.android.systemui.stackdivider.Divider took to complete: 44ms
11-30 20:56:57.365  1951  2371 I chatty  : uid=1000 system_server expire 1 line
11-30 20:56:57.365  1804  2312 I OMXMaster: makeComponentInstance(OMX.google.vorbis.decoder) in omx@1.0-service process
11-30 20:56:57.366  1591  1591 I fsck_msdos: ** Phase 2 - Check Cluster Chains
11-30 20:56:57.367  1591  1591 I fsck_msdos: ** Phase 3 - Checking Directories
11-30 20:56:57.367  1591  1591 I fsck_msdos: ** Phase 4 - Checking for Lost Files
11-30 20:56:57.367  1804  1804 E OMXNodeInstance: getConfig(0xec42d360:google.vorbis.decoder, ConfigAndroidVendorExtension(0x6f100004)) ERROR: Undefined(0x80001001)
11-30 20:56:57.367  2317  2358 D HostConnection: HostComposition ext ANDROID_EMU_CHECKSUM_HELPER_v1 ANDROID_EMU_native_sync_v2 ANDROID_EMU_native_sync_v3 ANDROID_EMU_native_sync_v4 ANDROID_EMU_dma_v1 ANDROID_EMU_YUV420_888_to_NV21 ANDROID_EMU_YUV_Cache ANDROID_EMU_async_unmap_buffer GL_OES_EGL_image_external_essl3 GL_OES_vertex_array_object GL_KHR_texture_compression_astc_ldr ANDROID_EMU_gles_max_version_3_1 
11-30 20:56:57.368  1591  1591 I fsck_msdos: Free space in FSInfo block (1044456) not correct (261113)
11-30 20:56:57.368  1591  1591 I fsck_msdos: FIXED
11-30 20:56:57.368  1591  1591 I fsck_msdos: 1 files, 522226 free (261113 clusters)
11-30 20:56:57.368  2317  2358 E eglCodecCommon: GoldfishAddressSpaceHostMemoryAllocator: ioctl_ping failed for device_type=5, ret=-1
11-30 20:56:57.370  1591  1591 I vold    : Filesystem check completed OK
11-30 20:56:57.371  2317  2358 D EGL_emulation: eglMakeCurrent: 0xe0095440: ver 3 1 (tinfo 0xe002f9d0)
11-30 20:56:57.382  1634  1634 W AshmemAllocator: ashmem_create_region(32768) returning hidl_memory(0xefd1c180, 32768)
11-30 20:56:57.383  1634  1634 W AshmemAllocator: ashmem_create_region(32768) returning hidl_memory(0xefd1c180, 32768)
11-30 20:56:57.384  2186  2186 D TelephonyProvider: dbh.onCreate:+ db=SQLiteDatabase: /data/user_de/0/com.android.providers.telephony/databases/telephony.db
11-30 20:56:57.384  1634  1634 W AshmemAllocator: ashmem_create_region(32768) returning hidl_memory(0xefd1c180, 32768)
11-30 20:56:57.384  2186  2186 D TelephonyProvider: dbh.createSimInfoTable:+ siminfo
11-30 20:56:57.384  1634  1634 W AshmemAllocator: ashmem_create_region(32768) returning hidl_memory(0xefd1c180, 32768)
11-30 20:56:57.385  1634  1634 W AshmemAllocator: ashmem_create_region(32768) returning hidl_memory(0xefd1c180, 32768)
11-30 20:56:57.385  2186  2186 D TelephonyProvider: dbh.createSimInfoTable:-
11-30 20:56:57.385  2186  2186 D TelephonyProvider: dbh.createCarriersTable: carriers
11-30 20:56:57.386  2186  2186 D TelephonyProvider: dbh.createCarriersTable:-
11-30 20:56:57.386  2186  2186 D TelephonyProvider: dbh.onCreate: Apply apns from xml.
11-30 20:56:57.386  2186  2186 D TelephonyProvider: Load APNs from /system/etc/apns-conf.xml instead of /oem/telephony/apns-conf.xml
11-30 20:56:57.387  2186  2186 D TelephonyProvider: Load APNs from /data/misc/apns/apns-conf.xml instead of /system/etc/apns-conf.xml
11-30 20:56:57.387  2186  2186 D TelephonyProvider: confFile = /data/misc/apns/apns-conf.xml
11-30 20:56:57.394  1951  1963 I chatty  : uid=1000(system) Binder:1951_2 expire 4 lines
11-30 20:56:57.402  1591  1591 V vold    : Waiting for FUSE to spin up...
11-30 20:56:57.402  1951  2039 D ConnectivityService: requestNetwork for uid/pid:10038/2100 NetworkRequest [ TRACK_DEFAULT id=9, [ Capabilities: INTERNET&NOT_RESTRICTED&TRUSTED Unwanted:  Uid: 10038] ]
11-30 20:56:57.409  1951  2002 W LocalDisplayAdapter: Unable to find color mode 0, ignoring request.
11-30 20:56:57.414  1634  1634 W AshmemAllocator: ashmem_create_region(32768) returning hidl_memory(0xefd1c180, 32768)
11-30 20:56:57.415  1634  1634 W AshmemAllocator: ashmem_create_region(32768) returning hidl_memory(0xefd1c180, 32768)
11-30 20:56:57.418  2075  2075 I GoogleInputMethod: onStartInput() : Dummy InputConnection bound
11-30 20:56:57.419  1951  1967 W KeyguardServiceDelegate: onScreenTurningOn(): no keyguard service!
11-30 20:56:57.419  2075  2075 I FeaturePermissions: onSharedPreferenceChanged() : Key = enable_incognito_mode : Feature = null
11-30 20:56:57.422  2075  2075 I ShortcutsDataManager: startImportContentTask()
11-30 20:56:57.422  2075  2075 I ShortcutsDataManager: onImportAborted()
11-30 20:56:57.428  1789  2020 W SurfaceFlinger: Attempting to destroy on removed layer: AppWindowToken{2e47340 token=Token{fa4dec3 ActivityRecord{5eb8a72 u0 com.google.android.setupwizard/.SetupWizardActivity t2}}}#0
11-30 20:56:57.429  2186  2186 D TelephonyProvider: Checksum for /data/misc/apns/apns-conf.xml is 2001431324
11-30 20:56:57.432  2376  2376 W sdcard  : Device explicitly enabled sdcardfs
11-30 20:56:57.434  2186  2186 D TelephonyProvider: dbh.onCreate:- db=SQLiteDatabase: /data/user_de/0/com.android.providers.telephony/databases/telephony.db
11-30 20:56:57.435  2186  2186 D TelephonyProvider: dbh.onOpen: ok, queried table=siminfo
11-30 20:56:57.435  2186  2186 D TelephonyProvider: dbh.onOpen: ok, queried table=carriers
11-30 20:56:57.443  2186  2186 D TelephonyProvider: onCreate: build id changed from  to PSR1.180720.120
11-30 20:56:57.444  2186  2186 D TelephonyProvider: Load APNs from /system/etc/apns-conf.xml instead of /oem/telephony/apns-conf.xml
11-30 20:56:57.444  2186  2186 D TelephonyProvider: Load APNs from /data/misc/apns/apns-conf.xml instead of /system/etc/apns-conf.xml
11-30 20:56:57.446  1789  2020 W SurfaceFlinger: Attempting to destroy on removed layer: AppWindowToken{b17d1ec token=Token{61d1c9f ActivityRecord{20e63e u0 com.android.settings/.CryptKeeper t1}}}#0
11-30 20:56:57.446  2186  2186 D TelephonyProvider: Checksum for /data/misc/apns/apns-conf.xml is 2001431324
11-30 20:56:57.446  2186  2186 D TelephonyProvider: newChecksum: 2001431324
11-30 20:56:57.446  2186  2186 D TelephonyProvider: oldChecksum: 2001431324
11-30 20:56:57.446  2186  2186 D TelephonyProvider: Skipping apn db update since apn-conf has not changed.
11-30 20:56:57.452  1591  1591 V vold    : Waiting for FUSE to spin up...
11-30 20:56:57.457  2186  2186 D CarrierIdProvider: onCreate
11-30 20:56:57.477  2186  2186 D CarrierIdDatabaseHelper: onCreate
11-30 20:56:57.479  2186  2186 D CarrierIdProvider: update database from pb file
11-30 20:56:57.515  2186  2186 E CarrierIdProvider: read carrier list from ota pb failure: java.io.FileNotFoundException: /data/misc/carrierid/carrier_list.pb (No such file or directory)
11-30 20:56:57.517  2186  2186 D CarrierIdProvider: latest version: 4 need update: true
11-30 20:56:57.532  1951  1962 W WallpaperManagerService: Cannot extract colors because wallpaper could not be read.
11-30 20:56:57.532  1951  1962 W WallpaperManagerService: Cannot get theme colors because WallpaperColors is null.
11-30 20:56:57.532  1951  1962 W WallpaperManagerService: Cannot extract colors because wallpaper could not be read.
11-30 20:56:57.532  1951  1962 W WallpaperManagerService: Cannot get theme colors because WallpaperColors is null.
11-30 20:56:57.545  2100  2100 D StatusBar: disable<e i a s b h r c s > disable2<q i n >
11-30 20:56:57.546  1951  1962 I StatusBarManagerService: registerStatusBar bar=com.android.internal.statusbar.IStatusBar$Stub$Proxy@c283193
11-30 20:56:57.595  2090  2090 E ActivityThread: Failed to find provider info for com.google.android.gsf.gservices
11-30 20:56:57.602  2090  2090 I FileApkMgr: Extracting modules completed
11-30 20:56:57.602  2090  2090 I GmsApplication: Staging modules completed
11-30 20:56:57.602  2090  2090 I GmsApplication: Updating config
11-30 20:56:57.606  2090  2090 W FileUtils: Failed to set world readable: /data/user_de/0/com.google.android.gms/app_chimera/current_config.fb
11-30 20:56:57.618  2090  2090 E ChimeraCfgMgr: Failed to read module config: java.io.FileNotFoundException: /data/user_de/0/com.google.android.gms/app_chimera/current_config.fb (No such file or directory)
11-30 20:56:57.627  2090  2090 E GservicesValue: Gservices key not whitelisted for directboot access: gms:chimera:dev_module_blacklist
11-30 20:56:57.634  2090  2090 I GmsModuleFndr: Beginning GMS chimera module scan
11-30 20:56:57.641  2090  2090 E ChimeraCfgMgr: Failed to read module config: java.io.FileNotFoundException: /data/user_de/0/com.google.android.gms/app_chimera/current_config.fb (No such file or directory)
11-30 20:56:57.645  2100  2100 I CameraManagerGlobal: Connecting to camera service
11-30 20:56:57.672  2090  2090 I ModuleSetMgr: Computing pending module set with APKs: [[AdsFdrDynamite.integ:21001000000], [Cronetdynamite:200414040700], [Dynamiteloader:200414040000], [Dynamitemodulesa:200414040000], [Dynamitemodulesc:200414040000], [Googlecertificates:200414040000], [Mapsdynamite:200414040000], [Measurementdynamite:200414040000]]
11-30 20:56:57.702  2100  2100 D NotificationEntryMgr: heads up is enabled
11-30 20:56:57.737  2090  2090 I ModuleSetMgr: Pending container module APKs: []
11-30 20:56:57.738  2090  2090 I ModuleSetMgr: Pending non-container module APKs: []
11-30 20:56:57.745  2100  2100 E BluetoothAdapter: Bluetooth binder is null
11-30 20:56:57.752  2090  2090 E ChimeraCfgMgr: Failed to read module config: java.io.FileNotFoundException: /data/user_de/0/com.google.android.gms/app_chimera/current_config.fb (No such file or directory)
11-30 20:56:57.753  2090  2090 W IntentOperation: Failed to get Chimera config:com.google.android.chimera.config.InvalidConfigException: java.io.FileNotFoundException: /data/user_de/0/com.google.android.gms/app_chimera/current_config.fb (No such file or directory)
11-30 20:56:57.755  2100  2100 V WifiManager: registerSoftApCallback: callback=com.android.systemui.statusbar.policy.HotspotControllerImpl@c593fc6, handler=Handler (android.os.Handler) {c92ab87}
11-30 20:56:57.757  2100  2364 V WifiManager: SoftApCallbackProxy: onStateChanged: state=11, failureReason=0
11-30 20:56:57.757  2100  2364 V WifiManager: SoftApCallbackProxy: onNumClientsChanged: numClients=0
