11-30 20:56:40.451  1591  1669 V vold    : Copying 8 blocks at offset 817627136
11-30 20:56:40.452  1591  1669 V vold    : Copying 8 blocks at offset 817659904
11-30 20:56:40.452  1591  1669 V vold    : Copying 8 blocks at offset 817692672
11-30 20:56:40.454  1591  1669 V vold    : Copying 8 blocks at offset 817725440
11-30 20:56:40.455  1591  1669 V vold    : Copying 8 blocks at offset 817758208
11-30 20:56:40.456  1591  1669 V vold    : Copying 8 blocks at offset 817790976
11-30 20:56:40.456  1591  1669 V vold    : Copying 8 blocks at offset 817823744
11-30 20:56:40.457  1591  1669 V vold    : Copying 8 blocks at offset 817856512
11-30 20:56:40.457  1591  1669 V vold    : Copying 8 blocks at offset 817889280
11-30 20:56:40.458  1591  1669 V vold    : Copying 8 blocks at offset 817922048
11-30 20:56:40.458  1591  1669 V vold    : Copying 8 blocks at offset 817954816
11-30 20:56:40.459  1591  1669 V vold    : Copying 8 blocks at offset 817987584
11-30 20:56:40.460  1591  1669 V vold    : Copying 8 blocks at offset 818020352
11-30 20:56:40.460  1591  1669 V vold    : Copying 8 blocks at offset 818053120
11-30 20:56:40.461  1591  1669 V vold    : Copying 8 blocks at offset 818085888
11-30 20:56:40.462  1591  1669 V vold    : Copying 8 blocks at offset 818118656
11-30 20:56:40.462  1591  1669 V vold    : Copying 8 blocks at offset 818151424
11-30 20:56:40.463  1591  1669 V vold    : Copying 8 blocks at offset 818184192
11-30 20:56:40.463  1591  1669 V vold    : Copying 8 blocks at offset 818216960
11-30 20:56:40.464  1591  1669 V vold    : Copying 8 blocks at offset 818249728
11-30 20:56:40.465  1591  1669 V vold    : Copying 8 blocks at offset 818282496
11-30 20:56:40.465  1591  1669 V vold    : Copying 8 blocks at offset 818315264
11-30 20:56:40.465  1591  1669 V vold    : Copying 8 blocks at offset 818348032
11-30 20:56:40.466  1591  1669 V vold    : Copying 8 blocks at offset 818380800
11-30 20:56:40.467  1591  1669 V vold    : Copying 8 blocks at offset 818413568
11-30 20:56:40.467  1591  1669 V vold    : Copying 8 blocks at offset 818446336
11-30 20:56:40.468  1591  1669 V vold    : Copying 8 blocks at offset 818479104
11-30 20:56:40.468  1591  1669 V vold    : Copying 8 blocks at offset 818511872
11-30 20:56:40.470  1591  1669 V vold    : Copying 8 blocks at offset 818544640
11-30 20:56:40.470  1591  1669 V vold    : Copying 8 blocks at offset 818577408
11-30 20:56:40.470  1591  1669 V vold    : Copying 8 blocks at offset 818610176
11-30 20:56:40.471  1591  1669 V vold    : Copying 8 blocks at offset 818642944
11-30 20:56:40.472  1591  1669 V vold    : Copying 8 blocks at offset 818675712
11-30 20:56:40.472  1591  1669 V vold    : Copying 8 blocks at offset 818708480
11-30 20:56:40.473  1591  1669 V vold    : Copying 8 blocks at offset 818741248
11-30 20:56:40.473  1591  1669 V vold    : Copying 8 blocks at offset 818774016
11-30 20:56:40.474  1591  1669 V vold    : Copying 8 blocks at offset 818806784
11-30 20:56:40.475  1591  1669 V vold    : Copying 8 blocks at offset 818839552
11-30 20:56:40.475  1591  1669 V vold    : Copying 8 blocks at offset 818872320
11-30 20:56:40.475  1591  1669 V vold    : Copying 8 blocks at offset 818905088
11-30 20:56:40.476  1591  1669 V vold    : Copying 8 blocks at offset 818937856
11-30 20:56:40.476  1591  1669 V vold    : Copying 8 blocks at offset 818970624
11-30 20:56:40.476  1591  1669 V vold    : Copying 8 blocks at offset 819003392
11-30 20:56:40.477  1591  1669 V vold    : Copying 8 blocks at offset 819036160
11-30 20:56:40.477  1591  1669 V vold    : Copying 8 blocks at offset 819068928
11-30 20:56:40.478  1591  1669 V vold    : Copying 8 blocks at offset 819101696
11-30 20:56:40.478  1591  1669 V vold    : Copying 8 blocks at offset 819134464
11-30 20:56:40.479  1591  1669 V vold    : Copying 8 blocks at offset 819167232
11-30 20:56:40.479  1591  1669 V vold    : Copying 8 blocks at offset 819200000
11-30 20:56:40.480  1591  1669 V vold    : Copying 8 blocks at offset 819232768
11-30 20:56:40.480  1591  1669 V vold    : Copying 8 blocks at offset 819265536
11-30 20:56:40.481  1591  1669 V vold    : Copying 8 blocks at offset 819298304
11-30 20:56:40.481  1591  1669 V vold    : Copying 8 blocks at offset 819331072
11-30 20:56:40.482  1591  1669 V vold    : Copying 8 blocks at offset 819363840
11-30 20:56:40.482  1591  1669 V vold    : Copying 8 blocks at offset 819396608
11-30 20:56:40.483  1591  1669 V vold    : Copying 8 blocks at offset 819429376
11-30 20:56:40.483  1591  1669 V vold    : Copying 8 blocks at offset 819462144
11-30 20:56:40.483  1591  1669 V vold    : Copying 8 blocks at offset 819494912
11-30 20:56:40.484  1591  1669 V vold    : Copying 8 blocks at offset 819527680
11-30 20:56:40.485  1591  1669 V vold    : Copying 8 blocks at offset 819560448
11-30 20:56:40.485  1591  1669 V vold    : Copying 8 blocks at offset 819593216
11-30 20:56:40.486  1591  1669 V vold    : Copying 8 blocks at offset 819625984
11-30 20:56:40.487  1591  1669 V vold    : Copying 8 blocks at offset 819658752
11-30 20:56:40.487  1591  1669 V vold    : Copying 8 blocks at offset 819691520
11-30 20:56:40.488  1591  1669 V vold    : Copying 8 blocks at offset 819724288
11-30 20:56:40.488  1591  1669 V vold    : Copying 8 blocks at offset 819757056
11-30 20:56:40.489  1591  1669 V vold    : Copying 8 blocks at offset 819789824
11-30 20:56:40.489  1591  1669 V vold    : Copying 8 blocks at offset 819822592
11-30 20:56:40.490  1591  1669 V vold    : Copying 8 blocks at offset 819855360
11-30 20:56:40.491  1591  1669 V vold    : Copying 8 blocks at offset 819888128
11-30 20:56:40.492  1591  1669 V vold    : Copying 8 blocks at offset 819920896
11-30 20:56:40.493  1591  1669 V vold    : Copying 8 blocks at offset 819953664
11-30 20:56:40.493  1591  1669 V vold    : Copying 8 blocks at offset 819986432
11-30 20:56:40.494  1591  1669 V vold    : Copying 8 blocks at offset 820019200
11-30 20:56:40.494  1591  1669 V vold    : Copying 8 blocks at offset 820051968
11-30 20:56:40.495  1591  1669 V vold    : Copying 8 blocks at offset 820084736
11-30 20:56:40.495  1591  1669 V vold    : Copying 8 blocks at offset 820117504
11-30 20:56:40.495  1591  1669 V vold    : Copying 8 blocks at offset 820150272
11-30 20:56:40.496  1591  1669 V vold    : Copying 8 blocks at offset 820183040
11-30 20:56:40.498  1591  1669 V vold    : Copying 8 blocks at offset 820215808
11-30 20:56:40.498  1591  1669 V vold    : Copying 8 blocks at offset 820248576
11-30 20:56:40.498  1591  1669 V vold    : Copying 8 blocks at offset 820281344
11-30 20:56:40.499  1591  1669 V vold    : Copying 8 blocks at offset 820314112
11-30 20:56:40.499  1591  1669 V vold    : Copying 8 blocks at offset 820346880
11-30 20:56:40.500  1591  1669 V vold    : Copying 8 blocks at offset 820379648
11-30 20:56:40.500  1591  1669 V vold    : Copying 8 blocks at offset 820412416
11-30 20:56:40.501  1591  1669 V vold    : Copying 8 blocks at offset 820445184
11-30 20:56:40.502  1591  1669 V vold    : Copying 8 blocks at offset 820477952
11-30 20:56:40.502  1591  1669 V vold    : Copying 8 blocks at offset 820510720
11-30 20:56:40.503  1591  1669 V vold    : Copying 8 blocks at offset 820543488
11-30 20:56:40.504  1591  1669 V vold    : Copying 8 blocks at offset 820576256
11-30 20:56:40.504  1591  1669 V vold    : Copying 8 blocks at offset 820609024
11-30 20:56:40.505  1591  1669 V vold    : Copying 5 blocks at offset 820641792
11-30 20:56:40.558  1591  1669 I vold    : Encrypted to sector 102582784
11-30 20:56:40.750  1591  1669 D vold    : cryptfs_enable_inplace_ext4 success
11-30 20:56:40.795  1591  1669 I Cryptfs : cryptfs_check_passwd
11-30 20:56:40.796  1591  1669 D Cryptfs : crypt_ftr->fs_size = 1638400
11-30 20:56:40.796  1591  1669 I Cryptfs : Using scrypt for cryptfs KDF
11-30 20:56:40.955  1591  1669 I Cryptfs : Extra parameters for dm_crypt: 1 allow_discards
11-30 20:56:40.959  1591  1596 D vold    : Disk at 252:1 changed
11-30 20:56:41.081  1591  1669 I Cryptfs : Password matches
11-30 20:56:41.082  1591  1669 D Cryptfs : test_mount_encrypted_fs(): Master key saved
11-30 20:56:41.082  1583  1583 W hwservicemanager: getTransport: Cannot find entry android.hardware.keymaster@4.0::IKeymasterDevice/default in either framework or device manifest.
11-30 20:56:41.083  1591  1669 I vold    : List of Keymaster HALs found:
11-30 20:56:41.083  1591  1669 I vold    : Keymaster HAL #1: SoftwareKeymasterDevice from Google SecurityLevel: SOFTWARE HAL: android.hardware.keymaster@3.0::IKeymasterDevice/default
11-30 20:56:41.084  1591  1669 I vold    : Using SoftwareKeymasterDevice from Google for encryption.  Security level: SOFTWARE, HAL: android.hardware.keymaster@3.0::IKeymasterDevice/default
11-30 20:56:41.085  1591  1669 D Cryptfs : Just asked init to shut down class main
11-30 20:56:42.997  1766  1766 W cmd     : Can't find service activity
11-30 20:56:43.302  1772  1772 W cmd     : Can't find service package
11-30 20:56:44.134  1591  1669 D Cryptfs : unmounting /data succeeded
11-30 20:56:44.135  1591  1669 I vold    : [libfs_mgr]superblock s_max_mnt_count:65535,/dev/block/dm-1
11-30 20:56:44.155  1591  1669 I vold    : [libfs_mgr]check_fs(): mount(/dev/block/dm-1,/data,ext4)=0: Success
11-30 20:56:44.214  1591  1669 I vold    : [libfs_mgr]check_fs(): unmount(/data) succeeded
11-30 20:56:44.214  1591  1669 I vold    : [libfs_mgr]Running /system/bin/e2fsck on /dev/block/dm-1
11-30 20:56:44.226  1591  1669 I vold    : [libfs_mgr]superblock s_max_mnt_count:65535,/dev/block/dm-1
11-30 20:56:44.226  1591  1669 W vold    : [libfs_mgr]Reserved blocks 32768 is too large; capping to 4096
11-30 20:56:44.245  1591  1669 I vold    : [libfs_mgr]__mount(source=/dev/block/dm-1,target=/data,type=ext4)=0: Success
11-30 20:56:44.247  1591  1669 D Cryptfs : Just triggered post_fs_data
11-30 20:56:44.277  1591  1597 D vold    : e4crypt_init_user0
11-30 20:56:44.277  1591  1597 D vold    : e4crypt_prepare_user_storage for volume null, user 0, serial 0, flags 1
11-30 20:56:44.277  1591  1597 D vold    : Preparing: /data/system/users/0
11-30 20:56:44.277  1591  1597 D vold    : Preparing: /data/misc/profiles/cur/0
11-30 20:56:44.277  1591  1597 D vold    : Preparing: /data/system_de/0
11-30 20:56:44.277  1591  1597 D vold    : Preparing: /data/misc_de/0
11-30 20:56:44.277  1591  1597 D vold    : Preparing: /data/vendor_de/0
11-30 20:56:44.277  1591  1597 D vold    : Preparing: /data/user_de/0
11-30 20:56:44.277  1591  1597 V vold    : /system/bin/vold_prepare_subdirs
11-30 20:56:44.277  1591  1597 V vold    :     prepare
11-30 20:56:44.277  1591  1597 V vold    :     
11-30 20:56:44.277  1591  1597 V vold    :     0
11-30 20:56:44.277  1591  1597 V vold    :     1
11-30 20:56:44.284  1591  1597 I vold_prepare_subdirs: SELinux: Loaded file_contexts
11-30 20:56:44.284  1783  1783 D vold_prepare_subdirs: Setting up mode 700 uid 0 gid 0 context u:object_r:vold_data_file:s0 on path: /data/misc_de/0/vold
11-30 20:56:44.284  1783  1783 D vold_prepare_subdirs: Setting up mode 700 uid 0 gid 0 context u:object_r:storaged_data_file:s0 on path: /data/misc_de/0/storaged
11-30 20:56:44.284  1783  1783 D vold_prepare_subdirs: Setting up mode 700 uid 1000 gid 1000 context u:object_r:fingerprint_vendor_data_file:s0 on path: /data/vendor_de/0/fpdata
11-30 20:56:44.285  1591  1597 D vold    : e4crypt_unlock_user_key 0 serial=0 token_present=0
11-30 20:56:44.285  1591  1597 E vold    : Failed to chmod /data/system_ce/0: No such file or directory
11-30 20:56:44.285  1591  1597 E vold    : Failed to chmod /data/misc_ce/0: No such file or directory
11-30 20:56:44.285  1591  1597 E vold    : Failed to chmod /data/media/0: No such file or directory
11-30 20:56:44.290     1     1 W init    : type=1400 audit(0.0:6): avc: denied { read } for name="nativetest" dev="dm-1" ino=19 scontext=u:r:init:s0 tcontext=u:object_r:nativetest_data_file:s0 tclass=dir permissive=0 b/77873135
11-30 20:56:44.308  1785  1785 I /system/bin/tzdatacheck: timezone distro dir /data/misc/zoneinfo/current does not exist. No action required.
11-30 20:56:44.312  1591  1669 D Cryptfs : post_fs_data done
11-30 20:56:44.314  1591  1669 D Cryptfs : Just triggered restart_framework
11-30 20:56:44.331  1786  1786 I bootstat: Service started: /system/bin/bootstat -r post_decrypt_time_elapsed 
11-30 20:56:44.335  1721  1721 W SurfaceComposerClient: ComposerService remote (surfaceflinger) died [0xe5fc7440]
11-30 20:56:44.335  1648  1648 D ComposerHal: destroying composer client
11-30 20:56:44.335  1721  1721 D BootAnimation: SurfaceFlinger died, exiting...
11-30 20:56:44.335  1582  1582 I ServiceManager: service 'SurfaceFlinger' died
11-30 20:56:44.335  1582  1582 I ServiceManager: service 'gpu' died
11-30 20:56:44.336  1648  1648 I HWC2On1Adapter: unregisterCallback(Hotplug)
11-30 20:56:44.336  1648  1648 I HWC2On1Adapter: unregisterCallback(Refresh)
11-30 20:56:44.336  1648  1648 I HWC2On1Adapter: unregisterCallback(Vsync)
11-30 20:56:44.336  1648  1648 W ComposerHal: destroying client resources for display 1
11-30 20:56:44.336  1648  1648 W ComposerHal: performing a final presentDisplay
11-30 20:56:44.337  1648  1648 D ComposerHal: removed composer client
11-30 20:56:44.398  1789  1789 I ConfigStore: android::hardware::configstore::V1_0::ISurfaceFlingerConfigs::startGraphicsAllocatorService retrieved: 0
11-30 20:56:44.398  1789  1789 I SurfaceFlinger: Using HWComposer service: 'default'
11-30 20:56:44.398  1789  1789 I SurfaceFlinger: SurfaceFlinger is starting
11-30 20:56:44.400  1789  1789 I ConfigStore: android::hardware::configstore::V1_0::ISurfaceFlingerConfigs::vsyncEventPhaseOffsetNs retrieved: 1000000 (default)
11-30 20:56:44.400  1789  1789 I ConfigStore: android::hardware::configstore::V1_0::ISurfaceFlingerConfigs::vsyncSfEventPhaseOffsetNs retrieved: 1000000 (default)
11-30 20:56:44.400  1789  1789 I ConfigStore: android::hardware::configstore::V1_0::ISurfaceFlingerConfigs::hasSyncFramework retrieved: 1
11-30 20:56:44.401  1789  1789 I ConfigStore: android::hardware::configstore::V1_0::ISurfaceFlingerConfigs::presentTimeOffsetFromVSyncNs retrieved: 0
11-30 20:56:44.401  1789  1789 I ConfigStore: android::hardware::configstore::V1_0::ISurfaceFlingerConfigs::useHwcForRGBtoYUV retrieved: 0
11-30 20:56:44.401  1789  1789 I ConfigStore: android::hardware::configstore::V1_0::ISurfaceFlingerConfigs::maxVirtualDisplaySize retrieved: 0 (default)
11-30 20:56:44.402  1789  1789 I ConfigStore: android::hardware::configstore::V1_0::ISurfaceFlingerConfigs::useVrFlinger retrieved: 0 (default)
11-30 20:56:44.402  1789  1789 I ConfigStore: android::hardware::configstore::V1_0::ISurfaceFlingerConfigs::maxFrameBufferAcquiredBuffers retrieved: 3
11-30 20:56:44.403  1789  1789 I ConfigStore: android::hardware::configstore::V1_0::ISurfaceFlingerConfigs::hasWideColorDisplay retrieved: 0
11-30 20:56:44.403  1583  1583 W hwservicemanager: getTransport: Cannot find entry android.hardware.configstore@1.1::ISurfaceFlingerConfigs/default in either framework or device manifest.
11-30 20:56:44.403  1789  1789 I ConfigStore: android::hardware::configstore::V1_1::ISurfaceFlingerConfigs::primaryDisplayOrientation retrieved: ORIENTATION_0 (default)
11-30 20:56:44.403  1789  1789 I SurfaceFlinger: Enabling HWC virtual displays
11-30 20:56:44.404  1789  1789 I SurfaceFlinger: Disabling Triple Buffering
11-30 20:56:44.404  1789  1789 I SurfaceFlinger: Treble testing override: 'false'
11-30 20:56:44.404  1789  1789 I SurfaceFlinger: SurfaceFlinger's main thread ready to run. Initializing graphics H/W...
11-30 20:56:44.404  1789  1789 I SurfaceFlinger: Phase offest NS: 1000000
11-30 20:56:44.405  1789  1789 D libEGL  : Emulator has host GPU support, qemu.gles is set to 1.
11-30 20:56:44.412  1789  1789 E vndksupport: Could not load /vendor/lib/egl/libGLES_emulation.so from sphal namespace: dlopen failed: library "/vendor/lib/egl/libGLES_emulation.so" not found.
11-30 20:56:44.412  1789  1789 E libEGL  : load_driver(/vendor/lib/egl/libGLES_emulation.so): unknown
11-30 20:56:44.415  1789  1789 D libEGL  : loaded /vendor/lib/egl/libEGL_emulation.so
11-30 20:56:44.415  1789  1789 D libEGL  : loaded /vendor/lib/egl/libGLESv1_CM_emulation.so
11-30 20:56:44.425  1789  1789 D libEGL  : loaded /vendor/lib/egl/libGLESv2_emulation.so
11-30 20:56:44.439  1789  1789 D HostConnection: HostConnection::get() New Host Connection established 0xee5a4410, tid 1789
11-30 20:56:44.445  1789  1789 D HostConnection: HostComposition ext ANDROID_EMU_CHECKSUM_HELPER_v1 ANDROID_EMU_native_sync_v2 ANDROID_EMU_native_sync_v3 ANDROID_EMU_native_sync_v4 ANDROID_EMU_dma_v1 ANDROID_EMU_YUV420_888_to_NV21 ANDROID_EMU_YUV_Cache ANDROID_EMU_async_unmap_buffer GL_OES_EGL_image_external_essl3 GL_OES_vertex_array_object GL_KHR_texture_compression_astc_ldr ANDROID_EMU_gles_max_version_3_1 
11-30 20:56:44.451  1789  1789 I ConfigStore: android::hardware::configstore::V1_0::ISurfaceFlingerConfigs::hasWideColorDisplay retrieved: 0
11-30 20:56:44.451  1789  1789 I ConfigStore: android::hardware::configstore::V1_0::ISurfaceFlingerConfigs::hasHDRDisplay retrieved: 0
11-30 20:56:44.452  1789  1789 I SurfaceFlinger: EGL information:
11-30 20:56:44.452  1789  1789 I SurfaceFlinger: vendor    : Android
11-30 20:56:44.452  1789  1789 I SurfaceFlinger: version   : 1.4 Android META-EGL
11-30 20:56:44.452  1789  1789 I SurfaceFlinger: extensions: EGL_KHR_get_all_proc_addresses EGL_ANDROID_presentation_time EGL_KHR_swap_buffers_with_damage EGL_ANDROID_get_native_client_buffer EGL_ANDROID_front_buffer_auto_refresh EGL_ANDROID_get_frame_timestamps EGL_EXT_surface_SMPTE2086_metadata EGL_EXT_surface_CTA861_3_metadata EGL_KHR_image EGL_KHR_image_base EGL_KHR_gl_texture_2D_image EGL_KHR_fence_sync EGL_KHR_create_context EGL_ANDROID_image_native_buffer EGL_KHR_wait_sync EGL_ANDROID_recordable 
11-30 20:56:44.452  1789  1789 I SurfaceFlinger: Client API: OpenGL_ES
11-30 20:56:44.452  1789  1789 I SurfaceFlinger: EGLSurface: 8-8-8-8, config=0x2
11-30 20:56:44.457  1811  1811 D android.hardware.biometrics.fingerprint@2.1-service: Opening fingerprint hal library...
11-30 20:56:44.463  1811  1811 D FingerprintHal: ----------------> fingerprint_open ----------------->
11-30 20:56:44.464  1811  1811 D FingerprintHal: ----------------> set_notify_callback ----------------->
11-30 20:56:44.464  1811  1811 D FingerprintHal: fingerprint callback notification set
11-30 20:56:44.464  1811  1811 I ServiceManagement: Removing namespace from process name android.hardware.biometrics.fingerprint@2.1-service to fingerprint@2.1-service.
11-30 20:56:44.468  1789  1789 D eglCodecCommon: setVertexArrayObject: set vao to 0 (0) 0 0
11-30 20:56:44.468  1789  1789 D EGL_emulation: eglCreateContext: 0xee5a0ae0: maj 3 min 1 rcv 4
11-30 20:56:44.469  1811  1821 D FingerprintHal: ----------------> listenerFunction ----------------->
11-30 20:56:44.485  1798  1798 I mediametrics: ServiceManager: 0xea11a6e0
11-30 20:56:44.485  1798  1798 D MediaAnalyticsService: MediaAnalyticsService created
11-30 20:56:44.501  1819  1819 D HostConnection: createUnique: call
11-30 20:56:44.502  1819  1819 D HostConnection: HostConnection::get() New Host Connection established 0xf6524140, tid 1819
11-30 20:56:44.516  1819  1819 D HostConnection: HostComposition ext ANDROID_EMU_CHECKSUM_HELPER_v1 ANDROID_EMU_native_sync_v2 ANDROID_EMU_native_sync_v3 ANDROID_EMU_native_sync_v4 ANDROID_EMU_dma_v1 ANDROID_EMU_YUV420_888_to_NV21 ANDROID_EMU_YUV_Cache ANDROID_EMU_async_unmap_buffer GL_OES_EGL_image_external_essl3 GL_OES_vertex_array_object GL_KHR_texture_compression_astc_ldr ANDROID_EMU_gles_max_version_3_1 
11-30 20:56:44.517  1819  1819 E hwcomposer: unknown display attribute 6
11-30 20:56:44.518  1819  1819 I ServiceManagement: Removing namespace from process name android.hardware.graphics.composer@2.1-service to composer@2.1-service.
11-30 20:56:44.520  1789  1789 D EGL_emulation: eglMakeCurrent: 0xee5a0ae0: ver 3 1 (tinfo 0xee59c310)
11-30 20:56:44.522  1794  1794 I installd: installd firing up
11-30 20:56:44.522  1794  1794 E cutils  : Failed to read /data/.layout_version: No such file or directory
11-30 20:56:44.523  1794  1794 D installd: Assuming that device has multi-user storage layout; upgrade no longer supported
11-30 20:56:44.523  1794  1794 D installd: Upgrading to /data/misc/user directories
11-30 20:56:44.523  1789  1789 E eglCodecCommon: glUtilsParamSize: unknow param 0x000082da
11-30 20:56:44.523  1789  1789 E eglCodecCommon: glUtilsParamSize: unknow param 0x000082da
11-30 20:56:44.528  1789  1789 I SurfaceFlinger: OpenGL ES informations:
11-30 20:56:44.528  1789  1789 I SurfaceFlinger: vendor    : Google (NVIDIA Corporation)
11-30 20:56:44.528  1789  1789 I SurfaceFlinger: renderer  : Android Emulator OpenGL ES Translator (GeForce GTX 1060 6GB/PCIe/SSE2)
11-30 20:56:44.528  1789  1789 I SurfaceFlinger: version   : OpenGL ES 3.1 (4.5.0 NVIDIA 456.71)
11-30 20:56:44.528  1789  1789 I SurfaceFlinger: extensions: GL_EXT_debug_marker GL_EXT_robustness GL_OES_EGL_image GL_OES_EGL_image_external GL_OES_depth24 GL_OES_depth32 GL_OES_element_index_uint GL_OES_texture_float GL_OES_texture_float_linear GL_OES_compressed_paletted_texture GL_OES_compressed_ETC1_RGB8_texture GL_OES_depth_texture GL_OES_texture_half_float GL_OES_texture_half_float_linear GL_OES_packed_depth_stencil GL_OES_vertex_half_float GL_OES_texture_npot GL_OES_rgb8_rgba8 GL_EXT_color_buffer_float GL_EXT_color_buffer_half_float GL_EXT_texture_format_BGRA8888 GL_APPLE_texture_format_BGRA8888 ANDROID_EMU_CHECKSUM_HELPER_v1 ANDROID_EMU_native_sync_v2 ANDROID_EMU_native_sync_v3 ANDROID_EMU_native_sync_v4 ANDROID_EMU_dma_v1 ANDROID_EMU_YUV420_888_to_NV21 ANDROID_EMU_YUV_Cache ANDROID_EMU_async_unmap_buffer GL_OES_EGL_image_external_essl3 GL_OES_vertex_array_object GL_KHR_texture_compression_astc_ldr ANDROID_EMU_gles_max_version_3_1 
11-30 20:56:44.528  1789  1789 I SurfaceFlinger: GL_MAX_TEXTURE_SIZE = 32768
11-30 20:56:44.528  1789  1789 I SurfaceFlinger: GL_MAX_VIEWPORT_DIMS = 32768
11-30 20:56:44.529  1809  1809 I /system/bin/tombstoned: tombstoned successfully initialized
11-30 20:56:44.531  1819  1819 I android.hardware.graphics.composer@2.1-service: Registration complete for android.hardware.graphics.composer@2.1::IComposer/default.
11-30 20:56:44.531  1583  1583 W hwservicemanager: getTransport: Cannot find entry android.hardware.usb.gadget@1.0::IUsbGadget/default in either framework or device manifest.
11-30 20:56:44.531  1810  1810 I usbd    : Usb HAL not found
11-30 20:56:44.548  1647  1701 D gralloc_ranchu: gralloc_alloc: Creating ashmem region of size 9334784
11-30 20:56:44.549  1790  1790 D AndroidRuntime: >>>>>> START com.android.internal.os.ZygoteInit uid 0 <<<<<<
11-30 20:56:44.560  1789  1789 D HostConnection: createUnique: call
11-30 20:56:44.561  1789  1789 D HostConnection: HostConnection::get() New Host Connection established 0xee5a5b30, tid 1789
11-30 20:56:44.564  1789  1789 D HostConnection: HostComposition ext ANDROID_EMU_CHECKSUM_HELPER_v1 ANDROID_EMU_native_sync_v2 ANDROID_EMU_native_sync_v3 ANDROID_EMU_native_sync_v4 ANDROID_EMU_dma_v1 ANDROID_EMU_YUV420_888_to_NV21 ANDROID_EMU_YUV_Cache ANDROID_EMU_async_unmap_buffer GL_OES_EGL_image_external_essl3 GL_OES_vertex_array_object GL_KHR_texture_compression_astc_ldr ANDROID_EMU_gles_max_version_3_1 
11-30 20:56:44.564  1789  1789 E eglCodecCommon: GoldfishAddressSpaceHostMemoryAllocator: ioctl_ping failed for device_type=5, ret=-1
11-30 20:56:44.565  1789  1789 E HWComposer: getSupportedPerFrameMetadata: getSupportedPerFrameMetadata failed for display 0: Unsupported (8)
11-30 20:56:44.566  1647  1701 D gralloc_ranchu: gralloc_alloc: Creating ashmem region of size 9334784
11-30 20:56:44.582  1647  1647 D gralloc_ranchu: gralloc_alloc: Creating ashmem region of size 9334784
11-30 20:56:44.597  1789  1789 D EGL_emulation: eglMakeCurrent: 0xee5a0ae0: ver 3 1 (tinfo 0xee59c310)
11-30 20:56:44.620  1803  1803 I wificond: wificond is starting up...
11-30 20:56:44.633  1797  1797 V MediaUtils: physMem: 1567367168
11-30 20:56:44.633  1797  1797 V MediaUtils: requested limit: 313473420
11-30 20:56:44.633  1797  1797 V MediaUtils: cfi shadow size: 32768
11-30 20:56:44.633  1797  1797 V MediaUtils: actual limit: 313506188
11-30 20:56:44.633  1797  1797 V MediaUtils: original limits: 4294967295/4294967295
11-30 20:56:44.633  1797  1797 V MediaUtils: new limits: 313506188/4294967295
11-30 20:56:44.649  1797  1797 W /system/bin/mediaextractor: Could not read additional policy file '/vendor/etc/seccomp_policy/mediaextractor.policy'
11-30 20:56:44.649  1797  1797 W mediaextractor: libminijail[1797]: failed to get path of fd 5: No such file or directory
11-30 20:56:44.649  1797  1797 W mediaextractor: libminijail[1797]: allowing syscall: socketcall
11-30 20:56:44.649  1797  1797 W mediaextractor: libminijail[1797]: allowing syscall: writev
11-30 20:56:44.649  1797  1797 W mediaextractor: libminijail[1797]: allowing syscall: fcntl64
11-30 20:56:44.649  1797  1797 W mediaextractor: libminijail[1797]: allowing syscall: clock_gettime
11-30 20:56:44.653  1796  1796 I mediaserver: ServiceManager: 0xe6d9a720
11-30 20:56:44.654  1797  1797 W mediaextractor: libminijail[1797]: logging seccomp filter failures
11-30 20:56:44.664  1789  1789 D SurfaceFlinger: shader cache generated - 24 shaders in 66.768204 ms
11-30 20:56:44.665  1800  1800 I Netd    : Netd 1.0 starting
11-30 20:56:44.668  1789  1789 D SurfaceFlinger: Set power mode=2, type=0 flinger=0xee5c6000
11-30 20:56:44.669  1789  1789 D SurfaceFlinger: Finished set power mode=2, type=0
11-30 20:56:44.676  1800  1800 D TetherController: Setting IP forward enable = 0
11-30 20:56:44.683  1807  1807 I gatekeeperd: Starting gatekeeperd...
11-30 20:56:44.709  1801  1801 W statsd  : statscompanion service unavailable!
11-30 20:56:44.709  1801  1801 I statsd  : using statsd socket
11-30 20:56:44.750  1800  1800 I Netd    : Creating child chains: 67.9ms
11-30 20:56:44.750  1800  1800 I Netd    : Setting up OEM hooks: 0.1ms
11-30 20:56:44.752  1799  1799 I mediaserver: ServiceManager: 0xf0d9ab60
11-30 20:56:44.753  1800  1800 I Netd    : Setting up FirewallController hooks: 3.0ms
11-30 20:56:44.755  1800  1800 I Netd    : Setting up TetherController hooks: 1.9ms
11-30 20:56:44.757  1800  1800 I Netd    : Setting up BandwidthController hooks: 1.3ms
11-30 20:56:44.757  1800  1800 I Netd    : Setting up IdletimerController hooks: 0.0ms
11-30 20:56:44.757  1800  1800 I Netd    : initializing traffic control: 0.0ms
11-30 20:56:44.759  1800  1800 I Netd    : Disabling bandwidth control: 2.4ms
11-30 20:56:44.762  1799  1799 W BatteryNotifier: batterystats service unavailable!
11-30 20:56:44.772  1800  1800 E Netd    : cannot find interface dummy0
11-30 20:56:44.772  1800  1800 I Netd    : Initializing RouteController: 12.5ms
11-30 20:56:44.772  1800  1800 D XfrmController: Sending Netlink XFRM Message: XFRM_MSG_FLUSHSA
11-30 20:56:44.772  1800  1800 D XfrmController: Sending Netlink XFRM Message: XFRM_MSG_FLUSHPOLICY
11-30 20:56:44.772  1800  1800 I Netd    : Initializing XfrmController: 0.3ms
11-30 20:56:44.772  1800  1800 E Netd    : Unable to create netlink socket: Protocol not supported
11-30 20:56:44.772  1800  1800 W Netd    : Unable to open qlog quota socket, check if xt_quota2 can send via UeventHandler
11-30 20:56:44.772  1800  1800 D MDnsDS  : MDnsSdListener::Hander starting up
11-30 20:56:44.774  1800  1800 I Netd    : Registering NetdNativeService: 1.8ms
11-30 20:56:44.775  1800  1800 I Netd    : Starting CommandListener: 0.2ms
11-30 20:56:44.775  1800  1876 D MDnsDS  : MDnsSdListener starting to monitor
11-30 20:56:44.775  1800  1876 D MDnsDS  : Going to poll with pollCount 1
11-30 20:56:44.776  1800  1800 I Netd    : Registering NetdHwService: 1.1ms
11-30 20:56:44.776  1800  1800 I Netd    : Netd started in 110ms
11-30 20:56:44.779  1790  1790 I zygote  : option[0]=-Xzygote
11-30 20:56:44.779  1790  1790 I zygote  : option[1]=-Xcheck:jni
11-30 20:56:44.779  1790  1790 I zygote  : option[2]=-Xusetombstonedtraces
11-30 20:56:44.779  1790  1790 I zygote  : option[3]=exit
11-30 20:56:44.779  1790  1790 I zygote  : option[4]=vfprintf
11-30 20:56:44.779  1790  1790 I zygote  : option[5]=sensitiveThread
11-30 20:56:44.779  1790  1790 I zygote  : option[6]=-verbose:gc
11-30 20:56:44.779  1790  1790 I zygote  : option[7]=-Xms4m
11-30 20:56:44.779  1790  1790 I zygote  : option[8]=-Xmx384m
11-30 20:56:44.779  1790  1790 I zygote  : option[9]=-Xusejit:true
11-30 20:56:44.779  1790  1790 I zygote  : option[10]=-Xjitsaveprofilinginfo
11-30 20:56:44.779  1790  1790 I zygote  : option[11]=-XjdwpOptions:suspend=n,server=y
11-30 20:56:44.779  1790  1790 I zygote  : option[12]=-XjdwpProvider:default
11-30 20:56:44.779  1790  1790 I zygote  : option[13]=-Xlockprofthreshold:500
11-30 20:56:44.779  1790  1790 I zygote  : option[14]=-Ximage-compiler-option
11-30 20:56:44.779  1790  1790 I zygote  : option[15]=--runtime-arg
11-30 20:56:44.779  1790  1790 I zygote  : option[16]=-Ximage-compiler-option
11-30 20:56:44.779  1790  1790 I zygote  : option[17]=-Xms64m
11-30 20:56:44.779  1790  1790 I zygote  : option[18]=-Ximage-compiler-option
11-30 20:56:44.779  1790  1790 I zygote  : option[19]=--runtime-arg
11-30 20:56:44.779  1790  1790 I zygote  : option[20]=-Ximage-compiler-option
11-30 20:56:44.780  1790  1790 I zygote  : option[21]=-Xmx64m
11-30 20:56:44.780  1790  1790 I zygote  : option[22]=-Ximage-compiler-option
11-30 20:56:44.780  1790  1790 I zygote  : option[23]=--profile-file=/system/etc/boot-image.prof
11-30 20:56:44.780  1790  1790 I zygote  : option[24]=-Ximage-compiler-option
11-30 20:56:44.780  1790  1790 I zygote  : option[25]=--compiler-filter=speed-profile
11-30 20:56:44.780  1790  1790 I zygote  : option[26]=-Xcompiler-option
11-30 20:56:44.780  1790  1790 I zygote  : option[27]=--runtime-arg
11-30 20:56:44.780  1790  1790 I zygote  : option[28]=-Xcompiler-option
11-30 20:56:44.780  1790  1790 I zygote  : option[29]=-Xms64m
11-30 20:56:44.780  1790  1790 I zygote  : option[30]=-Xcompiler-option
11-30 20:56:44.780  1790  1790 I zygote  : option[31]=--runtime-arg
11-30 20:56:44.780  1790  1790 I zygote  : option[32]=-Xcompiler-option
11-30 20:56:44.780  1790  1790 I zygote  : option[33]=-Xmx512m
11-30 20:56:44.780  1790  1790 I zygote  : option[34]=-Ximage-compiler-option
11-30 20:56:44.780  1790  1790 I zygote  : option[35]=--instruction-set-variant=x86
11-30 20:56:44.780  1790  1790 I zygote  : option[36]=-Xcompiler-option
11-30 20:56:44.780  1790  1790 I zygote  : option[37]=--instruction-set-variant=x86
11-30 20:56:44.780  1790  1790 I zygote  : option[38]=-Ximage-compiler-option
11-30 20:56:44.780  1790  1790 I zygote  : option[39]=--instruction-set-features=default
11-30 20:56:44.780  1790  1790 I zygote  : option[40]=-Xcompiler-option
11-30 20:56:44.780  1790  1790 I zygote  : option[41]=--instruction-set-features=default
11-30 20:56:44.780  1790  1790 I zygote  : option[42]=-Duser.locale=en-US
11-30 20:56:44.780  1790  1790 I zygote  : option[43]=-XX:NativeBridge=libndk_translation.so
11-30 20:56:44.780  1790  1790 I zygote  : option[44]=--cpu-abilist=x86,armeabi-v7a,armeabi
11-30 20:56:44.780  1790  1790 I zygote  : option[45]=-Xfingerprint:google/sdk_gphone_x86_arm/generic_x86_arm:9/PSR1.180720.120/6446634:userdebug/dev-keys
11-30 20:56:44.789  1804  1804 I media.codec: mediacodecservice starting
11-30 20:56:44.790  1583  1583 W hwservicemanager: getTransport: Cannot find entry android.hardware.keymaster@4.0::IKeymasterDevice/default in either framework or device manifest.
11-30 20:56:44.790  1804  1804 W media.codec: Could not read additional policy file '/vendor/etc/seccomp_policy/mediacodec.policy'
11-30 20:56:44.790  1795  1795 I keystore: found android.hardware.keymaster@3.0::IKeymasterDevice with interface name default and seclevel SOFTWARE
11-30 20:56:44.790  1795  1795 W keystore: No secure Keymaster implementation found, but device offers insecure Keymaster HAL. Using as default.
11-30 20:56:44.791  1804  1804 W media.codec: libminijail[1804]: failed to get path of fd 5: No such file or directory
11-30 20:56:44.791  1804  1804 W media.codec: libminijail[1804]: allowing syscall: socketcall
11-30 20:56:44.791  1804  1804 W media.codec: libminijail[1804]: allowing syscall: writev
11-30 20:56:44.791  1804  1804 W media.codec: libminijail[1804]: allowing syscall: fcntl64
11-30 20:56:44.791  1804  1804 W media.codec: libminijail[1804]: allowing syscall: clock_gettime
11-30 20:56:44.791  1804  1804 W media.codec: libminijail[1804]: logging seccomp filter failures
11-30 20:56:44.793  1791  1791 I cameraserver: ServiceManager: 0xf049a700
11-30 20:56:44.794  1791  1791 I CameraService: CameraService started (pid=1791)
11-30 20:56:44.794  1791  1791 I CameraService: CameraService process starting
11-30 20:56:44.794  1791  1791 W BatteryNotifier: batterystats service unavailable!
11-30 20:56:44.794  1791  1791 W BatteryNotifier: batterystats service unavailable!
11-30 20:56:44.797  1791  1791 I CameraProviderManager: Connecting to new camera provider: legacy/0, isRemote? 1
11-30 20:56:44.798  1789  1815 E SurfaceFlinger: ro.sf.lcd_density must be defined as a build property
11-30 20:56:44.798  1791  1791 I CameraProviderManager: Enumerating new camera device: device@3.3/legacy/0
11-30 20:56:44.800  1791  1791 I CameraProviderManager: Enumerating new camera device: device@3.3/legacy/1
11-30 20:56:44.800  1791  1791 I CameraProviderManager: Camera provider legacy/0 ready with 2 camera devices
11-30 20:56:44.801  1583  1583 W hwservicemanager: getTransport: Cannot find entry android.hardware.camera.provider@2.4::ICameraProvider/external/0 in either framework or device manifest.
11-30 20:56:44.801  1791  1890 W CameraProviderManager: addProviderLocked: Camera provider HAL with name 'legacy/0' already registered
11-30 20:56:44.802  1791  1791 I CameraHardwareInterface: Opening camera 0
11-30 20:56:44.802  1791  1791 E CameraHardwareInterface: initialize: openSession failed! No such file or directory (-2)
11-30 20:56:44.802  1791  1791 E CameraFlashlight: connectCameraDevice: initializing camera 0 failed
11-30 20:56:44.802  1791  1791 I CameraHardwareInterface: Destroying camera 0
11-30 20:56:44.802  1791  1791 E CameraFlashlight: findFlashUnits: failed to check if camera 0 has a flash unit. No such file or directory (-2)
11-30 20:56:44.802  1791  1791 I CameraHardwareInterface: Opening camera 1
11-30 20:56:44.802  1791  1791 E CameraHardwareInterface: initialize: openSession failed! No such file or directory (-2)
11-30 20:56:44.802  1791  1791 E CameraFlashlight: connectCameraDevice: initializing camera 1 failed
11-30 20:56:44.803  1791  1791 I CameraHardwareInterface: Destroying camera 1
11-30 20:56:44.803  1791  1791 E CameraFlashlight: findFlashUnits: failed to check if camera 1 has a flash unit. No such file or directory (-2)
11-30 20:56:44.803  1791  1791 I CameraService: onDeviceStatusChanged: Status changed for cameraId=1, newStatus=1
11-30 20:56:44.803  1791  1791 I CameraService: onDeviceStatusChanged: Unknown camera ID 1, a new camera is added
11-30 20:56:44.803  1791  1791 I CameraService: onDeviceStatusChanged: Status changed for cameraId=0, newStatus=1
11-30 20:56:44.803  1791  1791 I CameraService: onDeviceStatusChanged: Unknown camera ID 0, a new camera is added
11-30 20:56:44.803  1791  1890 I CameraService: onDeviceStatusChanged: Status changed for cameraId=1, newStatus=1
11-30 20:56:44.803  1791  1890 E CameraService: onDeviceStatusChanged: State transition to the same status 0x1 not allowed
11-30 20:56:44.803  1791  1890 I CameraService: onDeviceStatusChanged: Status changed for cameraId=0, newStatus=1
11-30 20:56:44.803  1791  1890 E CameraService: onDeviceStatusChanged: State transition to the same status 0x1 not allowed
11-30 20:56:44.804  1791  1791 I         : Waiting for activity service
11-30 20:56:44.804  1857  1896 D libEGL  : Emulator has host GPU support, qemu.gles is set to 1.
11-30 20:56:44.805  1804  1804 W MediaCodecsXmlParser: unable to open media codecs configuration xml file: /data/misc/media/media_codecs_profiling_results.xml
11-30 20:56:44.805  1804  1804 W MediaCodecsXmlParser: parseTopLevelXMLFile(/data/misc/media/media_codecs_profiling_results.xml) failed
11-30 20:56:44.806  1857  1896 E vndksupport: Could not load /vendor/lib/egl/libGLES_emulation.so from sphal namespace: dlopen failed: library "/vendor/lib/egl/libGLES_emulation.so" not found.
11-30 20:56:44.806  1857  1896 E libEGL  : load_driver(/vendor/lib/egl/libGLES_emulation.so): unknown
11-30 20:56:44.806  1804  1804 I ServiceManagement: Removing namespace from process name android.hardware.media.omx@1.0-service to omx@1.0-service.
11-30 20:56:44.807  1804  1804 E vndksupport: Could not load libstagefrighthw.so from default namespace: dlopen failed: library "libstagefrighthw.so" not found.
11-30 20:56:44.807  1804  1804 W MediaCodecsXmlParser: unable to open media codecs configuration xml file: /data/misc/media/media_codecs_profiling_results.xml
11-30 20:56:44.807  1804  1804 W MediaCodecsXmlParser: parseTopLevelXMLFile(/data/misc/media/media_codecs_profiling_results.xml) failed
11-30 20:56:44.808  1804  1804 I ServiceManagement: Removing namespace from process name android.hardware.media.omx@1.0-service to omx@1.0-service.
11-30 20:56:44.808  1804  1804 I media.codec: IOmx HAL service created.
11-30 20:56:44.810  1857  1896 D libEGL  : loaded /vendor/lib/egl/libEGL_emulation.so
11-30 20:56:44.811  1857  1896 D libEGL  : loaded /vendor/lib/egl/libGLESv1_CM_emulation.so
11-30 20:56:44.824  1857  1896 D libEGL  : loaded /vendor/lib/egl/libGLESv2_emulation.so
11-30 20:56:44.826  1790  1790 I zygote  : VerifyImage: /system/bin/patchoat --input-image-location=/system/framework/boot.art --output-image-directory=/data/dalvik-cache/x86 --instruction-set=x86 --verify
11-30 20:56:44.833  1901  1901 E netmgr  : Failed to open QEMU pipe 'qemud:network': Invalid argument
11-30 20:56:44.833  1901  1901 E netmgr  : WifiForwarder unable to open QEMU pipe: Invalid argument
11-30 20:56:44.835  1857  1896 D HostConnection: HostConnection::get() New Host Connection established 0xf03214a0, tid 1896
11-30 20:56:44.837  1857  1896 D HostConnection: HostComposition ext ANDROID_EMU_CHECKSUM_HELPER_v1 ANDROID_EMU_native_sync_v2 ANDROID_EMU_native_sync_v3 ANDROID_EMU_native_sync_v4 ANDROID_EMU_dma_v1 ANDROID_EMU_YUV420_888_to_NV21 ANDROID_EMU_YUV_Cache ANDROID_EMU_async_unmap_buffer GL_OES_EGL_image_external_essl3 GL_OES_vertex_array_object GL_KHR_texture_compression_astc_ldr ANDROID_EMU_gles_max_version_3_1 
11-30 20:56:44.838  1857  1896 I ConfigStore: android::hardware::configstore::V1_0::ISurfaceFlingerConfigs::hasWideColorDisplay retrieved: 0
11-30 20:56:44.839  1857  1896 I ConfigStore: android::hardware::configstore::V1_0::ISurfaceFlingerConfigs::hasHDRDisplay retrieved: 0
11-30 20:56:44.840  1903  1903 W patchoat: Could not reserve sentinel fault page
11-30 20:56:44.840  1647  1647 D gralloc_ranchu: gralloc_alloc: Creating ashmem region of size 9334784
11-30 20:56:44.851  1857  1896 D HostConnection: createUnique: call
11-30 20:56:44.852  1857  1896 D HostConnection: HostConnection::get() New Host Connection established 0xf0321540, tid 1896
11-30 20:56:44.865  1857  1896 D HostConnection: HostComposition ext ANDROID_EMU_CHECKSUM_HELPER_v1 ANDROID_EMU_native_sync_v2 ANDROID_EMU_native_sync_v3 ANDROID_EMU_native_sync_v4 ANDROID_EMU_dma_v1 ANDROID_EMU_YUV420_888_to_NV21 ANDROID_EMU_YUV_Cache ANDROID_EMU_async_unmap_buffer GL_OES_EGL_image_external_essl3 GL_OES_vertex_array_object GL_KHR_texture_compression_astc_ldr ANDROID_EMU_gles_max_version_3_1 
11-30 20:56:44.865  1857  1896 E eglCodecCommon: GoldfishAddressSpaceHostMemoryAllocator: ioctl_ping failed for device_type=5, ret=-1
11-30 20:56:44.877  1857  1896 D eglCodecCommon: setVertexArrayObject: set vao to 0 (0) 0 0
11-30 20:56:44.877  1857  1896 D EGL_emulation: eglCreateContext: 0xf03194e0: maj 1 min 0 rcv 1
11-30 20:56:44.904  1857  1896 D EGL_emulation: eglMakeCurrent: 0xf03194e0: ver 1 0 (tinfo 0xf030f0b0)
11-30 20:56:44.925  1857  1896 D BootAnimation: BootAnimationShownTiming start time: 12925ms
11-30 20:56:44.925  1857  1917 E BootAnimation: Could not add watch for /data/system
11-30 20:56:44.959  1647  1647 D gralloc_ranchu: gralloc_alloc: Creating ashmem region of size 9334784
11-30 20:56:44.973  1789  1789 I SurfaceFlinger: Enter boot animation
11-30 20:56:44.977  1819  1832 E eglCodecCommon: GoldfishAddressSpaceHostMemoryAllocator: ioctl_ping failed for device_type=5, ret=-1
11-30 20:56:45.172  1903  1903 E patchoat: Unable to open relocated image file  /data/dalvik-cache/x86/system@framework@boot.art
11-30 20:56:45.173  1790  1790 W zygote  : Failed execv(/system/bin/patchoat --input-image-location=/system/framework/boot.art --output-image-directory=/data/dalvik-cache/x86 --instruction-set=x86 --verify) because non-0 exit status Preemptively pruning the dalvik cache.
11-30 20:56:45.173  1790  1790 I zygote  : Pruning dalvik-cache since we are relocating an image and will need to recompile
11-30 20:56:45.174  1790  1790 I zygote  : RelocateImage: /system/bin/patchoat --input-image-location=/system/framework/boot.art --output-image-directory=/data/dalvik-cache/x86 --instruction-set=x86 --base-offset-delta=2723840
11-30 20:56:45.228  1937  1937 E hostapd : Configuration file: /data/vendor/wifi/hostapd/hostapd.conf
11-30 20:56:45.230  1937  1937 I hostapd : rfkill: Cannot get wiphy information
11-30 20:56:45.230  1937  1937 I hostapd : wlan1: interface state UNINITIALIZED->COUNTRY_UPDATE
11-30 20:56:45.438  1802  1826 I ServiceManager: Waiting for service package_native...
11-30 20:56:46.221  1934  1934 E ipv6proxy: Failed to forward Router Advertisement from eth0 to wlan1: Cannot assign requested address
11-30 20:56:46.222  1934  1934 E ipv6proxy: Failed to forward Router Advertisement from eth0 to radio0-peer: Cannot assign requested address
11-30 20:56:46.338  1790  1790 W zygote  : CheckJNI: method to register "write" not in the given class. This is slow, consider changing your RegisterNatives calls.
11-30 20:56:46.340  1790  1790 I chatty  : uid=0(root) main identical 49 lines
11-30 20:56:46.340  1790  1790 W zygote  : CheckJNI: method to register "write" not in the given class. This is slow, consider changing your RegisterNatives calls.
11-30 20:56:46.340  1790  1790 W zygote  : CheckJNI: method to register "write_non_chained" not in the given class. This is slow, consider changing your RegisterNatives calls.
11-30 20:56:46.342  1790  1790 W zygote  : CheckJNI: method to register "write_non_chained" not in the given class. This is slow, consider changing your RegisterNatives calls.
11-30 20:56:46.454  1802  1826 I ServiceManager: Waiting for service package_native...
11-30 20:56:46.526  1647  1647 D gralloc_ranchu: gralloc_alloc: Creating ashmem region of size 9334784
11-30 20:56:46.536  1790  1790 D Zygote  : begin preload
11-30 20:56:46.536  1790  1790 I Zygote  : Installing ICU cache reference pinning...
11-30 20:56:46.536  1790  1790 I Zygote  : Preloading ICU data...
11-30 20:56:46.658  1790  1790 D Zygote32Timing: BeginIcuCachePinning took to complete: 122ms
11-30 20:56:46.658  1790  1790 I Zygote  : Preloading classes...
11-30 20:56:46.702  1790  1790 I PackageBackwardCompatibility: Loaded android.content.pm.OrgApacheHttpLegacyUpdater
11-30 20:56:46.702  1790  1790 I PackageBackwardCompatibility: Could not find android.content.pm.AndroidTestBaseUpdater, ignoring
11-30 20:56:47.408  1790  1790 E ActivityRecognitionHardware: activity_recognition HAL is deprecated. class_init is effectively a no-op
11-30 20:56:47.464  1802  1826 I ServiceManager: Waiting for service package_native...
11-30 20:56:47.539  1790  1790 I zygote  : Thread[1,tid=1790,Native,Thread*=0xe7cdc000,peer=0x12d001a0,"main"] recursive attempt to load library "/system/lib/libmedia_jni.so"
11-30 20:56:47.539  1790  1790 D MtpDeviceJNI: register_android_mtp_MtpDevice
11-30 20:56:47.539  1790  1790 I zygote  : Thread[1,tid=1790,Native,Thread*=0xe7cdc000,peer=0x12d001a0,"main"] recursive attempt to load library "/system/lib/libmedia_jni.so"
11-30 20:56:47.540  1790  1790 I zygote  : Thread[1,tid=1790,Native,Thread*=0xe7cdc000,peer=0x12d001a0,"main"] recursive attempt to load library "/system/lib/libmedia_jni.so"
11-30 20:56:47.780  1790  1790 I Zygote  : ...preloaded 6535 classes in 1122ms.
11-30 20:56:47.780  1790  1790 I zygote  : VMRuntime.preloadDexCaches starting
11-30 20:56:47.799  1790  1790 I zygote  : VMRuntime.preloadDexCaches strings total=339033 before=12306 after=12306
11-30 20:56:47.799  1790  1790 I zygote  : VMRuntime.preloadDexCaches types total=31350 before=7821 after=7822
11-30 20:56:47.799  1790  1790 I zygote  : VMRuntime.preloadDexCaches fields total=140738 before=9181 after=9181
11-30 20:56:47.799  1790  1790 I zygote  : VMRuntime.preloadDexCaches methods total=247730 before=12783 after=12783
11-30 20:56:47.799  1790  1790 I zygote  : VMRuntime.preloadDexCaches finished
11-30 20:56:47.799  1790  1790 D Zygote32Timing: PreloadClasses took to complete: 1141ms
11-30 20:56:48.140  1790  1790 I Zygote  : Preloading resources...
11-30 20:56:48.164  1790  1790 W Resources: Preloaded drawable resource #0x1080265 (android:drawable/dialog_background_material) that varies with configuration!!
11-30 20:56:48.182  1790  1790 I Zygote  : ...preloaded 64 resources in 42ms.
11-30 20:56:48.184  1790  1790 I Zygote  : ...preloaded 41 resources in 2ms.
11-30 20:56:48.185  1790  1790 D Zygote32Timing: PreloadResources took to complete: 386ms
11-30 20:56:48.190  1790  1790 D libEGL  : Emulator has host GPU support, qemu.gles is set to 1.
11-30 20:56:48.191  1790  1790 E vndksupport: Could not load /vendor/lib/egl/libGLES_emulation.so from sphal namespace: dlopen failed: library "/vendor/lib/egl/libGLES_emulation.so" not found.
11-30 20:56:48.191  1790  1790 E libEGL  : load_driver(/vendor/lib/egl/libGLES_emulation.so): unknown
11-30 20:56:48.193  1790  1790 D libEGL  : loaded /vendor/lib/egl/libEGL_emulation.so
11-30 20:56:48.194  1790  1790 D libEGL  : loaded /vendor/lib/egl/libGLESv1_CM_emulation.so
11-30 20:56:48.204  1790  1790 D libEGL  : loaded /vendor/lib/egl/libGLESv2_emulation.so
11-30 20:56:48.214  1790  1790 I Zygote  : Preloading shared libraries...
11-30 20:56:48.225  1790  1790 I Zygote  : Uninstalled ICU cache reference pinning...
11-30 20:56:48.227  1790  1790 I Zygote  : Installed AndroidKeyStoreProvider in 2ms.
11-30 20:56:48.234  1790  1790 I Zygote  : Warmed up JCA providers in 7ms.
11-30 20:56:48.234  1790  1790 D Zygote  : end preload
11-30 20:56:48.234  1790  1790 D Zygote32Timing: ZygotePreload took to complete: 1698ms
11-30 20:56:48.234  1790  1790 I zygote  : Waiting for a blocking GC Explicit
11-30 20:56:48.245  1790  1790 I zygote  : WaitForGcToComplete blocked Explicit on None for 10.831ms
11-30 20:56:48.255  1790  1790 I zygote  : Explicit concurrent copying GC freed 785(29KB) AllocSpace objects, 0(0B) LOS objects, 72% free, 2MB/8MB, paused 662us total 9.865ms
11-30 20:56:48.263  1790  1790 I zygote  : Explicit concurrent copying GC freed 1055(76KB) AllocSpace objects, 0(0B) LOS objects, 73% free, 2MB/8MB, paused 427us total 7.566ms
11-30 20:56:48.264  1790  1790 D Zygote32Timing: PostZygoteInitGC took to complete: 30ms
11-30 20:56:48.264  1790  1790 D Zygote32Timing: ZygoteInit took to complete: 1731ms
11-30 20:56:48.334  1790  1790 I Zygote  : System server process 1951 has been created
11-30 20:56:48.342  1790  1790 I Zygote  : Accepting command socket connections
11-30 20:56:48.383  1951  1951 I chatty  : uid=1000 system_server expire 287 lines
11-30 20:56:48.466  1951  1951 I SystemServer: InitBeforeStartServices
11-30 20:56:48.467  1951  1951 W SystemServer: Timezone not set; setting to GMT.
11-30 20:56:48.476  1802  1826 I ServiceManager: Waiting for service package_native...
11-30 20:56:48.478  1951  1951 I SystemServer: Entered the Android system server!
11-30 20:56:48.716  1951  1951 D SystemServerTiming: InitBeforeStartServices took to complete: 250ms
11-30 20:56:48.716  1951  1951 I SystemServer: StartServices
11-30 20:56:48.717  1951  1951 I SystemServer: Reading configuration...
11-30 20:56:48.717  1951  1951 I SystemServer: ReadingSystemConfig
11-30 20:56:48.717  1951  1951 D SystemServerTiming: ReadingSystemConfig took to complete: 0ms
11-30 20:56:48.717  1951  1951 I SystemServer: StartInstaller
11-30 20:56:48.717  1951  1951 I SystemServiceManager: Starting com.android.server.pm.Installer
11-30 20:56:48.722  1951  1964 D SystemServerInitThreadPool: Started executing ReadingSystemConfig
11-30 20:56:48.726  1794  1829 D installd: Found quota mount /dev/block/dm-1 at /data
11-30 20:56:48.727  1951  1951 D SystemServerTiming: StartInstaller took to complete: 10ms
11-30 20:56:48.727  1951  1951 I SystemServer: DeviceIdentifiersPolicyService
11-30 20:56:48.728  1951  1951 I SystemServiceManager: Starting com.android.server.os.DeviceIdentifiersPolicyService
11-30 20:56:48.731  1951  1951 D SystemServerTiming: DeviceIdentifiersPolicyService took to complete: 4ms
11-30 20:56:48.731  1951  1951 I SystemServer: StartActivityManager
11-30 20:56:48.731  1951  1951 I SystemServiceManager: Starting com.android.server.am.ActivityManagerService$Lifecycle
11-30 20:56:48.787  1951  1951 I ActivityManager: Memory class: 384
11-30 20:56:48.806  1951  1964 D SystemServerInitThreadPool: Finished executing ReadingSystemConfig
11-30 20:56:48.823  1951  1951 D BatteryStatsImpl: Reading daily items from /data/system/batterystats-daily.xml
11-30 20:56:48.833  1951  1971 I chatty  : uid=1000(system) batterystats-wo expire 4 lines
11-30 20:56:48.852  1951  1971 E BatteryExternalStatsWorker: no controller energy info supplied for telephony
